 icedemo

 Timestamp is 619c3fd0 (Tue Nov 23 09:11:44 2021)

 Preferred load address is 00400000

 Start         Length     Name                   Class
 0001:00000000 0002405eH .text$mn                CODE
 0002:00000000 00000214H .idata$5                DATA
 0002:00000214 00000004H .00cfg                  DATA
 0002:00000218 00000004H .CRT$XCA                DATA
 0002:0000021c 00000004H .CRT$XCAA               DATA
 0002:00000220 00000004H .CRT$XCZ                DATA
 0002:00000224 00000004H .CRT$XIA                DATA
 0002:00000228 00000004H .CRT$XIAA               DATA
 0002:0000022c 00000004H .CRT$XIAC               DATA
 0002:00000230 00000004H .CRT$XIZ                DATA
 0002:00000234 00000004H .CRT$XPA                DATA
 0002:00000238 00000004H .CRT$XPZ                DATA
 0002:0000023c 00000004H .CRT$XTA                DATA
 0002:00000240 00000010H .CRT$XTZ                DATA
 0002:00000244 00000000H .gfids$y                DATA
 0002:00000250 00005d20H .rdata                  DATA
 0002:00005f70 00000004H .rdata$sxdata           DATA
 0002:00005f74 0000022cH .rdata$zzzdbg           DATA
 0002:000061a0 00000004H .rtc$IAA                DATA
 0002:000061a4 00000004H .rtc$IZZ                DATA
 0002:000061a8 00000004H .rtc$TAA                DATA
 0002:000061ac 00000004H .rtc$TZZ                DATA
 0002:000061b0 0000003cH .xdata$x                DATA
 0002:000061ec 00000000H .edata                  DATA
 0002:000061ec 000000f0H .idata$2                DATA
 0002:000062dc 00000014H .idata$3                DATA
 0002:000062f0 00000214H .idata$4                DATA
 0002:00006504 000007ceH .idata$6                DATA
 0003:00000000 00002268H .data                   DATA
 0003:00002268 0000157cH .bss                    DATA

  Address         Publics by Value              Rva+Base       Lib:Object

 0000:00000000       ___hybrid_code_map_count   00000000     <absolute>
 0000:00000000       ___guard_fids_table        00000000     <absolute>
 0000:00000000       ___guard_longjmp_table     00000000     <absolute>
 0000:00000000       ___guard_fids_count        00000000     <absolute>
 0000:00000000       ___guard_iat_table         00000000     <absolute>
 0000:00000000       ___dynamic_value_reloc_table 00000000     <absolute>
 0000:00000000       ___volatile_metadata       00000000     <absolute>
 0000:00000000       ___hybrid_auxiliary_iat    00000000     <absolute>
 0000:00000000       ___guard_iat_count         00000000     <absolute>
 0000:00000000       ___enclave_config          00000000     <absolute>
 0000:00000000       ___guard_longjmp_count     00000000     <absolute>
 0000:00000000       ___hybrid_code_map         00000000     <absolute>
 0000:00000001       ___safe_se_handler_count   00000001     <absolute>
 0000:00000100       ___guard_flags             00000100     <absolute>
 0000:00000000       ___ImageBase               00400000     <linker-defined>
 0001:000027b0       _main                      004037b0 f   icedemo.obj
 0001:00002cc0       ___local_stdio_printf_options 00403cc0 f i icedemo.obj
 0001:00002cd0       ___local_stdio_scanf_options 00403cd0 f i icedemo.obj
 0001:00002ce0       __snprintf                 00403ce0 f i icedemo.obj
 0001:00002d20       _printf                    00403d20 f i icedemo.obj
 0001:00002d50       _sscanf                    00403d50 f i icedemo.obj
 0001:00002d80       _pjnath_init               00403d80 f   pjnath-i386-win32-vc14-release:errno.obj
 0001:00002db0       _pjnath_perror             00403db0 f   pjnath-i386-win32-vc14-release:errno.obj
 0001:00004c80       _pj_ice_calc_foundation    00405c80 f   pjnath-i386-win32-vc14-release:ice_session.obj
 0001:00004d50       _pj_ice_get_cand_type_name 00405d50 f   pjnath-i386-win32-vc14-release:ice_session.obj
 0001:00004d70       _pj_ice_sess_add_cand      00405d70 f   pjnath-i386-win32-vc14-release:ice_session.obj
 0001:00004fc0       _pj_ice_sess_change_role   00405fc0 f   pjnath-i386-win32-vc14-release:ice_session.obj
 0001:00005010       _pj_ice_sess_create        00406010 f   pjnath-i386-win32-vc14-release:ice_session.obj
 0001:00005360       _pj_ice_sess_create_check_list 00406360 f   pjnath-i386-win32-vc14-release:ice_session.obj
 0001:000057c0       _pj_ice_sess_destroy       004067c0 f   pjnath-i386-win32-vc14-release:ice_session.obj
 0001:000057e0       _pj_ice_sess_on_rx_pkt     004067e0 f   pjnath-i386-win32-vc14-release:ice_session.obj
 0001:00005930       _pj_ice_sess_options_default 00406930 f   pjnath-i386-win32-vc14-release:ice_session.obj
 0001:00005950       _pj_ice_sess_send_data     00406950 f   pjnath-i386-win32-vc14-release:ice_session.obj
 0001:00005aa0       _pj_ice_sess_set_options   00406aa0 f   pjnath-i386-win32-vc14-release:ice_session.obj
 0001:00005b00       _pj_ice_sess_set_prefs     00406b00 f   pjnath-i386-win32-vc14-release:ice_session.obj
 0001:00005b60       _pj_ice_sess_start_check   00406b60 f   pjnath-i386-win32-vc14-release:ice_session.obj
 0001:00007430       _pj_ice_strans_cfg_default 00408430 f   pjnath-i386-win32-vc14-release:ice_strans.obj
 0001:00007500       _pj_ice_strans_create      00408500 f   pjnath-i386-win32-vc14-release:ice_strans.obj
 0001:000079a0       _pj_ice_strans_destroy     004089a0 f   pjnath-i386-win32-vc14-release:ice_strans.obj
 0001:000079c0       _pj_ice_strans_enum_cands  004089c0 f   pjnath-i386-win32-vc14-release:ice_strans.obj
 0001:00007a70       _pj_ice_strans_get_def_cand 00408a70 f   pjnath-i386-win32-vc14-release:ice_strans.obj
 0001:00007af0       _pj_ice_strans_get_role    00408af0 f   pjnath-i386-win32-vc14-release:ice_strans.obj
 0001:00007b10       _pj_ice_strans_get_running_comp_cnt 00408b10 f   pjnath-i386-win32-vc14-release:ice_strans.obj
 0001:00007b50       _pj_ice_strans_get_ufrag_pwd 00408b50 f   pjnath-i386-win32-vc14-release:ice_strans.obj
 0001:00007c00       _pj_ice_strans_has_sess    00408c00 f   pjnath-i386-win32-vc14-release:ice_strans.obj
 0001:00007c20       _pj_ice_strans_init_ice    00408c20 f   pjnath-i386-win32-vc14-release:ice_strans.obj
 0001:00007e80       _pj_ice_strans_sendto      00408e80 f   pjnath-i386-win32-vc14-release:ice_strans.obj
 0001:00008080       _pj_ice_strans_sess_is_complete 00409080 f   pjnath-i386-win32-vc14-release:ice_strans.obj
 0001:000080b0       _pj_ice_strans_sess_is_running 004090b0 f   pjnath-i386-win32-vc14-release:ice_strans.obj
 0001:000080e0       _pj_ice_strans_start_ice   004090e0 f   pjnath-i386-win32-vc14-release:ice_strans.obj
 0001:00008350       _pj_ice_strans_stop_ice    00409350 f   pjnath-i386-win32-vc14-release:ice_strans.obj
 0001:00009eb0       _pj_stun_attr_clone        0040aeb0 f   pjnath-i386-win32-vc14-release:stun_msg.obj
 0001:00009f50       _pj_stun_binary_attr_create 0040af50 f   pjnath-i386-win32-vc14-release:stun_msg.obj
 0001:00009fe0       _pj_stun_binary_attr_init  0040afe0 f   pjnath-i386-win32-vc14-release:stun_msg.obj
 0001:0000a050       _pj_stun_get_attr_name     0040b050 f   pjnath-i386-win32-vc14-release:stun_msg.obj
 0001:0000a0a0       _pj_stun_get_class_name    0040b0a0 f   pjnath-i386-win32-vc14-release:stun_msg.obj
 0001:0000a0f0       _pj_stun_get_err_reason    0040b0f0 f   pjnath-i386-win32-vc14-release:stun_msg.obj
 0001:0000a160       _pj_stun_get_method_name   0040b160 f   pjnath-i386-win32-vc14-release:stun_msg.obj
 0001:0000a180       _pj_stun_msg_add_attr      0040b180 f   pjnath-i386-win32-vc14-release:stun_msg.obj
 0001:0000a1c0       _pj_stun_msg_add_binary_attr 0040b1c0 f   pjnath-i386-win32-vc14-release:stun_msg.obj
 0001:0000a270       _pj_stun_msg_add_empty_attr 0040b270 f   pjnath-i386-win32-vc14-release:stun_msg.obj
 0001:0000a2c0       _pj_stun_msg_add_msgint_attr 0040b2c0 f   pjnath-i386-win32-vc14-release:stun_msg.obj
 0001:0000a310       _pj_stun_msg_add_sockaddr_attr 0040b310 f   pjnath-i386-win32-vc14-release:stun_msg.obj
 0001:0000a3c0       _pj_stun_msg_add_string_attr 0040b3c0 f   pjnath-i386-win32-vc14-release:stun_msg.obj
 0001:0000a460       _pj_stun_msg_add_uint64_attr 0040b460 f   pjnath-i386-win32-vc14-release:stun_msg.obj
 0001:0000a4d0       _pj_stun_msg_add_uint_attr 0040b4d0 f   pjnath-i386-win32-vc14-release:stun_msg.obj
 0001:0000a530       _pj_stun_msg_check         0040b530 f   pjnath-i386-win32-vc14-release:stun_msg.obj
 0001:0000a630       _pj_stun_msg_create        0040b630 f   pjnath-i386-win32-vc14-release:stun_msg.obj
 0001:0000a700       _pj_stun_msg_create_response 0040b700 f   pjnath-i386-win32-vc14-release:stun_msg.obj
 0001:0000a920       _pj_stun_msg_decode        0040b920 f   pjnath-i386-win32-vc14-release:stun_msg.obj
 0001:0000b020       _pj_stun_msg_encode        0040c020 f   pjnath-i386-win32-vc14-release:stun_msg.obj
 0001:0000b4c0       _pj_stun_msg_find_attr     0040c4c0 f   pjnath-i386-win32-vc14-release:stun_msg.obj
 0001:0000b500       _pj_stun_msg_init          0040c500 f   pjnath-i386-win32-vc14-release:stun_msg.obj
 0001:0000b5a0       _pj_stun_sockaddr_attr_init 0040c5a0 f   pjnath-i386-win32-vc14-release:stun_msg.obj
 0001:0000bf90       _pj_stun_msg_destroy_tdata 0040cf90 f   pjnath-i386-win32-vc14-release:stun_session.obj
 0001:0000c020       _pj_stun_session_cancel_req 0040d020 f   pjnath-i386-win32-vc14-release:stun_session.obj
 0001:0000c0b0       _pj_stun_session_create    0040d0b0 f   pjnath-i386-win32-vc14-release:stun_session.obj
 0001:0000c220       _pj_stun_session_create_ind 0040d220 f   pjnath-i386-win32-vc14-release:stun_session.obj
 0001:0000c300       _pj_stun_session_create_req 0040d300 f   pjnath-i386-win32-vc14-release:stun_session.obj
 0001:0000c450       _pj_stun_session_create_res 0040d450 f   pjnath-i386-win32-vc14-release:stun_session.obj
 0001:0000c540       _pj_stun_session_destroy   0040d540 f   pjnath-i386-win32-vc14-release:stun_session.obj
 0001:0000c620       _pj_stun_session_get_user_data 0040d620 f   pjnath-i386-win32-vc14-release:stun_session.obj
 0001:0000c640       _pj_stun_session_on_rx_pkt 0040d640 f   pjnath-i386-win32-vc14-release:stun_session.obj
 0001:0000cb50       _pj_stun_session_respond   0040db50 f   pjnath-i386-win32-vc14-release:stun_session.obj
 0001:0000cca0       _pj_stun_session_retransmit_req 0040dca0 f   pjnath-i386-win32-vc14-release:stun_session.obj
 0001:0000cd10       _pj_stun_session_send_msg  0040dd10 f   pjnath-i386-win32-vc14-release:stun_session.obj
 0001:0000cfa0       _pj_stun_session_set_credential 0040dfa0 f   pjnath-i386-win32-vc14-release:stun_session.obj
 0001:0000d020       _pj_stun_session_set_log   0040e020 f   pjnath-i386-win32-vc14-release:stun_session.obj
 0001:0000d040       _pj_stun_session_set_user_data 0040e040 f   pjnath-i386-win32-vc14-release:stun_session.obj
 0001:0000d080       _pj_stun_session_use_fingerprint 0040e080 f   pjnath-i386-win32-vc14-release:stun_session.obj
 0001:0000d2c0       _pj_stun_auth_cred_dup     0040e2c0 f   pjnath-i386-win32-vc14-release:stun_auth.obj
 0001:0000d340       _pj_stun_auth_valid_for_msg 0040e340 f   pjnath-i386-win32-vc14-release:stun_auth.obj
 0001:0000d3f0       _pj_stun_authenticate_request 0040e3f0 f   pjnath-i386-win32-vc14-release:stun_auth.obj
 0001:0000d9e0       _pj_stun_authenticate_response 0040e9e0 f   pjnath-i386-win32-vc14-release:stun_auth.obj
 0001:0000dba0       _pj_stun_create_key        0040eba0 f   pjnath-i386-win32-vc14-release:stun_auth.obj
 0001:0000dce0       _pj_stun_req_cred_info_dup 0040ece0 f   pjnath-i386-win32-vc14-release:stun_auth.obj
 0001:0000e060       _pj_stun_sock_cfg_default  0040f060 f   pjnath-i386-win32-vc14-release:stun_sock.obj
 0001:0000e110       _pj_stun_sock_create       0040f110 f   pjnath-i386-win32-vc14-release:stun_sock.obj
 0001:0000e710       _pj_stun_sock_destroy      0040f710 f   pjnath-i386-win32-vc14-release:stun_sock.obj
 0001:0000e7f0       _pj_stun_sock_get_info     0040f7f0 f   pjnath-i386-win32-vc14-release:stun_sock.obj
 0001:0000e9e0       _pj_stun_sock_get_user_data 0040f9e0 f   pjnath-i386-win32-vc14-release:stun_sock.obj
 0001:0000ea00       _pj_stun_sock_op_name      0040fa00 f   pjnath-i386-win32-vc14-release:stun_sock.obj
 0001:0000ea60       _pj_stun_sock_sendto       0040fa60 f   pjnath-i386-win32-vc14-release:stun_sock.obj
 0001:0000eb00       _pj_stun_sock_start        0040fb00 f   pjnath-i386-win32-vc14-release:stun_sock.obj
 0001:0000f950       _pj_turn_alloc_param_copy  00410950 f   pjnath-i386-win32-vc14-release:turn_session.obj
 0001:0000f970       _pj_turn_alloc_param_default 00410970 f   pjnath-i386-win32-vc14-release:turn_session.obj
 0001:0000f980       _pj_turn_session_alloc     00410980 f   pjnath-i386-win32-vc14-release:turn_session.obj
 0001:0000fb70       _pj_turn_session_bind_channel 00410b70 f   pjnath-i386-win32-vc14-release:turn_session.obj
 0001:0000fd30       _pj_turn_session_create    00410d30 f   pjnath-i386-win32-vc14-release:turn_session.obj
 0001:0000ff00       _pj_turn_session_destroy   00410f00 f   pjnath-i386-win32-vc14-release:turn_session.obj
 0001:0000ff80       _pj_turn_session_get_info  00410f80 f   pjnath-i386-win32-vc14-release:turn_session.obj
 0001:00010030       _pj_turn_session_get_user_data 00411030 f   pjnath-i386-win32-vc14-release:turn_session.obj
 0001:00010040       _pj_turn_session_on_rx_pkt 00411040 f   pjnath-i386-win32-vc14-release:turn_session.obj
 0001:000101b0       _pj_turn_session_sendto    004111b0 f   pjnath-i386-win32-vc14-release:turn_session.obj
 0001:000104e0       _pj_turn_session_set_credential 004114e0 f   pjnath-i386-win32-vc14-release:turn_session.obj
 0001:00010530       _pj_turn_session_set_log   00411530 f   pjnath-i386-win32-vc14-release:turn_session.obj
 0001:00010550       _pj_turn_session_set_perm  00411550 f   pjnath-i386-win32-vc14-release:turn_session.obj
 0001:00010730       _pj_turn_session_set_server 00411730 f   pjnath-i386-win32-vc14-release:turn_session.obj
 0001:00010a70       _pj_turn_session_set_user_data 00411a70 f   pjnath-i386-win32-vc14-release:turn_session.obj
 0001:00010a80       _pj_turn_session_shutdown  00411a80 f   pjnath-i386-win32-vc14-release:turn_session.obj
 0001:00010ac0       _pj_turn_state_name        00411ac0 f   pjnath-i386-win32-vc14-release:turn_session.obj
 0001:000117d0       _pj_turn_sock_alloc        004127d0 f   pjnath-i386-win32-vc14-release:turn_sock.obj
 0001:000118d0       _pj_turn_sock_bind_channel 004128d0 f   pjnath-i386-win32-vc14-release:turn_sock.obj
 0001:00011910       _pj_turn_sock_cfg_default  00412910 f   pjnath-i386-win32-vc14-release:turn_sock.obj
 0001:00011990       _pj_turn_sock_create       00412990 f   pjnath-i386-win32-vc14-release:turn_sock.obj
 0001:00011bc0       _pj_turn_sock_destroy      00412bc0 f   pjnath-i386-win32-vc14-release:turn_sock.obj
 0001:00011c10       _pj_turn_sock_get_info     00412c10 f   pjnath-i386-win32-vc14-release:turn_sock.obj
 0001:00011c60       _pj_turn_sock_get_user_data 00412c60 f   pjnath-i386-win32-vc14-release:turn_sock.obj
 0001:00011c80       _pj_turn_sock_sendto       00412c80 f   pjnath-i386-win32-vc14-release:turn_sock.obj
 0001:00011cc0       _pj_turn_sock_set_log      00412cc0 f   pjnath-i386-win32-vc14-release:turn_sock.obj
 0001:00011ce0       _pj_turn_sock_set_perm     00412ce0 f   pjnath-i386-win32-vc14-release:turn_sock.obj
 0001:00011d00       _pj_turn_sock_set_user_data 00412d00 f   pjnath-i386-win32-vc14-release:turn_sock.obj
 0001:00011d80       __initialize_denormal_control 00412d80 f   MSVCRT:denormal_control.obj
 0001:00011d80       @_guard_check_icall_nop@4  00412d80 f   MSVCRT:guard_support.obj
 0001:00011d80       __initialize_invalid_parameter_handler 00412d80 f   MSVCRT:invalid_parameter_handler.obj
 0001:00012350       _pj_stun_msg_dump          00413350 f   pjnath-i386-win32-vc14-release:stun_msg_dump.obj
 0001:00012850       _sprintf                   00413850 f i pjnath-i386-win32-vc14-release:stun_msg_dump.obj
 0001:000128b0       _pj_stun_client_tsx_create 004138b0 f   pjnath-i386-win32-vc14-release:stun_transaction.obj
 0001:00012960       __get_startup_commit_mode  00413960 f   MSVCRT:commit_mode.obj
 0001:00012960       ___scrt_initialize_winrt   00413960 f   MSVCRT:utility_desktop.obj
 0001:00012960       __matherr                  00413960 f   MSVCRT:matherr.obj
 0001:00012960       ___scrt_stub_for_initialize_mta 00413960 f   MSVCRT:utility_desktop.obj
 0001:00012960       ___scrt_exe_initialize_mta 00413960 f   MSVCRT:utility_desktop.obj
 0001:00012960       __get_startup_new_mode     00413960 f   MSVCRT:new_mode.obj
 0001:00012960       __get_startup_thread_locale_mode 00413960 f   MSVCRT:thread_locale.obj
 0001:00012960       _pj_stun_client_tsx_destroy 00413960 f   pjnath-i386-win32-vc14-release:stun_transaction.obj
 0001:00012970       _pj_stun_client_tsx_get_data 00413970 f   pjnath-i386-win32-vc14-release:stun_transaction.obj
 0001:00012990       _pj_stun_client_tsx_on_rx_msg 00413990 f   pjnath-i386-win32-vc14-release:stun_transaction.obj
 0001:00012a60       _pj_stun_client_tsx_retransmit 00413a60 f   pjnath-i386-win32-vc14-release:stun_transaction.obj
 0001:00012aa0       _pj_stun_client_tsx_schedule_destroy 00413aa0 f   pjnath-i386-win32-vc14-release:stun_transaction.obj
 0001:00012b50       _pj_stun_client_tsx_send_msg 00413b50 f   pjnath-i386-win32-vc14-release:stun_transaction.obj
 0001:00012c50       _pj_stun_client_tsx_set_data 00413c50 f   pjnath-i386-win32-vc14-release:stun_transaction.obj
 0001:00012c70       _pj_stun_client_tsx_stop   00413c70 f   pjnath-i386-win32-vc14-release:stun_transaction.obj
 0001:00012eb0       _pjlib_util_init           00413eb0 f   pjlib-util-i386-win32-vc14-release:errno.obj
 0001:00012ed0       _pjlib_util_strerror       00413ed0 f   pjlib-util-i386-win32-vc14-release:errno.obj
 0001:00013850       _pj_getopt_long            00414850 f   pjlib-util-i386-win32-vc14-release:getopt.obj
 0001:000140e0       _pj_dns_parse_addr_response 004150e0 f   pjlib-util-i386-win32-vc14-release:resolver.obj
 0001:000143b0       _pj_dns_resolver_cancel_query 004153b0 f   pjlib-util-i386-win32-vc14-release:resolver.obj
 0001:00014430       _pj_dns_resolver_create    00415430 f   pjlib-util-i386-win32-vc14-release:resolver.obj
 0001:000146c0       _pj_dns_resolver_destroy   004156c0 f   pjlib-util-i386-win32-vc14-release:resolver.obj
 0001:00014860       _pj_dns_resolver_set_ns    00415860 f   pjlib-util-i386-win32-vc14-release:resolver.obj
 0001:000149b0       _pj_dns_resolver_start_query 004159b0 f   pjlib-util-i386-win32-vc14-release:resolver.obj
 0001:00015530       _pj_crc32_calc             00416530 f   pjlib-util-i386-win32-vc14-release:crc32.obj
 0001:000155e0       _pj_hmac_sha1_final        004165e0 f   pjlib-util-i386-win32-vc14-release:hmac_sha1.obj
 0001:00015620       _pj_hmac_sha1_init         00416620 f   pjlib-util-i386-win32-vc14-release:hmac_sha1.obj
 0001:00015700       _pj_hmac_sha1_update       00416700 f   pjlib-util-i386-win32-vc14-release:hmac_sha1.obj
 0001:00015d90       _pj_md5_final              00416d90 f   pjlib-util-i386-win32-vc14-release:md5.obj
 0001:00015e20       _pj_md5_init               00416e20 f   pjlib-util-i386-win32-vc14-release:md5.obj
 0001:00015e60       _pj_md5_update             00416e60 f   pjlib-util-i386-win32-vc14-release:md5.obj
 0001:00016dc0       _pj_dns_srv_cancel_query   00417dc0 f   pjlib-util-i386-win32-vc14-release:srv_resolver.obj
 0001:00016e90       _pj_dns_srv_resolve        00417e90 f   pjlib-util-i386-win32-vc14-release:srv_resolver.obj
 0001:000175d0       _pj_dns_get_type_name      004185d0 f   pjlib-util-i386-win32-vc14-release:dns.obj
 0001:00017680       _pj_dns_make_query         00418680 f   pjlib-util-i386-win32-vc14-release:dns.obj
 0001:00017770       _pj_dns_packet_dup         00418770 f   pjlib-util-i386-win32-vc14-release:dns.obj
 0001:00017a40       _pj_dns_parse_packet       00418a40 f   pjlib-util-i386-win32-vc14-release:dns.obj
 0001:00018fe0       _pj_sha1_final             00419fe0 f   pjlib-util-i386-win32-vc14-release:sha1.obj
 0001:00019180       _pj_sha1_init              0041a180 f   pjlib-util-i386-win32-vc14-release:sha1.obj
 0001:000191c0       _pj_sha1_update            0041a1c0 f   pjlib-util-i386-win32-vc14-release:sha1.obj
 0001:000192a0       _pj_get_version            0041a2a0 f   pjlib-i386-win32-vc14-release:config.obj
 0001:00019350       _pj_atexit                 0041a350 f   pjlib-i386-win32-vc14-release:os_core_win32.obj
 0001:00019380       _pj_atomic_create          0041a380 f   pjlib-i386-win32-vc14-release:os_core_win32.obj
 0001:000193b0       _pj_atomic_dec_and_get     0041a3b0 f   pjlib-i386-win32-vc14-release:os_core_win32.obj
 0001:00019400       _pj_atomic_destroy         0041a400 f   pjlib-i386-win32-vc14-release:os_core_win32.obj
 0001:00019420       _pj_atomic_get             0041a420 f   pjlib-i386-win32-vc14-release:os_core_win32.obj
 0001:00019470       _pj_atomic_inc             0041a470 f   pjlib-i386-win32-vc14-release:os_core_win32.obj
 0001:000194c0       _pj_enter_critical_section 0041a4c0 f   pjlib-i386-win32-vc14-release:os_core_win32.obj
 0001:00019520       _pj_getpid                 0041a520 f   pjlib-i386-win32-vc14-release:os_core_win32.obj
 0001:00019570       _pj_init                   0041a570 f   pjlib-i386-win32-vc14-release:os_core_win32.obj
 0001:00019780       _pj_leave_critical_section 0041a780 f   pjlib-i386-win32-vc14-release:os_core_win32.obj
 0001:000197e0       _pj_mutex_create           0041a7e0 f   pjlib-i386-win32-vc14-release:os_core_win32.obj
 0001:00019830       _pj_mutex_create_simple    0041a830 f   pjlib-i386-win32-vc14-release:os_core_win32.obj
 0001:00019880       _pj_mutex_destroy          0041a880 f   pjlib-i386-win32-vc14-release:os_core_win32.obj
 0001:000198f0       _pj_mutex_lock             0041a8f0 f   pjlib-i386-win32-vc14-release:os_core_win32.obj
 0001:00019960       _pj_mutex_trylock          0041a960 f   pjlib-i386-win32-vc14-release:os_core_win32.obj
 0001:000199e0       _pj_mutex_unlock           0041a9e0 f   pjlib-i386-win32-vc14-release:os_core_win32.obj
 0001:00019a50       _pj_sem_destroy            0041aa50 f   pjlib-i386-win32-vc14-release:os_core_win32.obj
 0001:00019ae0       _pj_sem_post               0041aae0 f   pjlib-i386-win32-vc14-release:os_core_win32.obj
 0001:00019b80       _pj_sem_trywait            0041ab80 f   pjlib-i386-win32-vc14-release:os_core_win32.obj
 0001:00019be0       _pj_sem_wait               0041abe0 f   pjlib-i386-win32-vc14-release:os_core_win32.obj
 0001:00019cf0       _pj_shutdown               0041acf0 f   pjlib-i386-win32-vc14-release:os_core_win32.obj
 0001:00019e30       _pj_term_set_color         0041ae30 f   pjlib-i386-win32-vc14-release:os_core_win32.obj
 0001:00019f00       _pj_thread_check_stack     0041af00 f   pjlib-i386-win32-vc14-release:os_core_win32.obj
 0001:00019f50       _pj_thread_create          0041af50 f   pjlib-i386-win32-vc14-release:os_core_win32.obj
 0001:0001a0a0       _pj_thread_destroy         0041b0a0 f   pjlib-i386-win32-vc14-release:os_core_win32.obj
 0001:0001a130       _pj_thread_get_name        0041b130 f   pjlib-i386-win32-vc14-release:os_core_win32.obj
 0001:0001a180       _pj_thread_join            0041b180 f   pjlib-i386-win32-vc14-release:os_core_win32.obj
 0001:0001a240       _pj_thread_local_alloc     0041b240 f   pjlib-i386-win32-vc14-release:os_core_win32.obj
 0001:0001a290       _pj_thread_local_free      0041b290 f   pjlib-i386-win32-vc14-release:os_core_win32.obj
 0001:0001a2e0       _pj_thread_local_get       0041b2e0 f   pjlib-i386-win32-vc14-release:os_core_win32.obj
 0001:0001a2f0       _pj_thread_local_set       0041b2f0 f   pjlib-i386-win32-vc14-release:os_core_win32.obj
 0001:0001a330       _pj_thread_sleep           0041b330 f   pjlib-i386-win32-vc14-release:os_core_win32.obj
 0001:0001a380       _pj_thread_this            0041b380 f   pjlib-i386-win32-vc14-release:os_core_win32.obj
 0001:0001a4d0       _ioqueue_dispatch_read_event 0041b4d0 f   pjlib-i386-win32-vc14-release:ioqueue_select.obj
 0001:0001a6e0       _ioqueue_dispatch_write_event 0041b6e0 f   pjlib-i386-win32-vc14-release:ioqueue_select.obj
 0001:0001a970       _pj_ioqueue_accept         0041b970 f   pjlib-i386-win32-vc14-release:ioqueue_select.obj
 0001:0001aac0       _pj_ioqueue_connect        0041bac0 f   pjlib-i386-win32-vc14-release:ioqueue_select.obj
 0001:0001aba0       _pj_ioqueue_create         0041bba0 f   pjlib-i386-win32-vc14-release:ioqueue_select.obj
 0001:0001ad70       _pj_ioqueue_destroy        0041bd70 f   pjlib-i386-win32-vc14-release:ioqueue_select.obj
 0001:0001ae30       _pj_ioqueue_get_user_data  0041be30 f   pjlib-i386-win32-vc14-release:ioqueue_select.obj
 0001:0001ae50       _pj_ioqueue_is_pending     0041be50 f   pjlib-i386-win32-vc14-release:ioqueue_select.obj
 0001:0001ae60       _pj_ioqueue_lock_key       0041be60 f   pjlib-i386-win32-vc14-release:ioqueue_select.obj
 0001:0001ae90       _pj_ioqueue_op_key_init    0041be90 f   pjlib-i386-win32-vc14-release:ioqueue_select.obj
 0001:0001aeb0       _pj_ioqueue_poll           0041beb0 f   pjlib-i386-win32-vc14-release:ioqueue_select.obj
 0001:0001b390       _pj_ioqueue_recv           0041c390 f   pjlib-i386-win32-vc14-release:ioqueue_select.obj
 0001:0001b4b0       _pj_ioqueue_recvfrom       0041c4b0 f   pjlib-i386-win32-vc14-release:ioqueue_select.obj
 0001:0001b5e0       _pj_ioqueue_register_sock2 0041c5e0 f   pjlib-i386-win32-vc14-release:ioqueue_select.obj
 0001:0001b770       _pj_ioqueue_send           0041c770 f   pjlib-i386-win32-vc14-release:ioqueue_select.obj
 0001:0001b910       _pj_ioqueue_sendto         0041c910 f   pjlib-i386-win32-vc14-release:ioqueue_select.obj
 0001:0001bab0       _pj_ioqueue_set_concurrency 0041cab0 f   pjlib-i386-win32-vc14-release:ioqueue_select.obj
 0001:0001bad0       _pj_ioqueue_unlock_key     0041cad0 f   pjlib-i386-win32-vc14-release:ioqueue_select.obj
 0001:0001bb00       _pj_ioqueue_unregister     0041cb00 f   pjlib-i386-win32-vc14-release:ioqueue_select.obj
 0001:0001bcc0       _pj_gethostip              0041ccc0 f   pjlib-i386-win32-vc14-release:sock_common.obj
 0001:0001c680       _pj_getipinterface         0041d680 f   pjlib-i386-win32-vc14-release:sock_common.obj
 0001:0001c890       _pj_sock_bind_random       0041d890 f   pjlib-i386-win32-vc14-release:sock_common.obj
 0001:0001ca10       _pj_sock_setsockopt_sobuf  0041da10 f   pjlib-i386-win32-vc14-release:sock_common.obj
 0001:0001cb50       _pj_sockaddr_cmp           0041db50 f   pjlib-i386-win32-vc14-release:sock_common.obj
 0001:0001ccd0       _pj_sockaddr_cp            0041dcd0 f   pjlib-i386-win32-vc14-release:sock_common.obj
 0001:0001cd30       _pj_sockaddr_get_addr      0041dd30 f   pjlib-i386-win32-vc14-release:sock_common.obj
 0001:0001cd70       _pj_sockaddr_get_addr_len  0041dd70 f   pjlib-i386-win32-vc14-release:sock_common.obj
 0001:0001cdb0       _pj_sockaddr_get_len       0041ddb0 f   pjlib-i386-win32-vc14-release:sock_common.obj
 0001:0001cdf0       _pj_sockaddr_get_port      0041ddf0 f   pjlib-i386-win32-vc14-release:sock_common.obj
 0001:0001ce20       _pj_sockaddr_has_addr      0041de20 f   pjlib-i386-win32-vc14-release:sock_common.obj
 0001:0001ced0       _pj_sockaddr_in_set_str_addr 0041ded0 f   pjlib-i386-win32-vc14-release:sock_common.obj
 0001:0001cfc0       _pj_sockaddr_init          0041dfc0 f   pjlib-i386-win32-vc14-release:sock_common.obj
 0001:0001d160       _pj_sockaddr_print         0041e160 f   pjlib-i386-win32-vc14-release:sock_common.obj
 0001:0001d270       _pj_sockaddr_set_port      0041e270 f   pjlib-i386-win32-vc14-release:sock_common.obj
 0001:0001d2b0       _pj_sockaddr_set_str_addr  0041e2b0 f   pjlib-i386-win32-vc14-release:sock_common.obj
 0001:0001d3b0       _pj_sockaddr_synthesize    0041e3b0 f   pjlib-i386-win32-vc14-release:sock_common.obj
 0001:0001d510       _pj_get_netos_error        0041e510 f   pjlib-i386-win32-vc14-release:os_error_win32.obj
 0001:0001d530       _platform_strerror         0041e530 f   pjlib-i386-win32-vc14-release:os_error_win32.obj
 0001:0001d630       _pj_errno_clear_handlers   0041e630 f   pjlib-i386-win32-vc14-release:errno.obj
 0001:0001d650       _pj_perror                 0041e650 f   pjlib-i386-win32-vc14-release:errno.obj
 0001:0001d670       _pj_perror_2               0041e670 f   pjlib-i386-win32-vc14-release:errno.obj
 0001:0001d690       _pj_perror_3               0041e690 f   pjlib-i386-win32-vc14-release:errno.obj
 0001:0001d6b0       _pj_perror_4               0041e6b0 f   pjlib-i386-win32-vc14-release:errno.obj
 0001:0001d6d0       _pj_perror_5               0041e6d0 f   pjlib-i386-win32-vc14-release:errno.obj
 0001:0001d8c0       _pj_register_strerror      0041e8c0 f   pjlib-i386-win32-vc14-release:errno.obj
 0001:0001d990       _pj_strerror               0041e990 f   pjlib-i386-win32-vc14-release:errno.obj
 0001:0001dad0       _pj_log_write              0041ead0 f   pjlib-i386-win32-vc14-release:log_writer_stdout.obj
 0001:0001db70       _pj_log                    0041eb70 f   pjlib-i386-win32-vc14-release:log.obj
 0001:0001e070       _pj_log_1                  0041f070 f   pjlib-i386-win32-vc14-release:log.obj
 0001:0001e090       _pj_log_3                  0041f090 f   pjlib-i386-win32-vc14-release:log.obj
 0001:0001e0b0       _pj_log_4                  0041f0b0 f   pjlib-i386-win32-vc14-release:log.obj
 0001:0001e0d0       _pj_log_5                  0041f0d0 f   pjlib-i386-win32-vc14-release:log.obj
 0001:0001e0f0       _pj_log_get_color          0041f0f0 f   pjlib-i386-win32-vc14-release:log.obj
 0001:0001e160       _pj_log_get_decor          0041f160 f   pjlib-i386-win32-vc14-release:log.obj
 0001:0001e170       _pj_log_get_level          0041f170 f   pjlib-i386-win32-vc14-release:log.obj
 0001:0001e180       _pj_log_init               0041f180 f   pjlib-i386-win32-vc14-release:log.obj
 0001:0001e1f0       _pj_log_pop_indent         0041f1f0 f   pjlib-i386-win32-vc14-release:log.obj
 0001:0001e220       _pj_log_push_indent        0041f220 f   pjlib-i386-win32-vc14-release:log.obj
 0001:0001e250       _pj_log_set_log_func       0041f250 f   pjlib-i386-win32-vc14-release:log.obj
 0001:0001e260       _pj_create_random_string   0041f260 f   pjlib-i386-win32-vc14-release:string.obj
 0001:0001e370       _pj_str                    0041f370 f   pjlib-i386-win32-vc14-release:string.obj
 0001:0001e390       _pj_strcat                 0041f390 f   pjlib-i386-win32-vc14-release:string.obj
 0001:0001e3c0       _pj_strcat2                0041f3c0 f   pjlib-i386-win32-vc14-release:string.obj
 0001:0001e400       _pj_strcmp                 0041f400 f   pjlib-i386-win32-vc14-release:string.obj
 0001:0001e4b0       _pj_strcpy                 0041f4b0 f   pjlib-i386-win32-vc14-release:string.obj
 0001:0001e4e0       _pj_strdup                 0041f4e0 f   pjlib-i386-win32-vc14-release:string.obj
 0001:0001e520       _pj_strdup2                0041f520 f   pjlib-i386-win32-vc14-release:string.obj
 0001:0001e580       _pj_strdup2_with_null      0041f580 f   pjlib-i386-win32-vc14-release:string.obj
 0001:0001e5e0       _pj_stricmp                0041f5e0 f   pjlib-i386-win32-vc14-release:string.obj
 0001:0001e640       _pj_strncpy                0041f640 f   pjlib-i386-win32-vc14-release:string.obj
 0001:0001e680       _pj_strncpy_with_null      0041f680 f   pjlib-i386-win32-vc14-release:string.obj
 0001:0001e6c0       _pj_utoa                   0041f6c0 f   pjlib-i386-win32-vc14-release:string.obj
 0001:0001e740       _pj_utoa_pad               0041f740 f   pjlib-i386-win32-vc14-release:string.obj
 0001:0001e7e0       _pj_pool_alloc             0041f7e0 f   pjlib-i386-win32-vc14-release:pool.obj
 0001:0001e950       _pj_pool_calloc            0041f950 f   pjlib-i386-win32-vc14-release:pool.obj
 0001:0001e980       _pj_pool_create            0041f980 f   pjlib-i386-win32-vc14-release:pool.obj
 0001:0001e990       _pj_pool_create_int        0041f990 f   pjlib-i386-win32-vc14-release:pool.obj
 0001:0001eaa0       _pj_pool_destroy_int       0041faa0 f   pjlib-i386-win32-vc14-release:pool.obj
 0001:0001eae0       _pj_pool_get_capacity      0041fae0 f   pjlib-i386-win32-vc14-release:pool.obj
 0001:0001eaf0       _pj_pool_get_used_size     0041faf0 f   pjlib-i386-win32-vc14-release:pool.obj
 0001:0001eb20       _pj_pool_getobjname        0041fb20 f   pjlib-i386-win32-vc14-release:pool.obj
 0001:0001eb30       _pj_pool_init_int          0041fb30 f   pjlib-i386-win32-vc14-release:pool.obj
 0001:0001eba0       _pj_pool_release           0041fba0 f   pjlib-i386-win32-vc14-release:pool.obj
 0001:0001ebc0       _pj_pool_reset             0041fbc0 f   pjlib-i386-win32-vc14-release:pool.obj
 0001:0001ebd0       _pj_pool_safe_release      0041fbd0 f   pjlib-i386-win32-vc14-release:pool.obj
 0001:0001f000       _pj_caching_pool_destroy   00420000 f   pjlib-i386-win32-vc14-release:pool_caching.obj
 0001:0001f0e0       _pj_caching_pool_init      004200e0 f   pjlib-i386-win32-vc14-release:pool_caching.obj
 0001:0001f260       _pj_timer_entry_init       00420260 f   pjlib-i386-win32-vc14-release:timer.obj
 0001:0001f290       _pj_timer_heap_cancel      00420290 f   pjlib-i386-win32-vc14-release:timer.obj
 0001:0001f2b0       _pj_timer_heap_cancel_if_active 004202b0 f   pjlib-i386-win32-vc14-release:timer.obj
 0001:0001f2d0       _pj_timer_heap_create      004202d0 f   pjlib-i386-win32-vc14-release:timer.obj
 0001:0001f480       _pj_timer_heap_destroy     00420480 f   pjlib-i386-win32-vc14-release:timer.obj
 0001:0001f4b0       _pj_timer_heap_poll        004204b0 f   pjlib-i386-win32-vc14-release:timer.obj
 0001:0001f680       _pj_timer_heap_schedule_w_grp_lock 00420680 f   pjlib-i386-win32-vc14-release:timer.obj
 0001:0001fa60       _pj_gethostname            00420a60 f   pjlib-i386-win32-vc14-release:sock_bsd.obj
 0001:0001fae0       _pj_htonl                  00420ae0 f   pjlib-i386-win32-vc14-release:sock_bsd.obj
 0001:0001faf0       _pj_htons                  00420af0 f   pjlib-i386-win32-vc14-release:sock_bsd.obj
 0001:0001fb00       _pj_inet_aton              00420b00 f   pjlib-i386-win32-vc14-release:sock_bsd.obj
 0001:0001fb90       _pj_inet_ntop              00420b90 f   pjlib-i386-win32-vc14-release:sock_bsd.obj
 0001:0001fcb0       _pj_inet_pton              00420cb0 f   pjlib-i386-win32-vc14-release:sock_bsd.obj
 0001:0001fe10       _pj_ntohl                  00420e10 f   pjlib-i386-win32-vc14-release:sock_bsd.obj
 0001:0001fe20       _pj_ntohs                  00420e20 f   pjlib-i386-win32-vc14-release:sock_bsd.obj
 0001:0001fe30       _pj_sock_accept            00420e30 f   pjlib-i386-win32-vc14-release:sock_bsd.obj
 0001:0001fea0       _pj_sock_bind              00420ea0 f   pjlib-i386-win32-vc14-release:sock_bsd.obj
 0001:0001ff10       _pj_sock_bind_in           00420f10 f   pjlib-i386-win32-vc14-release:sock_bsd.obj
 0001:0001ffe0       _pj_sock_close             00420fe0 f   pjlib-i386-win32-vc14-release:sock_bsd.obj
 0001:00020030       _pj_sock_connect           00421030 f   pjlib-i386-win32-vc14-release:sock_bsd.obj
 0001:00020090       _pj_sock_getsockname       00421090 f   pjlib-i386-win32-vc14-release:sock_bsd.obj
 0001:000200f0       _pj_sock_getsockopt        004210f0 f   pjlib-i386-win32-vc14-release:sock_bsd.obj
 0001:00020160       _pj_sock_recv              00421160 f   pjlib-i386-win32-vc14-release:sock_bsd.obj
 0001:000201d0       _pj_sock_recvfrom          004211d0 f   pjlib-i386-win32-vc14-release:sock_bsd.obj
 0001:00020240       _pj_sock_send              00421240 f   pjlib-i386-win32-vc14-release:sock_bsd.obj
 0001:000202b0       _pj_sock_sendto            004212b0 f   pjlib-i386-win32-vc14-release:sock_bsd.obj
 0001:00020320       _pj_sock_setsockopt        00421320 f   pjlib-i386-win32-vc14-release:sock_bsd.obj
 0001:000203a0       _pj_sock_socket            004213a0 f   pjlib-i386-win32-vc14-release:sock_bsd.obj
 0001:00020450       _pj_time_val_normalize     00421450 f   pjlib-i386-win32-vc14-release:types.obj
 0001:00020790       _pj_grp_lock_acquire       00421790 f   pjlib-i386-win32-vc14-release:lock.obj
 0001:000207a0       _pj_grp_lock_add_handler   004217a0 f   pjlib-i386-win32-vc14-release:lock.obj
 0001:000207f0       _pj_grp_lock_add_ref       004217f0 f   pjlib-i386-win32-vc14-release:lock.obj
 0001:00020810       _pj_grp_lock_create        00421810 f   pjlib-i386-win32-vc14-release:lock.obj
 0001:00020900       _pj_grp_lock_create_w_handler 00421900 f   pjlib-i386-win32-vc14-release:lock.obj
 0001:00020a20       _pj_grp_lock_dec_ref       00421a20 f   pjlib-i386-win32-vc14-release:lock.obj
 0001:00020a50       _pj_grp_lock_get_ref       00421a50 f   pjlib-i386-win32-vc14-release:lock.obj
 0001:00020a70       _pj_grp_lock_release       00421a70 f   pjlib-i386-win32-vc14-release:lock.obj
 0001:00020a80       _pj_grp_lock_tryacquire    00421a80 f   pjlib-i386-win32-vc14-release:lock.obj
 0001:00020a90       _pj_lock_acquire           00421a90 f   pjlib-i386-win32-vc14-release:lock.obj
 0001:00020ab0       _pj_lock_create_null_mutex 00421ab0 f   pjlib-i386-win32-vc14-release:lock.obj
 0001:00020ad0       _pj_lock_create_recursive_mutex 00421ad0 f   pjlib-i386-win32-vc14-release:lock.obj
 0001:00020af0       _pj_lock_create_simple_mutex 00421af0 f   pjlib-i386-win32-vc14-release:lock.obj
 0001:00020b10       _pj_lock_destroy           00421b10 f   pjlib-i386-win32-vc14-release:lock.obj
 0001:00020b30       _pj_lock_release           00421b30 f   pjlib-i386-win32-vc14-release:lock.obj
 0001:00020b50       _pj_lock_tryacquire        00421b50 f   pjlib-i386-win32-vc14-release:lock.obj
 0001:00020b70       _pj_list_erase             00421b70 f   pjlib-i386-win32-vc14-release:list.obj
 0001:00020b90       _pj_list_insert_after      00421b90 f   pjlib-i386-win32-vc14-release:list.obj
 0001:00020bb0       _pj_list_insert_before     00421bb0 f   pjlib-i386-win32-vc14-release:list.obj
 0001:00020bd0       _pj_array_erase            00421bd0 f   pjlib-i386-win32-vc14-release:array.obj
 0001:00020e20       _pj_hash_calc              00421e20 f   pjlib-i386-win32-vc14-release:hash.obj
 0001:00020eb0       _pj_hash_create            00421eb0 f   pjlib-i386-win32-vc14-release:hash.obj
 0001:00020f00       _pj_hash_first             00421f00 f   pjlib-i386-win32-vc14-release:hash.obj
 0001:00020f40       _pj_hash_get               00421f40 f   pjlib-i386-win32-vc14-release:hash.obj
 0001:00020f70       _pj_hash_next              00421f70 f   pjlib-i386-win32-vc14-release:hash.obj
 0001:00020fc0       _pj_hash_set               00421fc0 f   pjlib-i386-win32-vc14-release:hash.obj
 0001:00021020       _pj_hash_set_np            00422020 f   pjlib-i386-win32-vc14-release:hash.obj
 0001:00021080       _pj_hash_this              00422080 f   pjlib-i386-win32-vc14-release:hash.obj
 0001:000210a0       _pj_rand                   004220a0 f   pjlib-i386-win32-vc14-release:rand.obj
 0001:000210d0       _pj_gettimeofday           004220d0 f   pjlib-i386-win32-vc14-release:os_time_win32.obj
 0001:00021180       _pj_time_decode            00422180 f   pjlib-i386-win32-vc14-release:os_time_win32.obj
 0001:00021230       _pj_qos_get_params         00422230 f   pjlib-i386-win32-vc14-release:sock_qos_common.obj
 0001:00021260       _pj_sock_apply_qos2        00422260 f   pjlib-i386-win32-vc14-release:sock_qos_common.obj
 0001:00021720       _pj_activesock_cfg_default 00422720 f   pjlib-i386-win32-vc14-release:activesock.obj
 0001:00021750       _pj_activesock_close       00422750 f   pjlib-i386-win32-vc14-release:activesock.obj
 0001:000217a0       _pj_activesock_create      004227a0 f   pjlib-i386-win32-vc14-release:activesock.obj
 0001:00021910       _pj_activesock_get_user_data 00422910 f   pjlib-i386-win32-vc14-release:activesock.obj
 0001:00021930       _pj_activesock_send        00422930 f   pjlib-i386-win32-vc14-release:activesock.obj
 0001:00021a00       _pj_activesock_sendto      00422a00 f   pjlib-i386-win32-vc14-release:activesock.obj
 0001:00021a60       _pj_activesock_start_connect 00422a60 f   pjlib-i386-win32-vc14-release:activesock.obj
 0001:00021a90       _pj_activesock_start_read  00422a90 f   pjlib-i386-win32-vc14-release:activesock.obj
 0001:00021bb0       _pj_activesock_start_recvfrom 00422bb0 f   pjlib-i386-win32-vc14-release:activesock.obj
 0001:00021d60       _pj_getaddrinfo            00422d60 f   pjlib-i386-win32-vc14-release:addr_resolv_sock.obj
 0001:00022260       _pj_enum_ip_interface      00423260 f   pjlib-i386-win32-vc14-release:ip_helper_win32.obj
 0001:00022530       _pj_exception_id_alloc     00423530 f   pjlib-i386-win32-vc14-release:except.obj
 0001:00022580       _pj_exception_id_free      00423580 f   pjlib-i386-win32-vc14-release:except.obj
 0001:000225c0       _pj_pop_exception_handler_ 004235c0 f   pjlib-i386-win32-vc14-release:except.obj
 0001:000225f0       _pj_push_exception_handler_ 004235f0 f   pjlib-i386-win32-vc14-release:except.obj
 0001:00022640       _pj_throw_exception_       00423640 f   pjlib-i386-win32-vc14-release:except.obj
 0001:000226c0       _pj_pool_create_on_buf     004236c0 f   pjlib-i386-win32-vc14-release:pool_buf.obj
 0001:000227d0       _pj_get_timestamp          004237d0 f   pjlib-i386-win32-vc14-release:os_timestamp_win32.obj
 0001:00022830       _pj_get_timestamp_freq     00423830 f   pjlib-i386-win32-vc14-release:os_timestamp_win32.obj
 0001:00022890       _pj_generate_unique_string 00423890 f   pjlib-i386-win32-vc14-release:guid_win32.obj
 0001:00022940       _pj_gettickcount           00423940 f   pjlib-i386-win32-vc14-release:os_timestamp_common.obj
 0001:00022a10       _PJ_FD_CLR                 00423a10 f   pjlib-i386-win32-vc14-release:sock_select.obj
 0001:00022a90       _PJ_FD_COUNT               00423a90 f   pjlib-i386-win32-vc14-release:sock_select.obj
 0001:00022aa0       _PJ_FD_ISSET               00423aa0 f   pjlib-i386-win32-vc14-release:sock_select.obj
 0001:00022ad0       _PJ_FD_SET                 00423ad0 f   pjlib-i386-win32-vc14-release:sock_select.obj
 0001:00022b40       _PJ_FD_ZERO                00423b40 f   pjlib-i386-win32-vc14-release:sock_select.obj
 0001:00022b70       _pj_sock_select            00423b70 f   pjlib-i386-win32-vc14-release:sock_select.obj
 0001:00022ca0       _pj_sock_set_qos_params    00423ca0 f   pjlib-i386-win32-vc14-release:sock_qos_bsd.obj
 0001:00022dc0       _pj_sock_set_qos_type      00423dc0 f   pjlib-i386-win32-vc14-release:sock_qos_bsd.obj
 0001:00022efc       ___WSAFDIsSet@8            00423efc f   ws2_32:WS2_32.dll
 0001:00022f02       ___raise_securityfailure   00423f02 f   MSVCRT:gs_report.obj
 0001:00022f2b       ___report_gsfailure        00423f2b f   MSVCRT:gs_report.obj
 0001:00023024       ___report_rangecheckfailure 00424024 f   MSVCRT:gs_report.obj
 0001:00023030       ___report_securityfailure  00424030 f   MSVCRT:gs_report.obj
 0001:000230fe       @__security_check_cookie@4 004240fe f   MSVCRT:secchk.obj
 0001:00023356       _mainCRTStartup            00424356 f   MSVCRT:exe_main.obj
 0001:00023360       ___isa_available_init      00424360 f   MSVCRT:cpu_disp.obj
 0001:00023500       __alldiv                   00424500 f   MSVCRT:lldiv.obj
 0001:000235b0       __allmul                   004245b0 f   MSVCRT:llmul.obj
 0001:000235f0       __ftoui3                   004245f0 f   MSVCRT:ftol3.obj
 0001:000235ff       __ftoul3                   004245ff f   MSVCRT:ftol3.obj
 0001:0002360e       __ftol3                    0042460e f   MSVCRT:ftol3.obj
 0001:0002361b       __ftol3_NaN                0042461b f   MSVCRT:ftol3.obj
 0001:00023633       __ftol3_work               00424633 f   MSVCRT:ftol3.obj
 0001:000236b9       __ftol3_common             004246b9 f   MSVCRT:ftol3.obj
 0001:0002377b       __ftol3_arg_error          0042477b f   MSVCRT:ftol3.obj
 0001:0002378d       __ftol3_except             0042478d f   MSVCRT:ftol3.obj
 0001:000237d1       __dtoui3                   004247d1 f   MSVCRT:ftol3.obj
 0001:000237e0       __dtoul3                   004247e0 f   MSVCRT:ftol3.obj
 0001:000237ef       __dtol3                    004247ef f   MSVCRT:ftol3.obj
 0001:000237fc       __dtol3_NaN                004247fc f   MSVCRT:ftol3.obj
 0001:00023819       __dtol3_work               00424819 f   MSVCRT:ftol3.obj
 0001:00023900       __ultod3                   00424900 f   MSVCRT:ftol3.obj
 0001:00023940       __ltod3                    00424940 f   MSVCRT:ftol3.obj
 0001:000239ab       ___scrt_acquire_startup_lock 004249ab f   MSVCRT:utility.obj
 0001:000239dd       ___scrt_initialize_crt     004249dd f   MSVCRT:utility.obj
 0001:00023a16       ___scrt_initialize_onexit_tables 00424a16 f   MSVCRT:utility.obj
 0001:00023abb       ___scrt_is_nonwritable_in_current_image 00424abb f   MSVCRT:utility.obj
 0001:00023b4f       ___scrt_release_startup_lock 00424b4f f   MSVCRT:utility.obj
 0001:00023b6c       ___scrt_uninitialize_crt   00424b6c f   MSVCRT:utility.obj
 0001:00023b94       __onexit                   00424b94 f   MSVCRT:utility.obj
 0001:00023bcf       _atexit                    00424bcf f   MSVCRT:utility.obj
 0001:00023c31       ___security_init_cookie    00424c31 f   MSVCRT:gs_support.obj
 0001:00023c7c       __get_startup_argv_mode    00424c7c f   MSVCRT:argv_mode.obj
 0001:00023c80       __get_startup_file_mode    00424c80 f   MSVCRT:file_mode.obj
 0001:00023c86       ?__scrt_initialize_type_info@@YAXXZ 00424c86 f   MSVCRT:tncleanup.obj
 0001:00023c92       ___scrt_stub_for_acrt_uninitialize 00424c92 f   MSVCRT:ucrt_stubs.obj
 0001:00023c92       ___acrt_initialize         00424c92 f   MSVCRT:ucrt_stubs.obj
 0001:00023c92       __should_initialize_environment 00424c92 f   MSVCRT:env_mode.obj
 0001:00023c92       ___scrt_stub_for_acrt_initialize 00424c92 f   MSVCRT:ucrt_stubs.obj
 0001:00023c92       ___vcrt_uninitialize       00424c92 f   MSVCRT:ucrt_stubs.obj
 0001:00023c92       ___acrt_uninitialize       00424c92 f   MSVCRT:ucrt_stubs.obj
 0001:00023c92       ___vcrt_initialize         00424c92 f   MSVCRT:ucrt_stubs.obj
 0001:00023c95       __initialize_default_precision 00424c95 f   MSVCRT:default_precision.obj
 0001:00023cb6       ___scrt_initialize_default_local_stdio_options 00424cb6 f   MSVCRT:default_local_stdio_options.obj
 0001:00023cd3       ___scrt_is_user_matherr_present 00424cd3 f   MSVCRT:matherr_detection.obj
 0001:00023cdf       ___scrt_get_dyn_tls_init_callback 00424cdf f   MSVCRT:dyn_tls_init.obj
 0001:00023ce5       ___scrt_get_dyn_tls_dtor_callback 00424ce5 f   MSVCRT:dyn_tls_dtor.obj
 0001:00023ceb       ___scrt_fastfail           00424ceb f   MSVCRT:utility_desktop.obj
 0001:00023e05       ___scrt_initialize_mta     00424e05 f   MSVCRT:utility_desktop.obj
 0001:00023e0a       ___scrt_is_managed_app     00424e0a f   MSVCRT:utility_desktop.obj
 0001:00023e4d       ___scrt_set_unhandled_exception_filter 00424e4d f   MSVCRT:utility_desktop.obj
 0001:00023e59       ___scrt_unhandled_exception_filter@4 00424e59 f   MSVCRT:utility_desktop.obj
 0001:00023e9a       __crt_debugger_hook        00424e9a f   MSVCRT:utility_desktop.obj
 0001:00023ea2       __RTC_Initialize           00424ea2 f   MSVCRT:initsect.obj
 0001:00023ece       __RTC_Terminate            00424ece f   MSVCRT:initsect.obj
 0001:00023f00       __SEH_prolog4              00424f00 f   MSVCRT:sehprolg4.obj
 0001:00023f46       __SEH_epilog4              00424f46 f   MSVCRT:sehprolg4.obj
 0001:00023f5b       __except_handler4          00424f5b f   MSVCRT:chandler4gs.obj
 0001:00023f7e       ___scrt_is_ucrt_dll_in_use 00424f7e f   MSVCRT:ucrt_detection.obj
 0001:00023f8a       _IsProcessorFeaturePresent@4 00424f8a f   kernel32:KERNEL32.dll
 0001:00023f90       _strchr                    00424f90 f   vcruntime:VCRUNTIME140.dll
 0001:00023f96       _memchr                    00424f96 f   vcruntime:VCRUNTIME140.dll
 0001:00023f9c       _memset                    00424f9c f   vcruntime:VCRUNTIME140.dll
 0001:00023fa2       _memcpy                    00424fa2 f   vcruntime:VCRUNTIME140.dll
 0001:00023fa8       _memmove                   00424fa8 f   vcruntime:VCRUNTIME140.dll
 0001:00023fae       __setjmp3                  00424fae f   vcruntime:VCRUNTIME140.dll
 0001:00023fb4       _longjmp                   00424fb4 f   vcruntime:VCRUNTIME140.dll
 0001:00023fba       __except_handler4_common   00424fba f   vcruntime:VCRUNTIME140.dll
 0001:00023fc0       _exit                      00424fc0 f   ucrt:api-ms-win-crt-runtime-l1-1-0.dll
 0001:00023fc6       __CIfmod                   00424fc6 f   ucrt:api-ms-win-crt-math-l1-1-0.dll
 0001:00023fcc       __seh_filter_exe           00424fcc f   ucrt:api-ms-win-crt-runtime-l1-1-0.dll
 0001:00023fd2       __set_app_type             00424fd2 f   ucrt:api-ms-win-crt-runtime-l1-1-0.dll
 0001:00023fd8       ___setusermatherr          00424fd8 f   ucrt:api-ms-win-crt-math-l1-1-0.dll
 0001:00023fde       __configure_narrow_argv    00424fde f   ucrt:api-ms-win-crt-runtime-l1-1-0.dll
 0001:00023fe4       __initialize_narrow_environment 00424fe4 f   ucrt:api-ms-win-crt-runtime-l1-1-0.dll
 0001:00023fea       __get_initial_narrow_environment 00424fea f   ucrt:api-ms-win-crt-runtime-l1-1-0.dll
 0001:00023ff0       __initterm                 00424ff0 f   ucrt:api-ms-win-crt-runtime-l1-1-0.dll
 0001:00023ff6       __initterm_e               00424ff6 f   ucrt:api-ms-win-crt-runtime-l1-1-0.dll
 0001:00023ffe       __exit                     00424ffe f   ucrt:api-ms-win-crt-runtime-l1-1-0.dll
 0001:00024004       __set_fmode                00425004 f   ucrt:api-ms-win-crt-stdio-l1-1-0.dll
 0001:0002400a       ___p___argc                0042500a f   ucrt:api-ms-win-crt-runtime-l1-1-0.dll
 0001:00024010       ___p___argv                00425010 f   ucrt:api-ms-win-crt-runtime-l1-1-0.dll
 0001:00024016       __cexit                    00425016 f   ucrt:api-ms-win-crt-runtime-l1-1-0.dll
 0001:0002401c       __c_exit                   0042501c f   ucrt:api-ms-win-crt-runtime-l1-1-0.dll
 0001:00024022       __register_thread_local_exe_atexit_callback 00425022 f   ucrt:api-ms-win-crt-runtime-l1-1-0.dll
 0001:00024028       __configthreadlocale       00425028 f   ucrt:api-ms-win-crt-locale-l1-1-0.dll
 0001:0002402e       __set_new_mode             0042502e f   ucrt:api-ms-win-crt-heap-l1-1-0.dll
 0001:00024034       ___p__commode              00425034 f   ucrt:api-ms-win-crt-stdio-l1-1-0.dll
 0001:0002403a       __except1                  0042503a f   ucrt:api-ms-win-crt-math-l1-1-0.dll
 0001:00024040       __initialize_onexit_table  00425040 f   ucrt:api-ms-win-crt-runtime-l1-1-0.dll
 0001:00024046       __register_onexit_function 00425046 f   ucrt:api-ms-win-crt-runtime-l1-1-0.dll
 0001:0002404c       __crt_atexit               0042504c f   ucrt:api-ms-win-crt-runtime-l1-1-0.dll
 0001:00024052       __controlfp_s              00425052 f   ucrt:api-ms-win-crt-runtime-l1-1-0.dll
 0001:00024058       _terminate                 00425058 f   ucrt:api-ms-win-crt-runtime-l1-1-0.dll
 0002:00000000       __imp__TerminateProcess@8  00426000     kernel32:KERNEL32.dll
 0002:00000004       __imp__GetModuleHandleW@4  00426004     kernel32:KERNEL32.dll
 0002:00000008       __imp__IsDebuggerPresent@0 00426008     kernel32:KERNEL32.dll
 0002:0000000c       __imp__InitializeSListHead@4 0042600c     kernel32:KERNEL32.dll
 0002:00000010       __imp__GetSystemTimeAsFileTime@4 00426010     kernel32:KERNEL32.dll
 0002:00000014       __imp__IsProcessorFeaturePresent@4 00426014     kernel32:KERNEL32.dll
 0002:00000018       __imp__GetCurrentProcess@0 00426018     kernel32:KERNEL32.dll
 0002:0000001c       __imp__SetUnhandledExceptionFilter@4 0042601c     kernel32:KERNEL32.dll
 0002:00000020       __imp__UnhandledExceptionFilter@4 00426020     kernel32:KERNEL32.dll
 0002:00000024       __imp__QueryPerformanceFrequency@4 00426024     kernel32:KERNEL32.dll
 0002:00000028       __imp__QueryPerformanceCounter@4 00426028     kernel32:KERNEL32.dll
 0002:0000002c       __imp__LoadLibraryA@4      0042602c     kernel32:KERNEL32.dll
 0002:00000030       __imp__GetProcAddress@8    00426030     kernel32:KERNEL32.dll
 0002:00000034       __imp__FreeLibrary@4       00426034     kernel32:KERNEL32.dll
 0002:00000038       __imp__SystemTimeToFileTime@8 00426038     kernel32:KERNEL32.dll
 0002:0000003c       __imp__FileTimeToSystemTime@8 0042603c     kernel32:KERNEL32.dll
 0002:00000040       __imp__GetLocalTime@4      00426040     kernel32:KERNEL32.dll
 0002:00000044       __imp__FormatMessageA@28   00426044     kernel32:KERNEL32.dll
 0002:00000048       __imp__SetConsoleTextAttribute@8 00426048     kernel32:KERNEL32.dll
 0002:0000004c       __imp__TlsFree@4           0042604c     kernel32:KERNEL32.dll
 0002:00000050       __imp__TlsSetValue@8       00426050     kernel32:KERNEL32.dll
 0002:00000054       __imp__TlsGetValue@4       00426054     kernel32:KERNEL32.dll
 0002:00000058       __imp__TlsAlloc@0          00426058     kernel32:KERNEL32.dll
 0002:0000005c       __imp__GetCurrentThreadId@0 0042605c     kernel32:KERNEL32.dll
 0002:00000060       __imp__GetCurrentThread@0  00426060     kernel32:KERNEL32.dll
 0002:00000064       __imp__CreateThread@24     00426064     kernel32:KERNEL32.dll
 0002:00000068       __imp__GetCurrentProcessId@0 00426068     kernel32:KERNEL32.dll
 0002:0000006c       __imp__Sleep@4             0042606c     kernel32:KERNEL32.dll
 0002:00000070       __imp__GetStdHandle@4      00426070     kernel32:KERNEL32.dll
 0002:00000074       __imp__CloseHandle@4       00426074     kernel32:KERNEL32.dll
 0002:00000078       __imp__GetLastError@0      00426078     kernel32:KERNEL32.dll
 0002:0000007c       __imp__InitializeCriticalSection@4 0042607c     kernel32:KERNEL32.dll
 0002:00000080       __imp__EnterCriticalSection@4 00426080     kernel32:KERNEL32.dll
 0002:00000084       __imp__LeaveCriticalSection@4 00426084     kernel32:KERNEL32.dll
 0002:00000088       __imp__TryEnterCriticalSection@4 00426088     kernel32:KERNEL32.dll
 0002:0000008c       __imp__DeleteCriticalSection@4 0042608c     kernel32:KERNEL32.dll
 0002:00000090       __imp__ReleaseSemaphore@12 00426090     kernel32:KERNEL32.dll
 0002:00000094       __imp__WaitForSingleObject@8 00426094     kernel32:KERNEL32.dll
 0002:00000098       \177KERNEL32_NULL_THUNK_DATA 00426098     kernel32:KERNEL32.dll
 0002:0000009c       __imp__memcpy              0042609c     vcruntime:VCRUNTIME140.dll
 0002:000000a0       __imp__memset              004260a0     vcruntime:VCRUNTIME140.dll
 0002:000000a4       __imp__memchr              004260a4     vcruntime:VCRUNTIME140.dll
 0002:000000a8       __imp__strchr              004260a8     vcruntime:VCRUNTIME140.dll
 0002:000000ac       __imp__memmove             004260ac     vcruntime:VCRUNTIME140.dll
 0002:000000b0       __imp___except_handler4_common 004260b0     vcruntime:VCRUNTIME140.dll
 0002:000000b4       __imp__longjmp             004260b4     vcruntime:VCRUNTIME140.dll
 0002:000000b8       __imp___setjmp3            004260b8     vcruntime:VCRUNTIME140.dll
 0002:000000bc       \177VCRUNTIME140_NULL_THUNK_DATA 004260bc     vcruntime:VCRUNTIME140.dll
 0002:000000c0       __imp__sendto@24           004260c0     ws2_32:WS2_32.dll
 0002:000000c4       __imp__send@16             004260c4     ws2_32:WS2_32.dll
 0002:000000c8       __imp__recvfrom@24         004260c8     ws2_32:WS2_32.dll
 0002:000000cc       __imp__recv@16             004260cc     ws2_32:WS2_32.dll
 0002:000000d0       __imp__ntohs@4             004260d0     ws2_32:WS2_32.dll
 0002:000000d4       __imp__ntohl@4             004260d4     ws2_32:WS2_32.dll
 0002:000000d8       __imp__inet_addr@4         004260d8     ws2_32:WS2_32.dll
 0002:000000dc       __imp__htons@4             004260dc     ws2_32:WS2_32.dll
 0002:000000e0       __imp__getsockopt@20       004260e0     ws2_32:WS2_32.dll
 0002:000000e4       __imp__getsockname@12      004260e4     ws2_32:WS2_32.dll
 0002:000000e8       __imp__connect@12          004260e8     ws2_32:WS2_32.dll
 0002:000000ec       __imp__gethostname@8       004260ec     ws2_32:WS2_32.dll
 0002:000000f0       __imp__bind@12             004260f0     ws2_32:WS2_32.dll
 0002:000000f4       __imp__accept@12           004260f4     ws2_32:WS2_32.dll
 0002:000000f8       __imp__setsockopt@20       004260f8     ws2_32:WS2_32.dll
 0002:000000fc       __imp__ioctlsocket@12      004260fc     ws2_32:WS2_32.dll
 0002:00000100       __imp__WSAGetLastError@0   00426100     ws2_32:WS2_32.dll
 0002:00000104       __imp__WSACleanup@0        00426104     ws2_32:WS2_32.dll
 0002:00000108       __imp__WSAStartup@8        00426108     ws2_32:WS2_32.dll
 0002:0000010c       __imp__WSAIoctl@36         0042610c     ws2_32:WS2_32.dll
 0002:00000110       __imp__WSASocketA@24       00426110     ws2_32:WS2_32.dll
 0002:00000114       __imp__WSAAddressToStringA@20 00426114     ws2_32:WS2_32.dll
 0002:00000118       __imp__WSAStringToAddressA@20 00426118     ws2_32:WS2_32.dll
 0002:0000011c       __imp__gethostbyname@4     0042611c     ws2_32:WS2_32.dll
 0002:00000120       __imp____WSAFDIsSet@8      00426120     ws2_32:WS2_32.dll
 0002:00000124       __imp__select@20           00426124     ws2_32:WS2_32.dll
 0002:00000128       __imp__htonl@4             00426128     ws2_32:WS2_32.dll
 0002:0000012c       __imp__closesocket@4       0042612c     ws2_32:WS2_32.dll
 0002:00000130       \177WS2_32_NULL_THUNK_DATA 00426130     ws2_32:WS2_32.dll
 0002:00000134       __imp__atoi                00426134     ucrt:api-ms-win-crt-convert-l1-1-0.dll
 0002:00000138       \177api-ms-win-crt-convert-l1-1-0_NULL_THUNK_DATA 00426138     ucrt:api-ms-win-crt-convert-l1-1-0.dll
 0002:0000013c       __imp___set_new_mode       0042613c     ucrt:api-ms-win-crt-heap-l1-1-0.dll
 0002:00000140       __imp__free                00426140     ucrt:api-ms-win-crt-heap-l1-1-0.dll
 0002:00000144       __imp__malloc              00426144     ucrt:api-ms-win-crt-heap-l1-1-0.dll
 0002:00000148       \177api-ms-win-crt-heap-l1-1-0_NULL_THUNK_DATA 00426148     ucrt:api-ms-win-crt-heap-l1-1-0.dll
 0002:0000014c       __imp___configthreadlocale 0042614c     ucrt:api-ms-win-crt-locale-l1-1-0.dll
 0002:00000150       \177api-ms-win-crt-locale-l1-1-0_NULL_THUNK_DATA 00426150     ucrt:api-ms-win-crt-locale-l1-1-0.dll
 0002:00000154       __imp____setusermatherr    00426154     ucrt:api-ms-win-crt-math-l1-1-0.dll
 0002:00000158       __imp___except1            00426158     ucrt:api-ms-win-crt-math-l1-1-0.dll
 0002:0000015c       __imp___CIfmod             0042615c     ucrt:api-ms-win-crt-math-l1-1-0.dll
 0002:00000160       \177api-ms-win-crt-math-l1-1-0_NULL_THUNK_DATA 00426160     ucrt:api-ms-win-crt-math-l1-1-0.dll
 0002:00000164       __imp___cexit              00426164     ucrt:api-ms-win-crt-runtime-l1-1-0.dll
 0002:00000168       __imp__exit                00426168     ucrt:api-ms-win-crt-runtime-l1-1-0.dll
 0002:0000016c       __imp___c_exit             0042616c     ucrt:api-ms-win-crt-runtime-l1-1-0.dll
 0002:00000170       __imp____p___argv          00426170     ucrt:api-ms-win-crt-runtime-l1-1-0.dll
 0002:00000174       __imp____p___argc          00426174     ucrt:api-ms-win-crt-runtime-l1-1-0.dll
 0002:00000178       __imp___register_thread_local_exe_atexit_callback 00426178     ucrt:api-ms-win-crt-runtime-l1-1-0.dll
 0002:0000017c       __imp___controlfp_s        0042617c     ucrt:api-ms-win-crt-runtime-l1-1-0.dll
 0002:00000180       __imp___crt_atexit         00426180     ucrt:api-ms-win-crt-runtime-l1-1-0.dll
 0002:00000184       __imp___register_onexit_function 00426184     ucrt:api-ms-win-crt-runtime-l1-1-0.dll
 0002:00000188       __imp___initialize_onexit_table 00426188     ucrt:api-ms-win-crt-runtime-l1-1-0.dll
 0002:0000018c       __imp___initterm_e         0042618c     ucrt:api-ms-win-crt-runtime-l1-1-0.dll
 0002:00000190       __imp___initterm           00426190     ucrt:api-ms-win-crt-runtime-l1-1-0.dll
 0002:00000194       __imp__terminate           00426194     ucrt:api-ms-win-crt-runtime-l1-1-0.dll
 0002:00000198       __imp___seh_filter_exe     00426198     ucrt:api-ms-win-crt-runtime-l1-1-0.dll
 0002:0000019c       __imp___set_app_type       0042619c     ucrt:api-ms-win-crt-runtime-l1-1-0.dll
 0002:000001a0       __imp___exit               004261a0     ucrt:api-ms-win-crt-runtime-l1-1-0.dll
 0002:000001a4       __imp___configure_narrow_argv 004261a4     ucrt:api-ms-win-crt-runtime-l1-1-0.dll
 0002:000001a8       __imp___initialize_narrow_environment 004261a8     ucrt:api-ms-win-crt-runtime-l1-1-0.dll
 0002:000001ac       __imp___get_initial_narrow_environment 004261ac     ucrt:api-ms-win-crt-runtime-l1-1-0.dll
 0002:000001b0       \177api-ms-win-crt-runtime-l1-1-0_NULL_THUNK_DATA 004261b0     ucrt:api-ms-win-crt-runtime-l1-1-0.dll
 0002:000001b4       __imp___set_fmode          004261b4     ucrt:api-ms-win-crt-stdio-l1-1-0.dll
 0002:000001b8       __imp__puts                004261b8     ucrt:api-ms-win-crt-stdio-l1-1-0.dll
 0002:000001bc       __imp__fopen               004261bc     ucrt:api-ms-win-crt-stdio-l1-1-0.dll
 0002:000001c0       __imp____acrt_iob_func     004261c0     ucrt:api-ms-win-crt-stdio-l1-1-0.dll
 0002:000001c4       __imp__fwrite              004261c4     ucrt:api-ms-win-crt-stdio-l1-1-0.dll
 0002:000001c8       __imp____stdio_common_vsscanf 004261c8     ucrt:api-ms-win-crt-stdio-l1-1-0.dll
 0002:000001cc       __imp____stdio_common_vsprintf 004261cc     ucrt:api-ms-win-crt-stdio-l1-1-0.dll
 0002:000001d0       __imp__fflush              004261d0     ucrt:api-ms-win-crt-stdio-l1-1-0.dll
 0002:000001d4       __imp__fclose              004261d4     ucrt:api-ms-win-crt-stdio-l1-1-0.dll
 0002:000001d8       __imp____p__commode        004261d8     ucrt:api-ms-win-crt-stdio-l1-1-0.dll
 0002:000001dc       __imp____stdio_common_vfprintf 004261dc     ucrt:api-ms-win-crt-stdio-l1-1-0.dll
 0002:000001e0       __imp__fgets               004261e0     ucrt:api-ms-win-crt-stdio-l1-1-0.dll
 0002:000001e4       \177api-ms-win-crt-stdio-l1-1-0_NULL_THUNK_DATA 004261e4     ucrt:api-ms-win-crt-stdio-l1-1-0.dll
 0002:000001e8       __imp__tolower             004261e8     ucrt:api-ms-win-crt-string-l1-1-0.dll
 0002:000001ec       __imp___strnicmp           004261ec     ucrt:api-ms-win-crt-string-l1-1-0.dll
 0002:000001f0       __imp__strncpy             004261f0     ucrt:api-ms-win-crt-string-l1-1-0.dll
 0002:000001f4       __imp__strncmp             004261f4     ucrt:api-ms-win-crt-string-l1-1-0.dll
 0002:000001f8       __imp__strtok              004261f8     ucrt:api-ms-win-crt-string-l1-1-0.dll
 0002:000001fc       __imp__isspace             004261fc     ucrt:api-ms-win-crt-string-l1-1-0.dll
 0002:00000200       \177api-ms-win-crt-string-l1-1-0_NULL_THUNK_DATA 00426200     ucrt:api-ms-win-crt-string-l1-1-0.dll
 0002:00000204       __imp__rand                00426204     ucrt:api-ms-win-crt-utility-l1-1-0.dll
 0002:00000208       \177api-ms-win-crt-utility-l1-1-0_NULL_THUNK_DATA 00426208     ucrt:api-ms-win-crt-utility-l1-1-0.dll
 0002:0000020c       __imp__CoCreateGuid@4      0042620c     ole32:ole32.dll
 0002:00000210       \177ole32_NULL_THUNK_DATA  00426210     ole32:ole32.dll
 0002:00000214       ___guard_check_icall_fptr  00426214     MSVCRT:guard_support.obj
 0002:00000218       ___xc_a                    00426218     MSVCRT:initializers.obj
 0002:00000220       ___xc_z                    00426220     MSVCRT:initializers.obj
 0002:00000224       ___xi_a                    00426224     MSVCRT:initializers.obj
 0002:00000230       ___xi_z                    00426230     MSVCRT:initializers.obj
 0002:00000234       ___xp_a                    00426234     MSVCRT:initializers.obj
 0002:00000238       ___xp_z                    00426238     MSVCRT:initializers.obj
 0002:0000023c       ___xt_a                    0042623c     MSVCRT:initializers.obj
 0002:00000240       ___xt_z                    00426240     MSVCRT:initializers.obj
 0002:00000328       ??_C@_0CJ@GKFBHIPI@Invalid?5STUN?5message?5?$CIPJNATH_EI@ 00426328     pjnath-i386-win32-vc14-release:errno.obj
 0002:00000354       ??_C@_0DD@EDOPFABO@Invalid?5STUN?5message?5length?5?$CIPJ@ 00426354     pjnath-i386-win32-vc14-release:errno.obj
 0002:00000388       ??_C@_0EA@DFHBMLHL@Invalid?5or?5unexpected?5STUN?5mess@ 00426388     pjnath-i386-win32-vc14-release:errno.obj
 0002:000003c8       ??_C@_0DG@KPHKFJAB@STUN?5transaction?5has?5timed?5out?5@ 004263c8     pjnath-i386-win32-vc14-release:errno.obj
 0002:00000400       ??_C@_0DD@OHEENKIB@Too?5many?5STUN?5attributes?5?$CIPJNAT@ 00426400     pjnath-i386-win32-vc14-release:errno.obj
 0002:00000434       ??_C@_0DG@BPOIAHEF@Invalid?5STUN?5attribute?5length?5?$CI@ 00426434     pjnath-i386-win32-vc14-release:errno.obj
 0002:0000046c       ??_C@_0DF@BKFKBCGF@Found?5duplicate?5STUN?5attribute?5@ 0042646c     pjnath-i386-win32-vc14-release:errno.obj
 0002:000004a4       ??_C@_0DP@ENOHKACM@STUN?5FINGERPRINT?5verification?5f@ 004264a4     pjnath-i386-win32-vc14-release:errno.obj
 0002:000004e8       ??_C@_0EH@EPGNFFEB@Invalid?5STUN?5attribute?5after?5ME@ 004264e8     pjnath-i386-win32-vc14-release:errno.obj
 0002:00000530       ??_C@_0EB@DAIGGIDN@Invalid?5STUN?5attribute?5after?5FI@ 00426530     pjnath-i386-win32-vc14-release:errno.obj
 0002:00000578       ??_C@_0EJ@JLJGOHGB@STUN?5?$CIXOR?9?$CJMAPPED?9ADDRESS?5attri@ 00426578     pjnath-i386-win32-vc14-release:errno.obj
 0002:000005c4       ??_C@_0DM@IEAEKGHC@STUN?5IPv6?5attribute?5not?5support@ 004265c4     pjnath-i386-win32-vc14-release:errno.obj
 0002:00000600       ??_C@_0DC@EGLMCOFO@Invalid?5STUN?5address?5family?5val@ 00426600     pjnath-i386-win32-vc14-release:errno.obj
 0002:00000638       ??_C@_0EE@HCGFHPNA@Invalid?5STUN?5server?5or?5server?5n@ 00426638     pjnath-i386-win32-vc14-release:errno.obj
 0002:0000067c       ??_C@_0DG@FKMKCCEE@STUN?5object?5has?5been?5destoyed?5?$CI@ 0042667c     pjnath-i386-win32-vc14-release:errno.obj
 0002:000006b4       ??_C@_0CK@OFPAPMME@ICE?5session?5not?5available?5?$CIPJNA@ 004266b4     pjnath-i386-win32-vc14-release:errno.obj
 0002:000006e0       ??_C@_0DB@PAOLMMAD@ICE?5check?5is?5in?5progress?5?$CIPJNAT@ 004266e0     pjnath-i386-win32-vc14-release:errno.obj
 0002:00000714       ??_C@_0CO@LKKAIKIM@All?5ICE?5checklists?5failed?5?$CIPJNA@ 00426714     pjnath-i386-win32-vc14-release:errno.obj
 0002:00000748       ??_C@_0EG@MFEBLALG@Default?5target?5doesn?8t?5match?5an@ 00426748     pjnath-i386-win32-vc14-release:errno.obj
 0002:00000790       ??_C@_0CP@DPHDFCDB@Invalid?5ICE?5component?5ID?5?$CIPJNAT@ 00426790     pjnath-i386-win32-vc14-release:errno.obj
 0002:000007c0       ??_C@_0CP@HLPIHNCD@Invalid?5ICE?5candidate?5ID?5?$CIPJNAT@ 004267c0     pjnath-i386-win32-vc14-release:errno.obj
 0002:000007f0       ??_C@_0CP@EDCECICF@Source?5address?5mismatch?5?$CIPJNATH@ 004267f0     pjnath-i386-win32-vc14-release:errno.obj
 0002:00000820       ??_C@_0DC@PHBGNIPK@Missing?5ICE?5SDP?5attribute?5?$CIPJNA@ 00426820     pjnath-i386-win32-vc14-release:errno.obj
 0002:00000854       ??_C@_0DJ@KABJLAFL@Invalid?5SDP?5?$CCcandidate?$CC?5attribu@ 00426854     pjnath-i386-win32-vc14-release:errno.obj
 0002:00000890       ??_C@_0EA@EDMJLPFH@No?5host?5candidate?5associated?5wi@ 00426890     pjnath-i386-win32-vc14-release:errno.obj
 0002:000008d0       ??_C@_0EK@PIKHJBD@Controlled?5agent?5timed?5out?5wait@ 004268d0     pjnath-i386-win32-vc14-release:errno.obj
 0002:0000091c       ??_C@_0DB@PGNALPFC@Invalid?1unsupported?5transport?5?$CI@ 0042691c     pjnath-i386-win32-vc14-release:errno.obj
 0002:00000950       ??_C@_0BI@EOEFPHGO@Unknown?5pjnath?5error?5?$CFd@ 00426950     pjnath-i386-win32-vc14-release:errno.obj
 0002:00000968       ??_C@_0BJ@CCAJIKCJ@Unknown?5STUN?5err?9code?5?$CFd@ 00426968     pjnath-i386-win32-vc14-release:errno.obj
 0002:00000984       ??_C@_06DJHOIPC@?$CFs?3?5?$CFs@ 00426984     pjnath-i386-win32-vc14-release:errno.obj
 0002:0000098c       ??_C@_04OODOLJMA@host@     0042698c     pjnath-i386-win32-vc14-release:ice_session.obj
 0002:00000994       ??_C@_05PIPPPLPJ@srflx@    00426994     pjnath-i386-win32-vc14-release:ice_session.obj
 0002:0000099c       ??_C@_05HOGLIJFH@prflx@    0042699c     pjnath-i386-win32-vc14-release:ice_session.obj
 0002:000009a4       ??_C@_05JPBNCBLI@relay@    004269a4     pjnath-i386-win32-vc14-release:ice_session.obj
 0002:000009ac       ??_C@_06KJCACDIO@Frozen@   004269ac     pjnath-i386-win32-vc14-release:ice_session.obj
 0002:000009b4       ??_C@_07OFINCGEG@Waiting@  004269b4     pjnath-i386-win32-vc14-release:ice_session.obj
 0002:000009bc       ??_C@_0M@ENHIJGMI@In?5Progress@ 004269bc     pjnath-i386-win32-vc14-release:ice_session.obj
 0002:000009c8       ??_C@_09OCHKHMJA@Succeeded@ 004269c8     pjnath-i386-win32-vc14-release:ice_session.obj
 0002:000009d4       ??_C@_06CMLPEGNC@Failed@   004269d4     pjnath-i386-win32-vc14-release:ice_session.obj
 0002:000009dc       ??_C@_04IBDNPPCI@Idle@     004269dc     pjnath-i386-win32-vc14-release:ice_session.obj
 0002:000009e4       ??_C@_07JKJCPGE@Running@   004269e4     pjnath-i386-win32-vc14-release:ice_session.obj
 0002:000009ec       ??_C@_09MIJAKHKB@Completed@ 004269ec     pjnath-i386-win32-vc14-release:ice_session.obj
 0002:000009f8       ??_C@_07NBCGADJA@Unknown@  004269f8     pjnath-i386-win32-vc14-release:ice_session.obj
 0002:00000a00       ??_C@_0L@KHGPKCEO@Controlled@ 00426a00     pjnath-i386-win32-vc14-release:ice_session.obj
 0002:00000a0c       ??_C@_0M@PMDOMEDL@Controlling@ 00426a0c     pjnath-i386-win32-vc14-release:ice_session.obj
 0002:00000a18       ??_C@_03BBKEAIF@?$DP?$DP?$DP@ 00426a18     pjnath-i386-win32-vc14-release:ice_session.obj
 0002:00000a1c       ??_C@_04MAAPIHIO@?$CFc?$CFx@ 00426a1c     pjnath-i386-win32-vc14-release:ice_session.obj
 0002:00000a24       ??_C@_07GBFPDLAH@icess?$CFp@ 00426a24     pjnath-i386-win32-vc14-release:ice_session.obj
 0002:00000a2c       ??_C@_0DD@KKPCGINH@ICE?5session?5created?0?5comp_cnt?$DN?$CF@ 00426a2c     pjnath-i386-win32-vc14-release:ice_session.obj
 0002:00000a60       ??_C@_0L@EPMNHNJ@aggressive@ 00426a60     pjnath-i386-win32-vc14-release:ice_session.obj
 0002:00000a6c       ??_C@_07KMAJHHLM@regular@  00426a6c     pjnath-i386-win32-vc14-release:ice_session.obj
 0002:00000a74       ??_C@_0BO@JMOAKFOG@ICE?5nomination?5type?5set?5to?5?$CFs@ 00426a74     pjnath-i386-win32-vc14-release:ice_session.obj
 0002:00000a94       ??_C@_0BJ@NIGKKAOP@ICE?5session?5?$CFp?5destroyed@ 00426a94     pjnath-i386-win32-vc14-release:ice_session.obj
 0002:00000ab0       ??_C@_0O@IDPHLJDO@ice_session?4c@ 00426ab0     pjnath-i386-win32-vc14-release:ice_session.obj
 0002:00000ac0       ??_C@_0BK@DCHLELMI@Destroying?5ICE?5session?5?$CFp@ 00426ac0     pjnath-i386-win32-vc14-release:ice_session.obj
 0002:00000adc       ??_C@_0BD@IJCAAGMH@Role?5changed?5to?5?$CFs@ 00426adc     pjnath-i386-win32-vc14-release:ice_session.obj
 0002:00000af0       ??_C@_0GB@IJEEDFAM@Candidate?5?$CFd?5added?3?5comp_id?$DN?$CFd?0@ 00426af0     pjnath-i386-win32-vc14-release:ice_session.obj
 0002:00000b54       ??_C@_0DI@JAONCNCH@d?3?2mywork?2pjproject?92?48?2pjnath?2@ 00426b54     pjnath-i386-win32-vc14-release:ice_session.obj
 0002:00000b8c       ??_C@_0BH@DGBKCPGB@?$CFd?3?5?$FL?$CFd?$FN?5?$CFs?3?$CFd?9?9?$DO?$CFs?3?$CFd@ 00426b8c     pjnath-i386-win32-vc14-release:ice_session.obj
 0002:00000ba4       ??_C@_02DKCKIIND@?$CFs@    00426ba4     pjnath-i386-win32-vc14-release:ice_session.obj
 0002:00000ba8       ??_C@_09DIDNPBBH@nominated@ 00426ba8     pjnath-i386-win32-vc14-release:ice_session.obj
 0002:00000bb4       ??_C@_0O@MFBJAADI@not?5nominated@ 00426bb4     pjnath-i386-win32-vc14-release:ice_session.obj
 0002:00000bc4       ??_C@_0BD@DIAOJGPO@?5?$CFs?5?$CI?$CFs?0?5state?$DN?$CFs?$CJ@ 00426bc4     pjnath-i386-win32-vc14-release:ice_session.obj
 0002:00000bd8       ??_C@_0CG@OPDLDKOC@Check?5?$CFs?3?5state?5changed?5from?5?$CFs@ 00426bd8     pjnath-i386-win32-vc14-release:ice_session.obj
 0002:00000c00       ??_C@_0CH@OMPOKJDI@Checklist?3?5state?5changed?5from?5?$CF@ 00426c00     pjnath-i386-win32-vc14-release:ice_session.obj
 0002:00000c28       ??_C@_0DG@GJLGANE@Base?5candidate?5?$CFs?3?$CFd?5not?5found?5@ 00426c28     pjnath-i386-win32-vc14-release:ice_session.obj
 0002:00000c60       ??_C@_0BA@NHCOBJOF@duplicate?5found@ 00426c60     pjnath-i386-win32-vc14-release:ice_session.obj
 0002:00000c70       ??_C@_0L@GPOKGCHH@equal?5base@ 00426c70     pjnath-i386-win32-vc14-release:ice_session.obj
 0002:00000c7c       ??_C@_0BF@GMFHLHC@Check?5?$CFs?5pruned?5?$CI?$CFs?$CJ@ 00426c7c     pjnath-i386-win32-vc14-release:ice_session.obj
 0002:00000c98       ??_C@_0HF@MCFKOKNI@Controlled?5agent?5timed?9out?5in?5w@ 00426c98     pjnath-i386-win32-vc14-release:ice_session.obj
 0002:00000d10       ??_C@_0CA@JLAONEAB@ICE?5process?5complete?0?5status?$DN?$CFs@ 00426d10     pjnath-i386-win32-vc14-release:ice_session.obj
 0002:00000d30       ??_C@_0L@DAPINKOE@Valid?5list@ 00426d30     pjnath-i386-win32-vc14-release:ice_session.obj
 0002:00000d3c       ??_C@_0BA@OAPJPHMG@?5?5and?5nominated@ 00426d3c     pjnath-i386-win32-vc14-release:ice_session.obj
 0002:00000d4c       ??_C@_00CNPNBAHC@@         00426d4c     pjnath-i386-win32-vc14-release:ice_session.obj
 0002:00000d50       ??_C@_0BJ@LDLHNMFG@Check?5?$CFd?5is?5successful?$CFs@ 00426d50     pjnath-i386-win32-vc14-release:ice_session.obj
 0002:00000d6c       ??_C@_0CK@IDKEAGPB@Check?5?$CFs?5to?5be?5failed?5because?5s@ 00426d6c     pjnath-i386-win32-vc14-release:ice_session.obj
 0002:00000d98       ??_C@_0CC@KCAFFELN@Cancelling?5check?5?$CFs?5?$CIIn?5Progres@ 00426d98     pjnath-i386-win32-vc14-release:ice_session.obj
 0002:00000dc0       ??_C@_0GO@IEBBDPMP@All?5checks?5have?5completed?4?5Cont@ 00426dc0     pjnath-i386-win32-vc14-release:ice_session.obj
 0002:00000e30       ??_C@_0DJ@IFENMLDG@All?5checks?5have?5completed?0?5star@ 00426e30     pjnath-i386-win32-vc14-release:ice_session.obj
 0002:00000e6c       ??_C@_0CE@MENGPKBF@Scheduling?5nominated?5check?5in?5?$CF@ 00426e6c     pjnath-i386-win32-vc14-release:ice_session.obj
 0002:00000e90       ??_C@_01JLIPDDHJ@?3@       00426e90     pjnath-i386-win32-vc14-release:ice_session.obj
 0002:00000e94       ??_C@_0CD@DGJOKAPD@Error?3?5no?5checklist?5can?5be?5crea@ 00426e94     pjnath-i386-win32-vc14-release:ice_session.obj
 0002:00000eb8       ??_C@_0BD@LGGHIMDK@Checklist?5created?3@ 00426eb8     pjnath-i386-win32-vc14-release:ice_session.obj
 0002:00000ecc       ??_C@_0CI@CBEMIFEA@Sending?5connectivity?5check?5for?5@ 00426ecc     pjnath-i386-win32-vc14-release:ice_session.obj
 0002:00000ef4       ??_C@_0BM@GMPCDDCD@Error?5creating?5STUN?5request@ 00426ef4     pjnath-i386-win32-vc14-release:ice_session.obj
 0002:00000f10       ??_C@_0BL@CLDMLOKE@Error?5sending?5STUN?5request@ 00426f10     pjnath-i386-win32-vc14-release:ice_session.obj
 0002:00000f2c       ??_C@_0CC@ODBMOPAG@Starting?5checklist?5periodic?5che@ 00426f2c     pjnath-i386-win32-vc14-release:ice_session.obj
 0002:00000f50       ??_C@_0BL@DBPGJFIN@Starting?5nominated?5check?4?4@ 00426f50     pjnath-i386-win32-vc14-release:ice_session.obj
 0002:00000f6c       ??_C@_0BN@HMALAHNG@Periodic?5timer?5rescheduled?4?4@ 00426f6c     pjnath-i386-win32-vc14-release:ice_session.obj
 0002:00000f8c       ??_C@_0BF@CANPHDIJ@Starting?5ICE?5check?4?4@ 00426f8c     pjnath-i386-win32-vc14-release:ice_session.obj
 0002:00000fa4       ??_C@_0DF@JOCPCLFF@Performing?5delayed?5triggerred?5c@ 00426fa4     pjnath-i386-win32-vc14-release:ice_session.obj
 0002:00000fdc       ??_C@_0DA@NHEGFEJN@Changing?5role?5because?5of?5role?5c@ 00426fdc     pjnath-i386-win32-vc14-release:ice_session.obj
 0002:0000100c       ??_C@_0CJ@FEOOAKNC@Resending?5check?5because?5of?5role@ 0042700c     pjnath-i386-win32-vc14-release:ice_session.obj
 0002:00001038       ??_C@_0N@OBNDGEA@?5?$CInominated?$CJ@ 00427038     pjnath-i386-win32-vc14-release:ice_session.obj
 0002:00001048       ??_C@_0BB@DIDCBKOH@?5?$CInot?5nominated?$CJ@ 00427048     pjnath-i386-win32-vc14-release:ice_session.obj
 0002:0000105c       ??_C@_0CK@BOFLBEFI@Check?5?$CFs?$CFs?3?5connectivity?5check?5@ 0042705c     pjnath-i386-win32-vc14-release:ice_session.obj
 0002:00001088       ??_C@_0DP@OFIEDDAK@Check?5?$CFs?$CFs?3?5connectivity?5check?5@ 00427088     pjnath-i386-win32-vc14-release:ice_session.obj
 0002:000010c8       ??_C@_0CH@JOLLOJFL@Check?5?$CFs?$CFs?3?5connectivity?5check?5@ 004270c8     pjnath-i386-win32-vc14-release:ice_session.obj
 0002:000010f0       ??_C@_0CK@NAJKGKCD@Received?5Binding?5request?5with?5n@ 004270f0     pjnath-i386-win32-vc14-release:ice_session.obj
 0002:0000111c       ??_C@_0DD@JKHICBKM@Changing?5role?5because?5of?5ICE?9CO@ 0042711c     pjnath-i386-win32-vc14-release:ice_session.obj
 0002:00001150       ??_C@_0DC@IGMDOGKF@Changing?5role?5because?5of?5ICE?9CO@ 00427150     pjnath-i386-win32-vc14-release:ice_session.obj
 0002:00001184       ??_C@_0CE@LGFHCNGF@Received?5an?5early?5check?5for?5com@ 00427184     pjnath-i386-win32-vc14-release:ice_session.obj
 0002:000011a8       ??_C@_0EN@NFGIOGKB@Unable?5to?5add?5new?5peer?5reflexiv@ 004271a8     pjnath-i386-win32-vc14-release:ice_session.obj
 0002:000011f8       ??_C@_03NBEPHFMB@f?$CFp@   004271f8     pjnath-i386-win32-vc14-release:ice_session.obj
 0002:000011fc       ??_C@_0DD@IOBOGPOP@Added?5new?5remote?5candidate?5from@ 004271fc     pjnath-i386-win32-vc14-release:ice_session.obj
 0002:00001230       ??_C@_0DK@KKNMECMB@Received?5Binding?5request?5but?5no@ 00427230     pjnath-i386-win32-vc14-release:ice_session.obj
 0002:0000126c       ??_C@_0CI@DFOHDENB@Performing?5triggered?5check?5for?5@ 0042726c     pjnath-i386-win32-vc14-release:ice_session.obj
 0002:00001298       ??_C@_0FE@BCMFBGFD@Triggered?5check?5for?5check?5?$CFd?5no@ 00427298     pjnath-i386-win32-vc14-release:ice_session.obj
 0002:000012ec       ??_C@_0BM@HDNBBGIH@Valid?5check?5?$CFs?5is?5nominated@ 004272ec     pjnath-i386-win32-vc14-release:ice_session.obj
 0002:00001308       ??_C@_0EC@JKBLMNIB@Triggered?5check?5for?5check?5?$CFd?5no@ 00427308     pjnath-i386-win32-vc14-release:ice_session.obj
 0002:0000134c       ??_C@_0BO@DPPPLJDK@New?5triggered?5check?5added?3?5?$CFd@ 0042734c     pjnath-i386-win32-vc14-release:ice_session.obj
 0002:00001370       ??_C@_0EI@JIILLOPC@Error?3?5unable?5to?5perform?5trigge@ 00427370     pjnath-i386-win32-vc14-release:ice_session.obj
 0002:000013b8       ??_C@_0DI@JIMHBCHH@Received?5Binding?5Indication?5kee@ 004273b8     pjnath-i386-win32-vc14-release:ice_session.obj
 0002:000013f0       ??_C@_0DD@IMPDJCAJ@Received?5unexpected?5?$CFs?5indicati@ 004273f0     pjnath-i386-win32-vc14-release:ice_session.obj
 0002:00001424       ??_C@_0CG@KPNLGOEI@Error?5processing?5incoming?5messa@ 00427424     pjnath-i386-win32-vc14-release:ice_session.obj
 0002:0000144c       ??_C@_0N@FLPPFIPP@pjnath?92?48?40@ 0042744c     pjnath-i386-win32-vc14-release:ice_strans.obj
 0002:00001460       ??_C@_0EC@LBNGINO@Comp?5?$CFd?1?$CFd?3?5TURN?5relay?5candidat@ 00427460     pjnath-i386-win32-vc14-release:ice_strans.obj
 0002:000014a4       ??_C@_0DM@IBAFLBLL@Comp?5?$CFd?3?5srflx?5candidate?5?$CItpid?$DN@ 004274a4     pjnath-i386-win32-vc14-release:ice_strans.obj
[...]
 0003:000006d0       $SG18936                   0042d6d0     icedemo.obj
 0003:000006e4       $SG18938                   0042d6e4     icedemo.obj
 0003:00000710       $SG18939                   0042d710     icedemo.obj
 0003:0000072c       $SG18940                   0042d72c     icedemo.obj
 0003:00000738       $SG18941                   0042d738     icedemo.obj
 0003:00000744       $SG18942                   0042d744     icedemo.obj
 0003:00000760       $SG18944                   0042d760     icedemo.obj
 0003:00000788       $SG18946                   0042d788     icedemo.obj
 0003:000007dc       $SG18948                   0042d7dc     icedemo.obj
 0003:00000800       $SG18951                   0042d800     icedemo.obj
 0003:00000814       $SG18952                   0042d814     icedemo.obj
 0003:00000830       $SG18953                   0042d830     icedemo.obj
 0003:0000084c       $SG18954                   0042d84c     icedemo.obj
 0003:00000868       $SG18956                   0042d868     icedemo.obj
 0003:00000890       $SG18957                   0042d890     icedemo.obj
 0003:00000898       $SG19052                   0042d898     icedemo.obj
 0003:000008c8       $SG19053                   0042d8c8     icedemo.obj
 0003:000008cc       $SG19061                   0042d8cc     icedemo.obj
 0003:000008e0       $SG19062                   0042d8e0     icedemo.obj
 0003:000008ec       $SG19065                   0042d8ec     icedemo.obj
 0003:00000908       $SG19066                   0042d908     icedemo.obj
 0003:00000914       $SG19068                   0042d914     icedemo.obj
 0003:00000920       $SG19071                   0042d920     icedemo.obj
 0003:00000940       $SG19072                   0042d940     icedemo.obj
 0003:0000094c       $SG19074                   0042d94c     icedemo.obj
 0003:00000954       $SG19077                   0042d954     icedemo.obj
 0003:00000960       $SG19080                   0042d960     icedemo.obj
 0003:00000968       $SG19083                   0042d968     icedemo.obj
 0003:00000970       $SG19084                   0042d970     icedemo.obj
 0003:0000097c       $SG19087                   0042d97c     icedemo.obj
 0003:0000099c       $SG19088                   0042d99c     icedemo.obj
 0003:000009a8       $SG19093                   0042d9a8     icedemo.obj
 0003:000009bc       $SG19094                   0042d9bc     icedemo.obj
 0003:000009c8       $SG19096                   0042d9c8     icedemo.obj
 0003:000009d4       $SG19097                   0042d9d4     icedemo.obj
 0003:000009f0       $SG19100                   0042d9f0     icedemo.obj
 0003:00000a14       $SG19101                   0042da14     icedemo.obj
 0003:00000a20       $SG19104                   0042da20     icedemo.obj
 0003:00000a28       $SG19107                   0042da28     icedemo.obj
 0003:00000a30       $SG19110                   0042da30     icedemo.obj
 0003:00000a38       $SG19112                   0042da38     icedemo.obj
 0003:00000a5c       $SG19113                   0042da5c     icedemo.obj
 0003:00000a68       $SG19118                   0042da68     icedemo.obj
 0003:00000a88       $SG19119                   0042da88     icedemo.obj
 0003:00000a94       $SG19124                   0042da94     icedemo.obj
 0003:00000aac       $SG19125                   0042daac     icedemo.obj
 0003:00000ab8       $SG19130                   0042dab8     icedemo.obj
 0003:00000aec       $SG19131                   0042daec     icedemo.obj
 0003:00000af8       $SG19136                   0042daf8     icedemo.obj
 0003:00000b18       $SG19137                   0042db18     icedemo.obj
 0003:00000b24       $SG19139                   0042db24     icedemo.obj
 0003:00000b48       $SG19140                   0042db48     icedemo.obj
 0003:00000b54       $SG19165                   0042db54     icedemo.obj
 0003:00000b7c       $SG19166                   0042db7c     icedemo.obj
 0003:00000b88       $SG19169                   0042db88     icedemo.obj
 0003:00000bb0       $SG19170                   0042dbb0     icedemo.obj
 0003:00000bbc       $SG19173                   0042dbbc     icedemo.obj
 0003:00000bec       $SG19174                   0042dbec     icedemo.obj
 0003:00000bf8       $SG19176                   0042dbf8     icedemo.obj
 0003:00000c14       $SG19177                   0042dc14     icedemo.obj
 0003:00000c20       $SG19180                   0042dc20     icedemo.obj
 0003:00000c34       $SG19182                   0042dc34     icedemo.obj
 0003:00000c4c       $SG19183                   0042dc4c     icedemo.obj
 0003:00000c58       $SG19206                   0042dc58     icedemo.obj
 0003:00000c80       $SG19207                   0042dc80     icedemo.obj
 0003:00000c8c       $SG19210                   0042dc8c     icedemo.obj
 0003:00000cb4       $SG19211                   0042dcb4     icedemo.obj
 0003:00000cc0       $SG19215                   0042dcc0     icedemo.obj
 0003:00000cdc       $SG19216                   0042dcdc     icedemo.obj
 0003:00000ce8       $SG19219                   0042dce8     icedemo.obj
 0003:00000cfc       $SG19221                   0042dcfc     icedemo.obj
 0003:00000d08       $SG19222                   0042dd08     icedemo.obj
 0003:00000d14       $SG19227                   0042dd14     icedemo.obj
 0003:00000d48       $SG19229                   0042dd48     icedemo.obj
 0003:00000e18       $SG19230                   0042de18     icedemo.obj
 0003:000010c4       $SG19232                   0042e0c4     icedemo.obj
 0003:000010e4       $SG19285                   0042e0e4     icedemo.obj
 0003:000010e8       $SG19238                   0042e0e8     icedemo.obj
 0003:00001134       $SG19276                   0042e134     icedemo.obj
 0003:0000113c       $SG19290                   0042e13c     icedemo.obj
 0003:00001140       $SG19239                   0042e140     icedemo.obj
 0003:0000118c       $SG19284                   0042e18c     icedemo.obj
 0003:00001194       $SG19289                   0042e194     icedemo.obj
 0003:0000119c       $SG19295                   0042e19c     icedemo.obj
 0003:000011a0       $SG19240                   0042e1a0     icedemo.obj
 0003:000011ec       $SG19303                   0042e1ec     icedemo.obj
 0003:000011f0       $SG19241                   0042e1f0     icedemo.obj
 0003:0000123c       $SG19308                   0042e23c     icedemo.obj
 0003:00001240       $SG19242                   0042e240     icedemo.obj
 0003:0000128c       $SG19312                   0042e28c     icedemo.obj
 0003:00001294       $SG19313                   0042e294     icedemo.obj
 0003:00001298       $SG19243                   0042e298     icedemo.obj
 0003:000012e4       $SG19317                   0042e2e4     icedemo.obj
 0003:000012ec       $SG19318                   0042e2ec     icedemo.obj
 0003:000012f0       $SG19244                   0042e2f0     icedemo.obj
 0003:0000133c       $SG19323                   0042e33c     icedemo.obj
 0003:00001340       $SG19245                   0042e340     icedemo.obj
 0003:0000138c       $SG19328                   0042e38c     icedemo.obj
 0003:00001398       $SG19246                   0042e398     icedemo.obj
 0003:000013e4       $SG19335                   0042e3e4     icedemo.obj
 0003:000013e8       $SG19247                   0042e3e8     icedemo.obj
 0003:00001434       $SG19340                   0042e434     icedemo.obj
 0003:00001438       $SG19248                   0042e438     icedemo.obj
 0003:00001484       $SG19341                   0042e484     icedemo.obj
 0003:0000149c       $SG19344                   0042e49c     icedemo.obj
 0003:000014b4       $SG19345                   0042e4b4     icedemo.obj
 0003:000014d0       $SG19249                   0042e4d0     icedemo.obj
 0003:0000151c       $SG19347                   0042e51c     icedemo.obj
 0003:00001530       $SG19250                   0042e530     icedemo.obj
 0003:0000157c       $SG19348                   0042e57c     icedemo.obj
 0003:000015b4       $SG19353                   0042e5b4     icedemo.obj
 0003:000015e8       $SG19251                   0042e5e8     icedemo.obj
 0003:00001634       $SG19350                   0042e634     icedemo.obj
 0003:0000165c       $SG19354                   0042e65c     icedemo.obj
 0003:0000168c       $SG19385                   0042e68c     icedemo.obj
 0003:00001698       $SG19252                   0042e698     icedemo.obj
 0003:000016e4       $SG19275                   0042e6e4     icedemo.obj
 0003:000016ec       $SG19294                   0042e6ec     icedemo.obj
 0003:000016f4       $SG19298                   0042e6f4     icedemo.obj
 0003:0000170c       $SG19302                   0042e70c     icedemo.obj
 0003:00001714       $SG19307                   0042e714     icedemo.obj
 0003:0000171c       $SG19322                   0042e71c     icedemo.obj
 0003:00001724       $SG19327                   0042e724     icedemo.obj
 0003:00001744       $SG19334                   0042e744     icedemo.obj
 0003:0000174c       $SG19339                   0042e74c     icedemo.obj
 0003:00001754       $SG19356                   0042e754     icedemo.obj
 0003:0000176c       $SG19359                   0042e76c     icedemo.obj
 0003:000017ac       $SG19387                   0042e7ac     icedemo.obj
 0003:000017b8       $SG19349                   0042e7b8     icedemo.obj
 0003:000017fc       $SG19389                   0042e7fc     icedemo.obj
 0003:00001808       $SG19351                   0042e808     icedemo.obj
 0003:0000184c       $SG19364                   0042e84c     icedemo.obj
 0003:0000188c       $SG19393                   0042e88c     icedemo.obj
 0003:00001898       $SG19352                   0042e898     icedemo.obj
 0003:000018e0       $SG19357                   0042e8e0     icedemo.obj
 0003:00001930       $SG19358                   0042e930     icedemo.obj
 0003:0000197c       $SG19361                   0042e97c     icedemo.obj
 0003:00001994       $SG19395                   0042e994     icedemo.obj
 0003:000019a0       $SG19362                   0042e9a0     icedemo.obj
 0003:000019f0       $SG19363                   0042e9f0     icedemo.obj
 0003:00001a3c       $SG19365                   0042ea3c     icedemo.obj
 0003:00001a7c       $SG19397                   0042ea7c     icedemo.obj
 0003:00001a88       $SG19366                   0042ea88     icedemo.obj
 0003:00001ad0       $SG19367                   0042ead0     icedemo.obj
 0003:00001b14       $SG19403                   0042eb14     icedemo.obj
 0003:00001b28       $SG19368                   0042eb28     icedemo.obj
 0003:00001b70       $SG19391                   0042eb70     icedemo.obj
 0003:00001b78       $SG19399                   0042eb78     icedemo.obj
 0003:00001b88       $SG19401                   0042eb88     icedemo.obj
 0003:00001b98       $SG19405                   0042eb98     icedemo.obj
 0003:00001ba0       $SG19407                   0042eba0     icedemo.obj
 0003:00001bac       $SG19408                   0042ebac     icedemo.obj
 0003:00001bc4       $SG19412                   0042ebc4     icedemo.obj
 0003:00001be4       $SG19425                   0042ebe4     icedemo.obj
 0003:00001c14       $SG19427                   0042ec14     icedemo.obj
 0003:00001c20       _cand_type_names           0042ec20     pjnath-i386-win32-vc14-release:ice_session.obj
 0003:00001c30       _check_state_name          0042ec30     pjnath-i386-win32-vc14-release:ice_session.obj
 0003:00001c44       _clist_state_name          0042ec44     pjnath-i386-win32-vc14-release:ice_session.obj
 0003:00001c50       _role_names                0042ec50     pjnath-i386-win32-vc14-release:ice_session.obj
 0003:00001c5c       _cand_type_prefs           0042ec5c     pjnath-i386-win32-vc14-release:ice_session.obj
 0003:00001c60       _srflx_pref_table          0042ec60     pjnath-i386-win32-vc14-release:ice_strans.obj
 0003:00001c68       _stun_method_names         0042ec68     pjnath-i386-win32-vc14-release:stun_msg.obj
 0003:00001c90       _stun_err_msg_map          0042ec90     pjnath-i386-win32-vc14-release:stun_msg.obj
 0003:00001d20       _mandatory_attr_desc       0042ed20     pjnath-i386-win32-vc14-release:stun_msg.obj
 0003:00002040       _extended_attr_desc        0042f040     pjnath-i386-win32-vc14-release:stun_msg.obj
 0003:000020e0       _tsx_cb                    0042f0e0     pjnath-i386-win32-vc14-release:stun_session.obj
 0003:000020ec       _state_names               0042f0ec     pjnath-i386-win32-vc14-release:turn_session.obj
 0003:00002114       _state_names               0042f114     pjlib-util-i386-win32-vc14-release:resolver.obj
 0003:00002124       _id                        0042f124     pjlib-i386-win32-vc14-release:config.obj
 0003:00002128       _thread_tls_id             0042f128     pjlib-i386-win32-vc14-release:os_core_win32.obj
 0003:0000212c       _pj_log_max_level          0042f12c     pjlib-i386-win32-vc14-release:log.obj
 0003:00002130       _thread_suspended_tls_id   0042f130     pjlib-i386-win32-vc14-release:log.obj
 0003:00002134       _thread_indent_tls_id      0042f134     pjlib-i386-win32-vc14-release:log.obj
 0003:00002138       _log_writer                0042f138     pjlib-i386-win32-vc14-release:log.obj
 0003:0000213c       _log_decor                 0042f13c     pjlib-i386-win32-vc14-release:log.obj
 0003:00002140       _PJ_LOG_COLOR_0            0042f140     pjlib-i386-win32-vc14-release:log.obj
 0003:00002144       _PJ_LOG_COLOR_1            0042f144     pjlib-i386-win32-vc14-release:log.obj
 0003:00002148       _PJ_LOG_COLOR_2            0042f148     pjlib-i386-win32-vc14-release:log.obj
 0003:0000214c       _PJ_LOG_COLOR_3            0042f14c     pjlib-i386-win32-vc14-release:log.obj
 0003:00002150       _PJ_LOG_COLOR_4            0042f150     pjlib-i386-win32-vc14-release:log.obj
 0003:00002154       _PJ_LOG_COLOR_5            0042f154     pjlib-i386-win32-vc14-release:log.obj
 0003:00002158       _PJ_LOG_COLOR_6            0042f158     pjlib-i386-win32-vc14-release:log.obj
 0003:0000215c       _PJ_LOG_COLOR_77           0042f15c     pjlib-i386-win32-vc14-release:log.obj
 0003:00002160       ?ltexts@?2??pj_log@@9@9    0042f160     pjlib-i386-win32-vc14-release:log.obj
 0003:0000217c       ?wdays@?3??pj_log@@9@9     0042f17c     pjlib-i386-win32-vc14-release:log.obj
 0003:00002198       _pool_sizes                0042f198     pjlib-i386-win32-vc14-release:pool_caching.obj
 0003:000021d8       _mutex_lock_template       0042f1d8     pjlib-i386-win32-vc14-release:lock.obj
 0003:000021ec       _null_lock_template        0042f1ec     pjlib-i386-win32-vc14-release:lock.obj
 0003:00002200       _sem_lock_template         0042f200     pjlib-i386-win32-vc14-release:lock.obj
 0003:00002214       _thread_local_id           0042f214     pjlib-i386-win32-vc14-release:except.obj
 0003:00002218       _tls                       0042f218     pjlib-i386-win32-vc14-release:pool_buf.obj
 0003:0000221c       ?hex@?1??hex2digit@@9@9    0042f21c     pjlib-i386-win32-vc14-release:guid_win32.obj
 0003:00002268       _icedemo                   0042f268     icedemo.obj
 0003:00002ce0       ?buffer@?1??icedemo_show_ice@@9@9 0042fce0     icedemo.obj
 0003:000030c8       $SG18945                   004300c8     icedemo.obj
 0003:000030c9       $SG18947                   004300c9     icedemo.obj
 0003:000030ca       $SG19226                   004300ca     icedemo.obj
 0003:000030cb       $SG19228                   004300cb     icedemo.obj
 0003:000030cc       $SG19231                   004300cc     icedemo.obj
 0003:000030cd       $SG19233                   004300cd     icedemo.obj
 0003:000030ce       $SG19237                   004300ce     icedemo.obj
 0003:000030cf       $SG19330                   004300cf     icedemo.obj
 0003:000030d0       $SG19346                   004300d0     icedemo.obj
 0003:000030d1       $SG19355                   004300d1     icedemo.obj
 0003:000030d2       $SG19360                   004300d2     icedemo.obj
 0003:000030d3       $SG19369                   004300d3     icedemo.obj
 0003:000030d4       _padding_char              004300d4     pjnath-i386-win32-vc14-release:stun_msg.obj
 0003:000030d8       ?pj_stun_tsx_id_counter@?5??pj_stun_msg_init@@9@9 004300d8     pjnath-i386-win32-vc14-release:stun_msg.obj
 0003:000030e0       ___getopt_initialized      004300e0     pjlib-util-i386-win32-vc14-release:getopt.obj
 0003:000030e4       _nextchar                  004300e4     pjlib-util-i386-win32-vc14-release:getopt.obj
 0003:000030e8       _ordering                  004300e8     pjlib-util-i386-win32-vc14-release:getopt.obj
 0003:000030ec       _posixly_correct           004300ec     pjlib-util-i386-win32-vc14-release:getopt.obj
 0003:000030f0       _first_nonopt              004300f0     pjlib-util-i386-win32-vc14-release:getopt.obj
 0003:000030f4       _last_nonopt               004300f4     pjlib-util-i386-win32-vc14-release:getopt.obj
 0003:000030f8       _initialized               004300f8     pjlib-i386-win32-vc14-release:os_core_win32.obj
 0003:000030fc       _atexit_count              004300fc     pjlib-i386-win32-vc14-release:os_core_win32.obj
 0003:00003100       _main_thread               00430100     pjlib-i386-win32-vc14-release:os_core_win32.obj
 0003:00003200       _critical_section_mutex    00430200     pjlib-i386-win32-vc14-release:os_core_win32.obj
 0003:00003238       _atexit_func               00430238     pjlib-i386-win32-vc14-release:os_core_win32.obj
 0003:000032b8       _err_msg_hnd_cnt           004302b8     pjlib-i386-win32-vc14-release:errno.obj
 0003:000032c0       _err_msg_hnd               004302c0     pjlib-i386-win32-vc14-release:errno.obj
 0003:00003338       _g_last_thread             00430338     pjlib-i386-win32-vc14-release:log.obj
 0003:00003340       ?buf@?1??pj_gethostname@@9@9 00430340     pjlib-i386-win32-vc14-release:sock_bsd.obj
 0003:000033c0       ?hostname@?1??pj_gethostname@@9@9 004303c0     pjlib-i386-win32-vc14-release:sock_bsd.obj
 0003:000033c8       _base_time                 004303c8     pjlib-i386-win32-vc14-release:os_time_win32.obj
 0003:000033d0       _s_hDLL                    004303d0     pjlib-i386-win32-vc14-release:ip_helper_win32.obj
 0003:000033d4       _s_pfnGetIpAddrTable       004303d4     pjlib-i386-win32-vc14-release:ip_helper_win32.obj
 0003:000033d8       _s_pfnGetAdapterAddresses  004303d8     pjlib-i386-win32-vc14-release:ip_helper_win32.obj
 0003:000033dc       _s_pfnGetIpForwardTable    004303dc     pjlib-i386-win32-vc14-release:ip_helper_win32.obj
 0003:000033e0       _s_pfnGetIfEntry           004303e0     pjlib-i386-win32-vc14-release:ip_helper_win32.obj
 0003:000033e8       _exception_id_names        004303e8     pjlib-i386-win32-vc14-release:except.obj
 0003:00003428       ?unknown_name@?1??pj_exception_id_name@@9@9 00430428     pjlib-i386-win32-vc14-release:except.obj
 0003:00003448       _stack_based_factory       00430448     pjlib-i386-win32-vc14-release:pool_buf.obj
 0003:0000346c       _is_initialized            0043046c     pjlib-i386-win32-vc14-release:pool_buf.obj
 0003:00003470       _GS_ExceptionRecord        00430470     MSVCRT:gs_report.obj
 0003:000034c0       _GS_ContextRecord          004304c0     MSVCRT:gs_report.obj
 0003:0000379c       ?is_initialized_as_dll@@3_NA 0043079c     MSVCRT:utility.obj
 0003:0000379d       ?module_local_atexit_table_initialized@@3_NA 0043079d     MSVCRT:utility.obj
 0003:000037a0       ?module_local_atexit_table@@3U_onexit_table_t@@A 004307a0     MSVCRT:utility.obj
 0003:000037ac       ?module_local_at_quick_exit_table@@3U_onexit_table_t@@A 004307ac     MSVCRT:utility.obj
