 streamutil

 Timestamp is 619c3fd8 (Tue Nov 23 09:11:52 2021)

 Preferred load address is 00400000

 Start         Length     Name                   Class
 0001:00000000 00054a62H .text$mn                CODE
 0002:00000000 000002bcH .idata$5                DATA
 0002:000002bc 00000004H .00cfg                  DATA
 0002:000002c0 00000004H .CRT$XCA                DATA
 0002:000002c4 00000004H .CRT$XCAA               DATA
 0002:000002c8 00000004H .CRT$XCZ                DATA
 0002:000002cc 00000004H .CRT$XIA                DATA
 0002:000002d0 00000004H .CRT$XIAA               DATA
 0002:000002d4 00000004H .CRT$XIAC               DATA
 0002:000002d8 00000004H .CRT$XIZ                DATA
 0002:000002dc 00000004H .CRT$XPA                DATA
 0002:000002e0 00000004H .CRT$XPZ                DATA
 0002:000002e4 00000004H .CRT$XTA                DATA
 0002:000002e8 00000008H .CRT$XTZ                DATA
 0002:000002ec 00000000H .gfids$y                DATA
 0002:000002f0 000156f0H .rdata                  DATA
 0002:000159e0 00000004H .rdata$sxdata           DATA
 0002:000159e4 0000023cH .rdata$zzzdbg           DATA
 0002:00015c20 00000004H .rtc$IAA                DATA
 0002:00015c24 00000004H .rtc$IZZ                DATA
 0002:00015c28 00000004H .rtc$TAA                DATA
 0002:00015c2c 00000004H .rtc$TZZ                DATA
 0002:00015c30 0000003cH .xdata$x                DATA
 0002:00015c6c 00000000H .edata                  DATA
 0002:00015c6c 00000104H .idata$2                DATA
 0002:00015d70 00000014H .idata$3                DATA
 0002:00015d84 000002bcH .idata$4                DATA
 0002:00016040 00000afcH .idata$6                DATA
 0003:00000000 000038e0H .data                   DATA
 0003:000038e0 00002190H .bss                    DATA
 0004:00000000 000005e0H _RDATA                  DATA

  Address         Publics by Value              Rva+Base       Lib:Object

 0000:00000000       ___guard_fids_table        00000000     <absolute>
 0000:00000000       ___guard_iat_table         00000000     <absolute>
 0000:00000000       ___volatile_metadata       00000000     <absolute>
 0000:00000000       ___hybrid_auxiliary_iat    00000000     <absolute>
 0000:00000000       ___guard_longjmp_count     00000000     <absolute>
 0000:00000000       ___enclave_config          00000000     <absolute>
 0000:00000000       ___guard_fids_count        00000000     <absolute>
 0000:00000000       ___dynamic_value_reloc_table 00000000     <absolute>
 0000:00000000       ___guard_longjmp_table     00000000     <absolute>
 0000:00000000       ___guard_iat_count         00000000     <absolute>
 0000:00000000       ___hybrid_code_map_count   00000000     <absolute>
 0000:00000000       ___hybrid_code_map         00000000     <absolute>
 0000:00000001       ___safe_se_handler_count   00000001     <absolute>
 0000:00000100       ___guard_flags             00000100     <absolute>
 0000:00000000       ___ImageBase               00400000     <linker-defined>
 0001:00000310       _get_snd_options           00401310 f   streamutil.obj
 0001:00000700       _dump_pool_usage           00401700 f   streamutil.obj
 0001:00000fa0       _my_hex_string_to_octet_string 00401fa0 f   streamutil.obj
 0001:00001610       _main                      00402610 f   streamutil.obj
 0001:00002350       ___local_stdio_printf_options 00403350 f i streamutil.obj
 0001:00002360       _printf                    00403360 f i streamutil.obj
 0001:00002390       _sprintf                   00403390 f i streamutil.obj
 0001:000023d0       _pjmedia_codec_register_audio_codecs 004033d0 f   pjmedia-codec-i386-win32-vc14-release:audio_codecs.obj
 0001:000024b0       _pjmedia_codec_l16_deinit  004034b0 f   pjmedia-codec-i386-win32-vc14-release:l16.obj
 0001:000027d0       _echo_supp_destroy         004037d0 f   pjmedia-i386-win32-vc14-release:echo_suppress.obj
 0001:000027d0       _srtp_ekt_stream_init_from_policy 004037d0 f   libsrtp-i386-win32-vc14-release:ekt.obj
 0001:000027d0       __get_startup_commit_mode  004037d0 f   MSVCRT:commit_mode.obj
 0001:000027d0       ___scrt_initialize_winrt   004037d0 f   MSVCRT:utility_desktop.obj
 0001:000027d0       __get_startup_new_mode     004037d0 f   MSVCRT:new_mode.obj
 0001:000027d0       _srtp_err_reporting_init   004037d0 f   libsrtp-i386-win32-vc14-release:srtp_err.obj
 0001:000027d0       ___scrt_stub_for_initialize_mta 004037d0 f   MSVCRT:utility_desktop.obj
 0001:000027d0       ___scrt_exe_initialize_mta 004037d0 f   MSVCRT:utility_desktop.obj
 0001:000027d0       __get_startup_thread_locale_mode 004037d0 f   MSVCRT:thread_locale.obj
 0001:000027d0       _pjmedia_wsola_destroy     004037d0 f   pjmedia-i386-win32-vc14-release:wsola.obj
 0001:000027d0       __matherr                  004037d0 f   MSVCRT:matherr.obj
 0001:00002ae0       _pjmedia_codec_l16_init    00403ae0 f   pjmedia-codec-i386-win32-vc14-release:l16.obj
 0001:00002bc0       _pjmedia_codec_gsm_deinit  00403bc0 f   pjmedia-codec-i386-win32-vc14-release:gsm.obj
 0001:00003290       _pjmedia_codec_gsm_init    00404290 f   pjmedia-codec-i386-win32-vc14-release:gsm.obj
 0001:00003980       _pjmedia_codec_speex_deinit 00404980 f   pjmedia-codec-i386-win32-vc14-release:speex_codec.obj
 0001:00003e40       _pjmedia_codec_speex_init  00404e40 f   pjmedia-codec-i386-win32-vc14-release:speex_codec.obj
 0001:00004050       _pjmedia_codec_ilbc_deinit 00405050 f   pjmedia-codec-i386-win32-vc14-release:ilbc.obj
 0001:000048a0       __snprintf                 004058a0 f i pjmedia-codec-i386-win32-vc14-release:ilbc.obj
 0001:000048e0       _pjmedia_codec_ilbc_init   004058e0 f   pjmedia-codec-i386-win32-vc14-release:ilbc.obj
 0001:00004990       _pjmedia_codec_g722_deinit 00405990 f   pjmedia-codec-i386-win32-vc14-release:g722.obj
 0001:00005180       _pjmedia_codec_g722_init   00406180 f   pjmedia-codec-i386-win32-vc14-release:g722.obj
 0001:00005a30       _g722_enc_encode           00406a30 f   pjmedia-codec-i386-win32-vc14-release:g722_enc.obj
 0001:00005de0       _g722_enc_init             00406de0 f   pjmedia-codec-i386-win32-vc14-release:g722_enc.obj
 0001:00005de0       _g722_dec_init             00406de0 f   pjmedia-codec-i386-win32-vc14-release:g722_dec.obj
 0001:00006330       _g722_dec_decode           00407330 f   pjmedia-codec-i386-win32-vc14-release:g722_dec.obj
 0001:00006730       _pjmedia_aud_subsys_init   00407730 f   pjmedia-audiodev-i386-win32-vc14-release:audiodev.obj
 0001:000067d0       _pjmedia_aud_subsys_shutdown 004077d0 f   pjmedia-audiodev-i386-win32-vc14-release:audiodev.obj
 0001:00006810       _pjmedia_audiodev_strerror 00407810 f   pjmedia-audiodev-i386-win32-vc14-release:errno.obj
 0001:00007b70       _pjmedia_wmme_factory      00408b70 f   pjmedia-audiodev-i386-win32-vc14-release:wmme_dev.obj
 0001:000080c0       _pjmedia_port_destroy      004090c0 f   pjmedia-i386-win32-vc14-release:port.obj
 0001:000080f0       _pjmedia_port_get_frame    004090f0 f   pjmedia-i386-win32-vc14-release:port.obj
 0001:00008130       _pjmedia_port_info_init    00409130 f   pjmedia-i386-win32-vc14-release:port.obj
 0001:00008200       _pjmedia_port_put_frame    00409200 f   pjmedia-i386-win32-vc14-release:port.obj
 0001:00008230       _pjmedia_codec_info_to_id  00409230 f   pjmedia-i386-win32-vc14-release:codec.obj
 0001:00008280       _pjmedia_codec_mgr_alloc_codec 00409280 f   pjmedia-i386-win32-vc14-release:codec.obj
 0001:00008320       _pjmedia_codec_mgr_dealloc_codec 00409320 f   pjmedia-i386-win32-vc14-release:codec.obj
 0001:00008350       _pjmedia_codec_mgr_destroy 00409350 f   pjmedia-i386-win32-vc14-release:codec.obj
 0001:000083e0       _pjmedia_codec_mgr_find_codecs_by_id 004093e0 f   pjmedia-i386-win32-vc14-release:codec.obj
 0001:000084c0       _pjmedia_codec_mgr_get_codec_info 004094c0 f   pjmedia-i386-win32-vc14-release:codec.obj
 0001:00008540       _pjmedia_codec_mgr_get_default_param 00409540 f   pjmedia-i386-win32-vc14-release:codec.obj
 0001:000086b0       _pjmedia_codec_mgr_init    004096b0 f   pjmedia-i386-win32-vc14-release:codec.obj
 0001:00008720       _pjmedia_codec_mgr_register_factory 00409720 f   pjmedia-i386-win32-vc14-release:codec.obj
 0001:000088e0       _pjmedia_codec_mgr_unregister_factory 004098e0 f   pjmedia-i386-win32-vc14-release:codec.obj
 0001:000089a0       _pjmedia_codec_param_clone 004099a0 f   pjmedia-i386-win32-vc14-release:codec.obj
 0001:00008b80       _pjmedia_endpt_atexit      00409b80 f   pjmedia-i386-win32-vc14-release:endpoint.obj
 0001:00008be0       _pjmedia_endpt_create2     00409be0 f   pjmedia-i386-win32-vc14-release:endpoint.obj
 0001:00008da0       _pjmedia_endpt_create_pool 00409da0 f   pjmedia-i386-win32-vc14-release:endpoint.obj
 0001:00008dc0       _pjmedia_endpt_destroy2    00409dc0 f   pjmedia-i386-win32-vc14-release:endpoint.obj
 0001:00008e80       _pj_pool_getobjname        00409e80 f   pjlib-i386-win32-vc14-release:pool.obj
 0001:00008e80       _pjmedia_endpt_get_codec_mgr 00409e80 f   pjmedia-i386-win32-vc14-release:endpoint.obj
 0001:00008e90       _pjmedia_endpt_get_ioqueue 00409e90 f   pjmedia-i386-win32-vc14-release:endpoint.obj
 0001:00009010       _pjmedia_master_port_create 0040a010 f   pjmedia-i386-win32-vc14-release:master_port.obj
 0001:000091e0       _pjmedia_master_port_destroy 0040a1e0 f   pjmedia-i386-win32-vc14-release:master_port.obj
 0001:00009260       _pjmedia_master_port_start 0040a260 f   pjmedia-i386-win32-vc14-release:master_port.obj
 0001:000092a0       _pjmedia_snd_port_connect  0040a2a0 f   pjmedia-i386-win32-vc14-release:sound_port.obj
 0001:00009370       _pjmedia_snd_port_create   0040a370 f   pjmedia-i386-win32-vc14-release:sound_port.obj
 0001:00009430       _pjmedia_snd_port_create2  0040a430 f   pjmedia-i386-win32-vc14-release:sound_port.obj
 0001:000095a0       _pjmedia_snd_port_create_player 0040a5a0 f   pjmedia-i386-win32-vc14-release:sound_port.obj
 0001:00009650       _pjmedia_snd_port_create_rec 0040a650 f   pjmedia-i386-win32-vc14-release:sound_port.obj
 0001:00009700       _pjmedia_snd_port_destroy  0040a700 f   pjmedia-i386-win32-vc14-release:sound_port.obj
 0001:00009760       _pjmedia_snd_port_set_ec   0040a760 f   pjmedia-i386-win32-vc14-release:sound_port.obj
 0001:0000b6a0       _pjmedia_stream_create     0040c6a0 f   pjmedia-i386-win32-vc14-release:stream.obj
 0001:0000c170       _pjmedia_stream_destroy    0040d170 f   pjmedia-i386-win32-vc14-release:stream.obj
 0001:0000c340       _pjmedia_stream_get_port   0040d340 f   pjmedia-i386-win32-vc14-release:stream.obj
 0001:0000c360       _pjmedia_stream_get_stat   0040d360 f   pjmedia-i386-win32-vc14-release:stream.obj
 0001:0000c390       _pjmedia_stream_get_transport 0040d390 f   pjmedia-i386-win32-vc14-release:stream.obj
 0001:0000c3a0       _pjmedia_stream_start      0040d3a0 f   pjmedia-i386-win32-vc14-release:stream.obj
 0001:0000ec80       _get_libsrtp_errstr        0040fc80 f   pjmedia-i386-win32-vc14-release:transport_srtp.obj
 0001:0000ef90       _pjmedia_transport_srtp_create 0040ff90 f   pjmedia-i386-win32-vc14-release:transport_srtp.obj
 0001:0000f3d0       _pjmedia_transport_srtp_dtls_start_nego 004103d0 f   pjmedia-i386-win32-vc14-release:transport_srtp.obj
 0001:0000f3d0       _pjmedia_transport_srtp_dtls_get_fingerprint 004103d0 f   pjmedia-i386-win32-vc14-release:transport_srtp.obj
 0001:0000f3e0       _pjmedia_transport_srtp_start 004103e0 f   pjmedia-i386-win32-vc14-release:transport_srtp.obj
 0001:0000fa80       _pjmedia_transport_srtp_stop 00410a80 f   pjmedia-i386-win32-vc14-release:transport_srtp.obj
 0001:00010a60       _pjmedia_transport_udp_attach 00411a60 f   pjmedia-i386-win32-vc14-release:transport_udp.obj
 0001:00010db0       _pjmedia_transport_udp_create 00411db0 f   pjmedia-i386-win32-vc14-release:transport_udp.obj
 0001:000114e0       _pjmedia_wav_player_port_create 004124e0 f   pjmedia-i386-win32-vc14-release:wav_player.obj
 0001:00011ca0       _pjmedia_wav_writer_port_create 00412ca0 f   pjmedia-i386-win32-vc14-release:wav_writer.obj
 0001:00011fb0       _pjmedia_codec_g711_deinit 00412fb0 f   pjmedia-i386-win32-vc14-release:g711.obj
 0001:00012690       _pjmedia_codec_g711_init   00413690 f   pjmedia-i386-win32-vc14-release:g711.obj
 0001:00012820       _pjmedia_plc_create        00413820 f   pjmedia-i386-win32-vc14-release:plc_common.obj
 0001:00012880       _pjmedia_plc_generate      00413880 f   pjmedia-i386-win32-vc14-release:plc_common.obj
 0001:000128b0       _pjmedia_plc_save          004138b0 f   pjmedia-i386-win32-vc14-release:plc_common.obj
 0001:000128e0       _pjmedia_calc_avg_signal   004138e0 f   pjmedia-i386-win32-vc14-release:silencedet.obj
 0001:00012930       _pjmedia_silence_det_apply 00413930 f   pjmedia-i386-win32-vc14-release:silencedet.obj
 0001:00012b10       _pjmedia_silence_det_create 00413b10 f   pjmedia-i386-win32-vc14-release:silencedet.obj
 0001:00012b90       _pjmedia_silence_det_detect 00413b90 f   pjmedia-i386-win32-vc14-release:silencedet.obj
 0001:00012d20       _pjmedia_aud_dev_default_param 00413d20 f   pjmedia-i386-win32-vc14-release:audiodev.obj
 0001:00012da0       _pjmedia_aud_dev_get_info  00413da0 f   pjmedia-i386-win32-vc14-release:audiodev.obj
 0001:00012e00       _pjmedia_aud_driver_deinit 00413e00 f   pjmedia-i386-win32-vc14-release:audiodev.obj
 0001:00012ed0       _pjmedia_aud_driver_init   00413ed0 f   pjmedia-i386-win32-vc14-release:audiodev.obj
 0001:00013150       _pjmedia_aud_stream_create 00414150 f   pjmedia-i386-win32-vc14-release:audiodev.obj
 0001:00013300       _pjmedia_aud_stream_destroy 00414300 f   pjmedia-i386-win32-vc14-release:audiodev.obj
 0001:00013320       _pjmedia_aud_stream_get_cap 00414320 f   pjmedia-i386-win32-vc14-release:audiodev.obj
 0001:00013340       _pjmedia_aud_stream_get_param 00414340 f   pjmedia-i386-win32-vc14-release:audiodev.obj
 0001:000133a0       _pjmedia_aud_stream_set_cap 004143a0 f   pjmedia-i386-win32-vc14-release:audiodev.obj
 0001:000133c0       _pjmedia_aud_stream_start  004143c0 f   pjmedia-i386-win32-vc14-release:audiodev.obj
 0001:000133e0       _pjmedia_aud_stream_stop   004143e0 f   pjmedia-i386-win32-vc14-release:audiodev.obj
 0001:00013400       _pjmedia_get_aud_subsys    00414400 f   pjmedia-i386-win32-vc14-release:audiodev.obj
 0001:00013410       _pjmedia_format_get_audio_format_detail 00414410 f   pjmedia-i386-win32-vc14-release:format.obj
 0001:00013430       _pjmedia_sdp_attr_add      00414430 f   pjmedia-i386-win32-vc14-release:sdp.obj
 0001:00013470       _pjmedia_sdp_attr_create   00414470 f   pjmedia-i386-win32-vc14-release:sdp.obj
 0001:000134d0       _pjmedia_sdp_attr_create_rtcp 004144d0 f   pjmedia-i386-win32-vc14-release:sdp.obj
 0001:000135a0       _pjmedia_sdp_attr_find     004145a0 f   pjmedia-i386-win32-vc14-release:sdp.obj
 0001:00013620       _pjmedia_sdp_attr_remove_all 00414620 f   pjmedia-i386-win32-vc14-release:sdp.obj
 0001:000136b0       _pjmedia_sdp_media_deactivate 004146b0 f   pjmedia-i386-win32-vc14-release:sdp.obj
 0001:000136e0       _pjmedia_sdp_media_find_attr 004146e0 f   pjmedia-i386-win32-vc14-release:sdp.obj
 0001:00013710       _pjmedia_sdp_transport_get_proto 00414710 f   pjmedia-i386-win32-vc14-release:sdp.obj
 0001:00013850       _pjmedia_strerror          00414850 f   pjmedia-i386-win32-vc14-release:errno.obj
 0001:00013ab0       _pjmedia_clock_create      00414ab0 f   pjmedia-i386-win32-vc14-release:clock_thread.obj
 0001:00013c20       _pjmedia_clock_destroy     00414c20 f   pjmedia-i386-win32-vc14-release:clock_thread.obj
 0001:00013c90       _pjmedia_clock_src_init    00414c90 f   pjmedia-i386-win32-vc14-release:clock_thread.obj
 0001:00013cd0       _pjmedia_clock_src_update  00414cd0 f   pjmedia-i386-win32-vc14-release:clock_thread.obj
 0001:00013d10       _pjmedia_clock_start       00414d10 f   pjmedia-i386-win32-vc14-release:clock_thread.obj
 0001:00013da0       _pjmedia_echo_capture      00414da0 f   pjmedia-i386-win32-vc14-release:echo_common.obj
 0001:00013e60       _pjmedia_echo_create2      00414e60 f   pjmedia-i386-win32-vc14-release:echo_common.obj
 0001:00014020       _pjmedia_echo_destroy      00415020 f   pjmedia-i386-win32-vc14-release:echo_common.obj
 0001:00014060       _pjmedia_echo_playback     00415060 f   pjmedia-i386-win32-vc14-release:echo_common.obj
 0001:000142c0       _pjmedia_event_init        004152c0 f   pjmedia-i386-win32-vc14-release:event.obj
 0001:00014300       _pjmedia_event_publish     00415300 f   pjmedia-i386-win32-vc14-release:event.obj
 0001:00014430       _pjmedia_event_subscribe   00415430 f   pjmedia-i386-win32-vc14-release:event.obj
 0001:00014510       _pjmedia_event_unsubscribe 00415510 f   pjmedia-i386-win32-vc14-release:event.obj
 0001:00014cf0       _pjmedia_jbuf_create       00415cf0 f   pjmedia-i386-win32-vc14-release:jbuf.obj
 0001:00014f20       _pjmedia_jbuf_destroy      00415f20 f   pjmedia-i386-win32-vc14-release:jbuf.obj
 0001:00015060       _pjmedia_jbuf_get_frame2   00416060 f   pjmedia-i386-win32-vc14-release:jbuf.obj
 0001:00015080       _pjmedia_jbuf_get_frame3   00416080 f   pjmedia-i386-win32-vc14-release:jbuf.obj
 0001:000151a0       _pjmedia_jbuf_get_state    004161a0 f   pjmedia-i386-win32-vc14-release:jbuf.obj
 0001:00015240       _pjmedia_jbuf_put_frame2   00416240 f   pjmedia-i386-win32-vc14-release:jbuf.obj
 0001:00015270       _pjmedia_jbuf_put_frame3   00416270 f   pjmedia-i386-win32-vc14-release:jbuf.obj
 0001:000153a0       _pjmedia_jbuf_reset        004163a0 f   pjmedia-i386-win32-vc14-release:jbuf.obj
 0001:00015430       _pjmedia_jbuf_set_adaptive 00416430 f   pjmedia-i386-win32-vc14-release:jbuf.obj
 0001:00015470       _pjmedia_jbuf_set_ptime    00416470 f   pjmedia-i386-win32-vc14-release:jbuf.obj
 0001:000154c0       _pjmedia_rtp_decode_rtp    004164c0 f   pjmedia-i386-win32-vc14-release:rtp.obj
 0001:00015550       _pjmedia_rtp_encode_rtp    00416550 f   pjmedia-i386-win32-vc14-release:rtp.obj
 0001:000155e0       _pjmedia_rtp_seq_init      004165e0 f   pjmedia-i386-win32-vc14-release:rtp.obj
 0001:00015610       _pjmedia_rtp_seq_update    00416610 f   pjmedia-i386-win32-vc14-release:rtp.obj
 0001:00015710       _pjmedia_rtp_session_init2 00416710 f   pjmedia-i386-win32-vc14-release:rtp.obj
 0001:00015810       _pjmedia_rtp_session_update2 00416810 f   pjmedia-i386-win32-vc14-release:rtp.obj
 0001:00015cf0       _pjmedia_rtcp_build_rtcp   00416cf0 f   pjmedia-i386-win32-vc14-release:rtcp.obj
 0001:00015f30       _pjmedia_rtcp_build_rtcp_bye 00416f30 f   pjmedia-i386-win32-vc14-release:rtcp.obj
 0001:00016030       _pjmedia_rtcp_build_rtcp_sdes 00417030 f   pjmedia-i386-win32-vc14-release:rtcp.obj
 0001:000162a0       _pjmedia_rtcp_get_ntp_time 004172a0 f   pjmedia-i386-win32-vc14-release:rtcp.obj
 0001:00016420       _pjmedia_rtcp_init2        00417420 f   pjmedia-i386-win32-vc14-release:rtcp.obj
 0001:00016520       _pjmedia_rtcp_rx_rtcp      00417520 f   pjmedia-i386-win32-vc14-release:rtcp.obj
 0001:000167f0       _pjmedia_rtcp_rx_rtp2      004177f0 f   pjmedia-i386-win32-vc14-release:rtcp.obj
 0001:000169c0       _pjmedia_rtcp_session_setting_default 004179c0 f   pjmedia-i386-win32-vc14-release:rtcp.obj
 0001:000169e0       _pjmedia_rtcp_tx_rtp       004179e0 f   pjmedia-i386-win32-vc14-release:rtcp.obj
 0001:00016a00       _pjmedia_rtcp_fb_build_nack 00417a00 f   pjmedia-i386-win32-vc14-release:rtcp_fb.obj
 0001:00016ae0       _pjmedia_rtcp_fb_info_dup  00417ae0 f   pjmedia-i386-win32-vc14-release:rtcp_fb.obj
 0001:00016b70       _pjmedia_rtcp_fb_parse_nack 00417b70 f   pjmedia-i386-win32-vc14-release:rtcp_fb.obj
 0001:00016c40       @_guard_check_icall_nop@4  00417c40 f   MSVCRT:guard_support.obj
 0001:00016c40       __initialize_invalid_parameter_handler 00417c40 f   MSVCRT:invalid_parameter_handler.obj
 0001:00016c40       __initialize_denormal_control 00417c40 f   MSVCRT:denormal_control.obj
 0001:00016c40       _vbr_destroy               00417c40 f   libspeex-i386-win32-vc14-release:vbr.obj
 0001:00016c40       _pjmedia_wave_hdr_file_to_host 00417c40 f   pjmedia-i386-win32-vc14-release:wave.obj
 0001:00016c40       _pjmedia_wave_hdr_host_to_file 00417c40 f   pjmedia-i386-win32-vc14-release:wave.obj
 0001:00017520       _pjmedia_wsola_create      00418520 f   pjmedia-i386-win32-vc14-release:wsola.obj
 0001:00017870       _pjmedia_wsola_discard     00418870 f   pjmedia-i386-win32-vc14-release:wsola.obj
 0001:00017ac0       _pjmedia_wsola_generate    00418ac0 f   pjmedia-i386-win32-vc14-release:wsola.obj
 0001:00017b90       _pjmedia_wsola_save        00418b90 f   pjmedia-i386-win32-vc14-release:wsola.obj
 0001:00018020       _echo_supp_cancel_echo     00419020 f   pjmedia-i386-win32-vc14-release:echo_suppress.obj
 0001:000183a0       _echo_supp_create          004193a0 f   pjmedia-i386-win32-vc14-release:echo_suppress.obj
 0001:00018570       _echo_supp_reset           00419570 f   pjmedia-i386-win32-vc14-release:echo_suppress.obj
 0001:00018cb0       _speex_aec_cancel_echo     00419cb0 f   pjmedia-i386-win32-vc14-release:echo_speex.obj
 0001:00018d10       _speex_aec_capture         00419d10 f   pjmedia-i386-win32-vc14-release:echo_speex.obj
 0001:00018d60       _speex_aec_create          00419d60 f   pjmedia-i386-win32-vc14-release:echo_speex.obj
 0001:00018e80       _speex_aec_destroy         00419e80 f   pjmedia-i386-win32-vc14-release:echo_speex.obj
 0001:00018ed0       _speex_aec_playback        00419ed0 f   pjmedia-i386-win32-vc14-release:echo_speex.obj
 0001:00018f00       _speex_aec_reset           00419f00 f   pjmedia-i386-win32-vc14-release:echo_speex.obj
 0001:000190c0       _pjmedia_delay_buf_create  0041a0c0 f   pjmedia-i386-win32-vc14-release:delaybuf.obj
 0001:00019220       _pjmedia_delay_buf_destroy 0041a220 f   pjmedia-i386-win32-vc14-release:delaybuf.obj
 0001:00019280       _pjmedia_delay_buf_get     0041a280 f   pjmedia-i386-win32-vc14-release:delaybuf.obj
 0001:000193c0       _pjmedia_delay_buf_put     0041a3c0 f   pjmedia-i386-win32-vc14-release:delaybuf.obj
 0001:00019f00       _pj_getopt_long            0041af00 f   pjlib-util-i386-win32-vc14-release:getopt.obj
 0001:00019f20       _pj_base64_decode          0041af20 f   pjlib-util-i386-win32-vc14-release:base64.obj
 0001:0001a110       _pj_base64_encode          0041b110 f   pjlib-util-i386-win32-vc14-release:base64.obj
 0001:0001a310       _pj_atexit                 0041b310 f   pjlib-i386-win32-vc14-release:os_core_win32.obj
 0001:0001a340       _pj_atomic_dec_and_get     0041b340 f   pjlib-i386-win32-vc14-release:os_core_win32.obj
 0001:0001a390       _pj_atomic_destroy         0041b390 f   pjlib-i386-win32-vc14-release:os_core_win32.obj
 0001:0001a3b0       _pj_atomic_inc             0041b3b0 f   pjlib-i386-win32-vc14-release:os_core_win32.obj
 0001:0001a400       _pj_enter_critical_section 0041b400 f   pjlib-i386-win32-vc14-release:os_core_win32.obj
 0001:0001a460       _pj_init                   0041b460 f   pjlib-i386-win32-vc14-release:os_core_win32.obj
 0001:0001a670       _pj_leave_critical_section 0041b670 f   pjlib-i386-win32-vc14-release:os_core_win32.obj
 0001:0001a6d0       _pj_mutex_create           0041b6d0 f   pjlib-i386-win32-vc14-release:os_core_win32.obj
 0001:0001a720       _pj_mutex_create_simple    0041b720 f   pjlib-i386-win32-vc14-release:os_core_win32.obj
 0001:0001a720       _pj_mutex_create_recursive 0041b720 f   pjlib-i386-win32-vc14-release:os_core_win32.obj
 0001:0001a770       _pj_mutex_destroy          0041b770 f   pjlib-i386-win32-vc14-release:os_core_win32.obj
 0001:0001a7e0       _pj_mutex_lock             0041b7e0 f   pjlib-i386-win32-vc14-release:os_core_win32.obj
 0001:0001a850       _pj_mutex_trylock          0041b850 f   pjlib-i386-win32-vc14-release:os_core_win32.obj
 0001:0001a8d0       _pj_mutex_unlock           0041b8d0 f   pjlib-i386-win32-vc14-release:os_core_win32.obj
 0001:0001a940       _pj_sem_destroy            0041b940 f   pjlib-i386-win32-vc14-release:os_core_win32.obj
 0001:0001a9d0       _pj_sem_post               0041b9d0 f   pjlib-i386-win32-vc14-release:os_core_win32.obj
 0001:0001aa70       _pj_sem_trywait            0041ba70 f   pjlib-i386-win32-vc14-release:os_core_win32.obj
 0001:0001aad0       _pj_sem_wait               0041bad0 f   pjlib-i386-win32-vc14-release:os_core_win32.obj
 0001:0001abe0       _pj_shutdown               0041bbe0 f   pjlib-i386-win32-vc14-release:os_core_win32.obj
 0001:0001ad20       _pj_term_set_color         0041bd20 f   pjlib-i386-win32-vc14-release:os_core_win32.obj
 0001:0001adf0       _pj_thread_check_stack     0041bdf0 f   pjlib-i386-win32-vc14-release:os_core_win32.obj
 0001:0001ae40       _pj_thread_create          0041be40 f   pjlib-i386-win32-vc14-release:os_core_win32.obj
 0001:0001af90       _pj_thread_destroy         0041bf90 f   pjlib-i386-win32-vc14-release:os_core_win32.obj
 0001:0001b020       _pj_thread_get_name        0041c020 f   pjlib-i386-win32-vc14-release:os_core_win32.obj
 0001:0001b070       _pj_thread_get_prio_max    0041c070 f   pjlib-i386-win32-vc14-release:os_core_win32.obj
 0001:0001b080       _pj_thread_join            0041c080 f   pjlib-i386-win32-vc14-release:os_core_win32.obj
 0001:0001b140       _pj_thread_local_alloc     0041c140 f   pjlib-i386-win32-vc14-release:os_core_win32.obj
 0001:0001b190       _pj_thread_local_free      0041c190 f   pjlib-i386-win32-vc14-release:os_core_win32.obj
 0001:0001b1e0       _pj_thread_local_get       0041c1e0 f   pjlib-i386-win32-vc14-release:os_core_win32.obj
 0001:0001b1f0       _pj_thread_local_set       0041c1f0 f   pjlib-i386-win32-vc14-release:os_core_win32.obj
 0001:0001b230       _pj_thread_set_prio        0041c230 f   pjlib-i386-win32-vc14-release:os_core_win32.obj
 0001:0001b290       _pj_thread_sleep           0041c290 f   pjlib-i386-win32-vc14-release:os_core_win32.obj
 0001:0001b2e0       _pj_thread_this            0041c2e0 f   pjlib-i386-win32-vc14-release:os_core_win32.obj
 0001:0001b370       _pj_time_val_normalize     0041c370 f   pjlib-i386-win32-vc14-release:types.obj
 0001:0001b400       _pj_gethostname            0041c400 f   pjlib-i386-win32-vc14-release:sock_bsd.obj
 0001:0001b480       _pj_htonl                  0041c480 f   pjlib-i386-win32-vc14-release:sock_bsd.obj
 0001:0001b490       _pj_htons                  0041c490 f   pjlib-i386-win32-vc14-release:sock_bsd.obj
 0001:0001b4a0       _pj_inet_aton              0041c4a0 f   pjlib-i386-win32-vc14-release:sock_bsd.obj
 0001:0001b530       _pj_inet_ntop              0041c530 f   pjlib-i386-win32-vc14-release:sock_bsd.obj
 0001:0001b650       _pj_inet_pton              0041c650 f   pjlib-i386-win32-vc14-release:sock_bsd.obj
 0001:0001b7b0       _pj_ntohl                  0041c7b0 f   pjlib-i386-win32-vc14-release:sock_bsd.obj
 0001:0001b7c0       _pj_ntohs                  0041c7c0 f   pjlib-i386-win32-vc14-release:sock_bsd.obj
 0001:0001b7d0       _pj_sock_accept            0041c7d0 f   pjlib-i386-win32-vc14-release:sock_bsd.obj
 0001:0001b840       _pj_sock_bind              0041c840 f   pjlib-i386-win32-vc14-release:sock_bsd.obj
 0001:0001b8b0       _pj_sock_close             0041c8b0 f   pjlib-i386-win32-vc14-release:sock_bsd.obj
 0001:0001b900       _pj_sock_connect           0041c900 f   pjlib-i386-win32-vc14-release:sock_bsd.obj
 0001:0001b960       _pj_sock_getsockname       0041c960 f   pjlib-i386-win32-vc14-release:sock_bsd.obj
 0001:0001b9c0       _pj_sock_getsockopt        0041c9c0 f   pjlib-i386-win32-vc14-release:sock_bsd.obj
 0001:0001ba30       _pj_sock_recv              0041ca30 f   pjlib-i386-win32-vc14-release:sock_bsd.obj
 0001:0001baa0       _pj_sock_recvfrom          0041caa0 f   pjlib-i386-win32-vc14-release:sock_bsd.obj
 0001:0001bb10       _pj_sock_send              0041cb10 f   pjlib-i386-win32-vc14-release:sock_bsd.obj
 0001:0001bb80       _pj_sock_sendto            0041cb80 f   pjlib-i386-win32-vc14-release:sock_bsd.obj
 0001:0001bbf0       _pj_sock_setsockopt        0041cbf0 f   pjlib-i386-win32-vc14-release:sock_bsd.obj
 0001:0001bc70       _pj_sock_socket            0041cc70 f   pjlib-i386-win32-vc14-release:sock_bsd.obj
 0001:0001bd20       _pj_gethostip              0041cd20 f   pjlib-i386-win32-vc14-release:sock_common.obj
 0001:0001c6e0       _pj_getipinterface         0041d6e0 f   pjlib-i386-win32-vc14-release:sock_common.obj
 0001:0001c8f0       _pj_inet_ntop2             0041d8f0 f   pjlib-i386-win32-vc14-release:sock_common.obj
 0001:0001c920       _pj_sockaddr_cmp           0041d920 f   pjlib-i386-win32-vc14-release:sock_common.obj
 0001:0001caa0       _pj_sockaddr_cp            0041daa0 f   pjlib-i386-win32-vc14-release:sock_common.obj
 0001:0001cb00       _pj_sockaddr_get_addr      0041db00 f   pjlib-i386-win32-vc14-release:sock_common.obj
 0001:0001cb40       _pj_sockaddr_get_addr_len  0041db40 f   pjlib-i386-win32-vc14-release:sock_common.obj
 0001:0001cb80       _pj_sockaddr_get_len       0041db80 f   pjlib-i386-win32-vc14-release:sock_common.obj
 0001:0001cbc0       _pj_sockaddr_get_port      0041dbc0 f   pjlib-i386-win32-vc14-release:sock_common.obj
 0001:0001cbf0       _pj_sockaddr_has_addr      0041dbf0 f   pjlib-i386-win32-vc14-release:sock_common.obj
 0001:0001cca0       _pj_sockaddr_in_init       0041dca0 f   pjlib-i386-win32-vc14-release:sock_common.obj
 0001:0001ccf0       _pj_sockaddr_in_set_str_addr 0041dcf0 f   pjlib-i386-win32-vc14-release:sock_common.obj
 0001:0001cde0       _pj_sockaddr_init          0041dde0 f   pjlib-i386-win32-vc14-release:sock_common.obj
 0001:0001cf80       _pj_sockaddr_print         0041df80 f   pjlib-i386-win32-vc14-release:sock_common.obj
 0001:0001d090       _pj_sockaddr_set_port      0041e090 f   pjlib-i386-win32-vc14-release:sock_common.obj
 0001:0001d0d0       _pj_sockaddr_synthesize    0041e0d0 f   pjlib-i386-win32-vc14-release:sock_common.obj
 0001:0001d250       _pj_errno_clear_handlers   0041e250 f   pjlib-i386-win32-vc14-release:errno.obj
 0001:0001d270       _pj_perror                 0041e270 f   pjlib-i386-win32-vc14-release:errno.obj
 0001:0001d290       _pj_perror_4               0041e290 f   pjlib-i386-win32-vc14-release:errno.obj
 0001:0001d480       _pj_register_strerror      0041e480 f   pjlib-i386-win32-vc14-release:errno.obj
 0001:0001d550       _pj_strerror               0041e550 f   pjlib-i386-win32-vc14-release:errno.obj
 0001:0001d6d0       _pj_log                    0041e6d0 f   pjlib-i386-win32-vc14-release:log.obj
 0001:0001dbd0       _pj_log_1                  0041ebd0 f   pjlib-i386-win32-vc14-release:log.obj
 0001:0001dbf0       _pj_log_2                  0041ebf0 f   pjlib-i386-win32-vc14-release:log.obj
 0001:0001dc10       _pj_log_3                  0041ec10 f   pjlib-i386-win32-vc14-release:log.obj
 0001:0001dc30       _pj_log_4                  0041ec30 f   pjlib-i386-win32-vc14-release:log.obj
 0001:0001dc50       _pj_log_5                  0041ec50 f   pjlib-i386-win32-vc14-release:log.obj
 0001:0001dc70       _pj_log_get_color          0041ec70 f   pjlib-i386-win32-vc14-release:log.obj
 0001:0001dce0       _pj_log_get_decor          0041ece0 f   pjlib-i386-win32-vc14-release:log.obj
 0001:0001dcf0       _pj_log_get_level          0041ecf0 f   pjlib-i386-win32-vc14-release:log.obj
 0001:0001dd00       _pj_log_init               0041ed00 f   pjlib-i386-win32-vc14-release:log.obj
 0001:0001dd70       _pj_create_random_string   0041ed70 f   pjlib-i386-win32-vc14-release:string.obj
 0001:0001de80       _pj_str                    0041ee80 f   pjlib-i386-win32-vc14-release:string.obj
 0001:0001dea0       _pj_strcmp                 0041eea0 f   pjlib-i386-win32-vc14-release:string.obj
 0001:0001df50       _pj_strcmp2                0041ef50 f   pjlib-i386-win32-vc14-release:string.obj
 0001:0001dfb0       _pj_strdup                 0041efb0 f   pjlib-i386-win32-vc14-release:string.obj
 0001:0001dff0       _pj_strdup2                0041eff0 f   pjlib-i386-win32-vc14-release:string.obj
 0001:0001e050       _pj_strdup_with_null       0041f050 f   pjlib-i386-win32-vc14-release:string.obj
 0001:0001e0a0       _pj_stricmp                0041f0a0 f   pjlib-i386-win32-vc14-release:string.obj
 0001:0001e100       _pj_stricmp2               0041f100 f   pjlib-i386-win32-vc14-release:string.obj
 0001:0001e170       _pj_strncpy_with_null      0041f170 f   pjlib-i386-win32-vc14-release:string.obj
 0001:0001e1b0       _pj_strnicmp2              0041f1b0 f   pjlib-i386-win32-vc14-release:string.obj
 0001:0001e220       _pj_strtok                 0041f220 f   pjlib-i386-win32-vc14-release:string.obj
 0001:0001e310       _pj_strtok2                0041f310 f   pjlib-i386-win32-vc14-release:string.obj
 0001:0001e3f0       _pj_strtoul                0041f3f0 f   pjlib-i386-win32-vc14-release:string.obj
 0001:0001e450       _pj_strtoul2               0041f450 f   pjlib-i386-win32-vc14-release:string.obj
 0001:0001e500       _pj_utoa                   0041f500 f   pjlib-i386-win32-vc14-release:string.obj
 0001:0001e580       _pj_utoa_pad               0041f580 f   pjlib-i386-win32-vc14-release:string.obj
 0001:0001e620       _pj_gettimeofday           0041f620 f   pjlib-i386-win32-vc14-release:os_time_win32.obj
 0001:0001e6d0       _pj_time_decode            0041f6d0 f   pjlib-i386-win32-vc14-release:os_time_win32.obj
 0001:0001e780       _pj_pool_alloc             0041f780 f   pjlib-i386-win32-vc14-release:pool.obj
 0001:0001e8f0       _pj_pool_calloc            0041f8f0 f   pjlib-i386-win32-vc14-release:pool.obj
 0001:0001e920       _pj_pool_create            0041f920 f   pjlib-i386-win32-vc14-release:pool.obj
 0001:0001e930       _pj_pool_create_int        0041f930 f   pjlib-i386-win32-vc14-release:pool.obj
 0001:0001ea40       _pj_pool_destroy_int       0041fa40 f   pjlib-i386-win32-vc14-release:pool.obj
 0001:0001ea80       _pj_pool_get_capacity      0041fa80 f   pjlib-i386-win32-vc14-release:pool.obj
 0001:0001ea90       _pj_pool_get_used_size     0041fa90 f   pjlib-i386-win32-vc14-release:pool.obj
 0001:0001eac0       _pj_pool_init_int          0041fac0 f   pjlib-i386-win32-vc14-release:pool.obj
 0001:0001eb30       _pj_pool_release           0041fb30 f   pjlib-i386-win32-vc14-release:pool.obj
 0001:0001eb50       _pj_pool_reset             0041fb50 f   pjlib-i386-win32-vc14-release:pool.obj
 0001:0001eb60       _pj_pool_safe_release      0041fb60 f   pjlib-i386-win32-vc14-release:pool.obj
 0001:0001ef90       _pj_caching_pool_destroy   0041ff90 f   pjlib-i386-win32-vc14-release:pool_caching.obj
 0001:0001f070       _pj_caching_pool_init      00420070 f   pjlib-i386-win32-vc14-release:pool_caching.obj
 0001:0001f130       _pj_rand                   00420130 f   pjlib-i386-win32-vc14-release:rand.obj
 0001:0001f220       _pj_list_erase             00420220 f   pjlib-i386-win32-vc14-release:list.obj
 0001:0001f240       _pj_list_find_node         00420240 f   pjlib-i386-win32-vc14-release:list.obj
 0001:0001f270       _pj_list_insert_after      00420270 f   pjlib-i386-win32-vc14-release:list.obj
 0001:0001f290       _pj_list_insert_before     00420290 f   pjlib-i386-win32-vc14-release:list.obj
 0001:0001f2b0       _pj_get_netos_error        004202b0 f   pjlib-i386-win32-vc14-release:os_error_win32.obj
 0001:0001f2d0       _pj_get_os_error           004202d0 f   pjlib-i386-win32-vc14-release:os_error_win32.obj
 0001:0001f2f0       _platform_strerror         004202f0 f   pjlib-i386-win32-vc14-release:os_error_win32.obj
 0001:0001f3d0       _pj_array_erase            004203d0 f   pjlib-i386-win32-vc14-release:array.obj
 0001:0001f4d0       _ioqueue_dispatch_read_event 004204d0 f   pjlib-i386-win32-vc14-release:ioqueue_select.obj
 0001:0001f6e0       _ioqueue_dispatch_write_event 004206e0 f   pjlib-i386-win32-vc14-release:ioqueue_select.obj
 0001:0001f970       _pj_ioqueue_create         00420970 f   pjlib-i386-win32-vc14-release:ioqueue_select.obj
 0001:0001fb40       _pj_ioqueue_destroy        00420b40 f   pjlib-i386-win32-vc14-release:ioqueue_select.obj
 0001:0001fc00       _pj_ioqueue_get_user_data  00420c00 f   pjlib-i386-win32-vc14-release:ioqueue_select.obj
 0001:0001fc20       _pj_ioqueue_lock_key       00420c20 f   pjlib-i386-win32-vc14-release:ioqueue_select.obj
 0001:0001fc50       _pj_ioqueue_op_key_init    00420c50 f   pjlib-i386-win32-vc14-release:ioqueue_select.obj
 0001:0001fc70       _pj_ioqueue_poll           00420c70 f   pjlib-i386-win32-vc14-release:ioqueue_select.obj
 0001:00020150       _pj_ioqueue_post_completion 00421150 f   pjlib-i386-win32-vc14-release:ioqueue_select.obj
 0001:000202c0       _pj_ioqueue_recvfrom       004212c0 f   pjlib-i386-win32-vc14-release:ioqueue_select.obj
 0001:000203f0       _pj_ioqueue_register_sock  004213f0 f   pjlib-i386-win32-vc14-release:ioqueue_select.obj
 0001:00020420       _pj_ioqueue_register_sock2 00421420 f   pjlib-i386-win32-vc14-release:ioqueue_select.obj
 0001:000205b0       _pj_ioqueue_sendto         004215b0 f   pjlib-i386-win32-vc14-release:ioqueue_select.obj
 0001:00020750       _pj_ioqueue_set_concurrency 00421750 f   pjlib-i386-win32-vc14-release:ioqueue_select.obj
 0001:00020770       _pj_ioqueue_unlock_key     00421770 f   pjlib-i386-win32-vc14-release:ioqueue_select.obj
 0001:000207a0       _pj_ioqueue_unregister     004217a0 f   pjlib-i386-win32-vc14-release:ioqueue_select.obj
 0001:00020c10       _pj_grp_lock_acquire       00421c10 f   pjlib-i386-win32-vc14-release:lock.obj
 0001:00020c20       _pj_grp_lock_add_ref       00421c20 f   pjlib-i386-win32-vc14-release:lock.obj
 0001:00020c40       _pj_grp_lock_dec_ref       00421c40 f   pjlib-i386-win32-vc14-release:lock.obj
 0001:00020c70       _pj_grp_lock_release       00421c70 f   pjlib-i386-win32-vc14-release:lock.obj
 0001:00020c80       _pj_grp_lock_tryacquire    00421c80 f   pjlib-i386-win32-vc14-release:lock.obj
 0001:00020c90       _pj_lock_acquire           00421c90 f   pjlib-i386-win32-vc14-release:lock.obj
 0001:00020cb0       _pj_lock_create_null_mutex 00421cb0 f   pjlib-i386-win32-vc14-release:lock.obj
 0001:00020cd0       _pj_lock_create_recursive_mutex 00421cd0 f   pjlib-i386-win32-vc14-release:lock.obj
 0001:00020cf0       _pj_lock_create_simple_mutex 00421cf0 f   pjlib-i386-win32-vc14-release:lock.obj
 0001:00020d10       _pj_lock_destroy           00421d10 f   pjlib-i386-win32-vc14-release:lock.obj
 0001:00020d30       _pj_lock_release           00421d30 f   pjlib-i386-win32-vc14-release:lock.obj
 0001:00020d50       _pj_lock_tryacquire        00421d50 f   pjlib-i386-win32-vc14-release:lock.obj
 0001:00020d70       _pj_get_timestamp          00421d70 f   pjlib-i386-win32-vc14-release:os_timestamp_win32.obj
 0001:00020dd0       _pj_get_timestamp_freq     00421dd0 f   pjlib-i386-win32-vc14-release:os_timestamp_win32.obj
 0001:00020e80       _pj_file_exists            00421e80 f   pjlib-i386-win32-vc14-release:file_access_win32.obj
 0001:00020ec0       _pj_file_size              00421ec0 f   pjlib-i386-win32-vc14-release:file_access_win32.obj
 0001:00020f20       _pj_file_close             00421f20 f   pjlib-i386-win32-vc14-release:file_io_win32.obj
 0001:00020f60       _pj_file_getpos            00421f60 f   pjlib-i386-win32-vc14-release:file_io_win32.obj
 0001:00020fe0       _pj_file_open              00421fe0 f   pjlib-i386-win32-vc14-release:file_io_win32.obj
 0001:00021120       _pj_file_read              00422120 f   pjlib-i386-win32-vc14-release:file_io_win32.obj
 0001:00021180       _pj_file_setpos            00422180 f   pjlib-i386-win32-vc14-release:file_io_win32.obj
 0001:00021210       _pj_file_write             00422210 f   pjlib-i386-win32-vc14-release:file_io_win32.obj
 0001:00021270       _pj_exception_id_alloc     00422270 f   pjlib-i386-win32-vc14-release:except.obj
 0001:000212c0       _pj_exception_id_free      004222c0 f   pjlib-i386-win32-vc14-release:except.obj
 0001:00021300       _pj_pop_exception_handler_ 00422300 f   pjlib-i386-win32-vc14-release:except.obj
 0001:00021330       _pj_throw_exception_       00422330 f   pjlib-i386-win32-vc14-release:except.obj
 0001:000213b0       _pj_elapsed_msec           004223b0 f   pjlib-i386-win32-vc14-release:os_timestamp_common.obj
 0001:00021430       _pj_gettickcount           00422430 f   pjlib-i386-win32-vc14-release:os_timestamp_common.obj
 0001:00021500       _pj_generate_unique_string 00422500 f   pjlib-i386-win32-vc14-release:guid_win32.obj
 0001:000218f0       _pj_enum_ip_interface      004228f0 f   pjlib-i386-win32-vc14-release:ip_helper_win32.obj
 0001:00021b80       _pj_getaddrinfo            00422b80 f   pjlib-i386-win32-vc14-release:addr_resolv_sock.obj
 0001:00021d40       _pj_log_write              00422d40 f   pjlib-i386-win32-vc14-release:log_writer_stdout.obj
 0001:00021da0       _pj_pool_create_on_buf     00422da0 f   pjlib-i386-win32-vc14-release:pool_buf.obj
 0001:00021eb0       _PJ_FD_CLR                 00422eb0 f   pjlib-i386-win32-vc14-release:sock_select.obj
 0001:00021f30       _srtp_rdb_get_value        00422f30 f   libsrtp-i386-win32-vc14-release:rdb.obj
 0001:00021f30       _PJ_FD_COUNT               00422f30 f   pjlib-i386-win32-vc14-release:sock_select.obj
 0001:00021f40       _PJ_FD_ISSET               00422f40 f   pjlib-i386-win32-vc14-release:sock_select.obj
 0001:00021f70       _PJ_FD_SET                 00422f70 f   pjlib-i386-win32-vc14-release:sock_select.obj
 0001:00021fe0       _PJ_FD_ZERO                00422fe0 f   pjlib-i386-win32-vc14-release:sock_select.obj
 0001:00022010       _pj_sock_select            00423010 f   pjlib-i386-win32-vc14-release:sock_select.obj
 0001:00022080       _gsm_create                00423080 f   libgsmcodec-i386-win32-vc14-release:gsm_create.obj
 0001:000220c0       _gsm_destroy               004230c0 f   libgsmcodec-i386-win32-vc14-release:gsm_destroy.obj
 0001:000220e0       _gsm_encode                004230e0 f   libgsmcodec-i386-win32-vc14-release:gsm_encode.obj
 0001:00022530       _gsm_decode                00423530 f   libgsmcodec-i386-win32-vc14-release:gsm_decode.obj
 0001:00022b10       _Gsm_Coder                 00423b10 f   libgsmcodec-i386-win32-vc14-release:code.obj
 0001:00022d10       _Gsm_Decoder               00423d10 f   libgsmcodec-i386-win32-vc14-release:decode.obj
 0001:00023460       _Gsm_Long_Term_Predictor   00424460 f   libgsmcodec-i386-win32-vc14-release:long_term.obj
 0001:000234a0       _Gsm_Long_Term_Synthesis_Filtering 004244a0 f   libgsmcodec-i386-win32-vc14-release:long_term.obj
 0001:00024010       _Gsm_LPC_Analysis          00425010 f   libgsmcodec-i386-win32-vc14-release:lpc.obj
 0001:00024920       _Gsm_Preprocess            00425920 f   libgsmcodec-i386-win32-vc14-release:preprocess.obj
 0001:00025110       _Gsm_Short_Term_Analysis_Filter 00426110 f   libgsmcodec-i386-win32-vc14-release:short_term.obj
 0001:00025210       _Gsm_Short_Term_Synthesis_Filter 00426210 f   libgsmcodec-i386-win32-vc14-release:short_term.obj
 0001:00025a50       _Gsm_RPE_Decoding          00426a50 f   libgsmcodec-i386-win32-vc14-release:rpe.obj
 0001:00025ab0       _Gsm_RPE_Encoding          00426ab0 f   libgsmcodec-i386-win32-vc14-release:rpe.obj
 0001:00025ed0       _gsm_add                   00426ed0 f   libgsmcodec-i386-win32-vc14-release:add.obj
 0001:00025f00       _gsm_asl                   00426f00 f   libgsmcodec-i386-win32-vc14-release:add.obj
 0001:00025f70       _gsm_asr                   00426f70 f   libgsmcodec-i386-win32-vc14-release:add.obj
 0001:00025fb0       _gsm_div                   00426fb0 f   libgsmcodec-i386-win32-vc14-release:add.obj
 0001:00026000       _gsm_mult                  00427000 f   libgsmcodec-i386-win32-vc14-release:add.obj
 0001:00026030       _gsm_norm                  00427030 f   libgsmcodec-i386-win32-vc14-release:add.obj
 0001:000260c0       _gsm_sub                   004270c0 f   libgsmcodec-i386-win32-vc14-release:add.obj
 0001:000260f0       _iLBC_encode               004270f0 f   libilbccodec-i386-win32-vc14-release:iLBC_encode.obj
 0001:00027050       _initEncode                00428050 f   libilbccodec-i386-win32-vc14-release:iLBC_encode.obj
 0001:00027170       _Decode                    00428170 f   libilbccodec-i386-win32-vc14-release:iLBC_decode.obj
 0001:00027800       _iLBC_decode               00428800 f   libilbccodec-i386-win32-vc14-release:iLBC_decode.obj
 0001:00028110       _initDecode                00429110 f   libilbccodec-i386-win32-vc14-release:iLBC_decode.obj
 0001:00028310       _LPCencode                 00429310 f   libilbccodec-i386-win32-vc14-release:LPCencode.obj
 0001:00028500       _SimpleInterpolateLSF      00429500 f   libilbccodec-i386-win32-vc14-release:LPCencode.obj
 0001:000287b0       _FrameClassify             004297b0 f   libilbccodec-i386-win32-vc14-release:FrameClassify.obj
 0001:00028b70       _StateSearchW              00429b70 f   libilbccodec-i386-win32-vc14-release:StateSearchW.obj
 0001:000290b0       _StateConstructW           0042a0b0 f   libilbccodec-i386-win32-vc14-release:StateConstructW.obj
 0001:00029380       _dopack                    0042a380 f   libilbccodec-i386-win32-vc14-release:packing.obj
 0001:00029410       _packcombine               0042a410 f   libilbccodec-i386-win32-vc14-release:packing.obj
 0001:00029430       _packsplit                 0042a430 f   libilbccodec-i386-win32-vc14-release:packing.obj
 0001:00029460       _unpack                    0042a460 f   libilbccodec-i386-win32-vc14-release:packing.obj
 0001:00029510       _iCBSearch                 0042a510 f   libilbccodec-i386-win32-vc14-release:iCBSearch.obj
 0001:0002a3c0       _iCBConstruct              0042b3c0 f   libilbccodec-i386-win32-vc14-release:iCBConstruct.obj
 0001:0002a8c0       _index_conv_dec            0042b8c0 f   libilbccodec-i386-win32-vc14-release:iCBConstruct.obj
 0001:0002a910       _index_conv_enc            0042b910 f   libilbccodec-i386-win32-vc14-release:iCBConstruct.obj
 0001:0002a960       _hpInput                   0042b960 f   libilbccodec-i386-win32-vc14-release:hpInput.obj
 0001:0002aa30       _anaFilter                 0042ba30 f   libilbccodec-i386-win32-vc14-release:anaFilter.obj
 0001:0002ad00       _DecoderInterpolateLSF     0042bd00 f   libilbccodec-i386-win32-vc14-release:LPCdecode.obj
 0001:0002aee0       _SimplelsfDEQ              0042bee0 f   libilbccodec-i386-win32-vc14-release:LPCdecode.obj
 0001:0002aff0       _compCorr                  0042bff0 f   libilbccodec-i386-win32-vc14-release:doCPLC.obj
 0001:0002b110       _doThePLC                  0042c110 f   libilbccodec-i386-win32-vc14-release:doCPLC.obj
 0001:0002b5f0       _LSF_check                 0042c5f0 f   libilbccodec-i386-win32-vc14-release:helpfun.obj
 0001:0002b6e0       _SplitVQ                   0042c6e0 f   libilbccodec-i386-win32-vc14-release:helpfun.obj
 0001:0002b900       _autocorr                  0042c900 f   libilbccodec-i386-win32-vc14-release:helpfun.obj
 0001:0002b9e0       _bwexpand                  0042c9e0 f   libilbccodec-i386-win32-vc14-release:helpfun.obj
 0001:0002bad0       _interpolate               0042cad0 f   libilbccodec-i386-win32-vc14-release:helpfun.obj
 0001:0002bd00       _levdurb                   0042cd00 f   libilbccodec-i386-win32-vc14-release:helpfun.obj
 0001:0002bf50       _sort_sq                   0042cf50 f   libilbccodec-i386-win32-vc14-release:helpfun.obj
 0001:0002bfe0       _window                    0042cfe0 f   libilbccodec-i386-win32-vc14-release:helpfun.obj
 0001:0002c1a0       _NearestNeighbor           0042d1a0 f   libilbccodec-i386-win32-vc14-release:enhancer.obj
 0001:0002c280       _enh_upsample              0042d280 f   libilbccodec-i386-win32-vc14-release:enhancer.obj
 0001:0002c600       _enhancerInterface         0042d600 f   libilbccodec-i386-win32-vc14-release:enhancer.obj
 0001:0002ce60       _getsseq                   0042de60 f   libilbccodec-i386-win32-vc14-release:enhancer.obj
 0001:0002d2e0       _refiner                   0042e2e0 f   libilbccodec-i386-win32-vc14-release:enhancer.obj
 0001:0002d700       _smath                     0042e700 f   libilbccodec-i386-win32-vc14-release:enhancer.obj
 0001:0002dfa0       _xCorrCoef                 0042efa0 f   libilbccodec-i386-win32-vc14-release:enhancer.obj
 0001:0002e010       _hpOutput                  0042f010 f   libilbccodec-i386-win32-vc14-release:hpOutput.obj
 0001:0002e0e0       _syntFilter                0042f0e0 f   libilbccodec-i386-win32-vc14-release:syntFilter.obj
 0001:0002e3a0       _a2lsf                     0042f3a0 f   libilbccodec-i386-win32-vc14-release:lsf.obj
 0001:0002e6f0       _lsf2a                     0042f6f0 f   libilbccodec-i386-win32-vc14-release:lsf.obj
 0001:0002eb60       _AllPoleFilter             0042fb60 f   libilbccodec-i386-win32-vc14-release:filter.obj
 0001:0002ec50       _DownSample                0042fc50 f   libilbccodec-i386-win32-vc14-release:filter.obj
 0001:0002ef50       _ZeroPoleFilter            0042ff50 f   libilbccodec-i386-win32-vc14-release:filter.obj
 0001:0002f130       _gaindequant               00430130 f   libilbccodec-i386-win32-vc14-release:gainquant.obj
 0001:0002f1b0       _gainquant                 004301b0 f   libilbccodec-i386-win32-vc14-release:gainquant.obj
 0001:0002f250       _createAugmentedVec        00430250 f   libilbccodec-i386-win32-vc14-release:createCB.obj
 0001:0002f2f0       _filteredCBvecs            004302f0 f   libilbccodec-i386-win32-vc14-release:createCB.obj
 0001:0002f440       _searchAugmentedCB         00430440 f   libilbccodec-i386-win32-vc14-release:createCB.obj
 0001:0002f7c0       _getCBvec                  004307c0 f   libilbccodec-i386-win32-vc14-release:getCBvec.obj
 0001:0002fc80       _speex_mode_query          00430c80 f   libspeex-i386-win32-vc14-release:modes.obj
 0001:0002fca0       _fprintf                   00430ca0 f i libspeex-i386-win32-vc14-release:bits.obj
 0001:0002fcd0       _speex_bits_advance        00430cd0 f   libspeex-i386-win32-vc14-release:bits.obj
 0001:0002fd20       _speex_bits_destroy        00430d20 f   libspeex-i386-win32-vc14-release:bits.obj
 0001:0002fd40       _speex_bits_init           00430d40 f   libspeex-i386-win32-vc14-release:bits.obj
 0001:0002fd90       _speex_bits_pack           00430d90 f   libspeex-i386-win32-vc14-release:bits.obj
 0001:0002fea0       _speex_bits_peek           00430ea0 f   libspeex-i386-win32-vc14-release:bits.obj
 0001:0002fef0       _speex_bits_read_from      00430ef0 f   libspeex-i386-win32-vc14-release:bits.obj
 0001:0002ffd0       _speex_bits_remaining      00430fd0 f   libspeex-i386-win32-vc14-release:bits.obj
 0001:00030000       _speex_bits_reset          00431000 f   libspeex-i386-win32-vc14-release:bits.obj
 0001:00030030       _speex_bits_unpack_unsigned 00431030 f   libspeex-i386-win32-vc14-release:bits.obj
 0001:000300c0       _speex_bits_write          004310c0 f   libspeex-i386-win32-vc14-release:bits.obj
 0001:00030150       _nb_mode_query             00431150 f   libspeex-i386-win32-vc14-release:speex.obj
 0001:000301d0       _speex_decode_int          004311d0 f   libspeex-i386-win32-vc14-release:speex.obj
 0001:000302e0       _speex_decode_native       004312e0 f   libspeex-i386-win32-vc14-release:speex.obj
 0001:00030300       _speex_decoder_ctl         00431300 f   libspeex-i386-win32-vc14-release:speex.obj
 0001:00030320       _speex_decoder_destroy     00431320 f   libspeex-i386-win32-vc14-release:speex.obj
 0001:00030340       _speex_decoder_init        00431340 f   libspeex-i386-win32-vc14-release:speex.obj
 0001:00030350       _speex_encode_int          00431350 f   libspeex-i386-win32-vc14-release:speex.obj
 0001:00030480       _speex_encode_native       00431480 f   libspeex-i386-win32-vc14-release:speex.obj
 0001:000304a0       _speex_encoder_ctl         004314a0 f   libspeex-i386-win32-vc14-release:speex.obj
 0001:000304c0       _speex_encoder_destroy     004314c0 f   libspeex-i386-win32-vc14-release:speex.obj
 0001:000304e0       _speex_encoder_init        004314e0 f   libspeex-i386-win32-vc14-release:speex.obj
 0001:000304f0       _wb_mode_query             004314f0 f   libspeex-i386-win32-vc14-release:modes_wb.obj
 0001:00030570       _speex_lib_get_mode        00431570 f   libspeex-i386-win32-vc14-release:modes_wb.obj
 0001:00030960       _speex_echo_cancellation   00431960 f   libspeex-i386-win32-vc14-release:mdf.obj
 0001:00031de0       _speex_echo_capture        00432de0 f   libspeex-i386-win32-vc14-release:mdf.obj
 0001:00031ed0       _speex_echo_ctl            00432ed0 f   libspeex-i386-win32-vc14-release:mdf.obj
 0001:00031fb0       _speex_echo_get_residual   00432fb0 f   libspeex-i386-win32-vc14-release:mdf.obj
 0001:00032240       _speex_echo_playback       00433240 f   libspeex-i386-win32-vc14-release:mdf.obj
 0001:00032340       _speex_echo_state_destroy  00433340 f   libspeex-i386-win32-vc14-release:mdf.obj
 0001:000323f0       _speex_echo_state_init     004333f0 f   libspeex-i386-win32-vc14-release:mdf.obj
 0001:00032930       _speex_echo_state_reset    00433930 f   libspeex-i386-win32-vc14-release:mdf.obj
 0001:00033850       _speex_preprocess_ctl      00434850 f   libspeex-i386-win32-vc14-release:preprocess.obj
 0001:00033ee0       _speex_preprocess_run      00434ee0 f   libspeex-i386-win32-vc14-release:preprocess.obj
 0001:00035810       _speex_preprocess_state_destroy 00436810 f   libspeex-i386-win32-vc14-release:preprocess.obj
 0001:000358d0       _speex_preprocess_state_init 004368d0 f   libspeex-i386-win32-vc14-release:preprocess.obj
 0001:000366a0       _forced_pitch_quant        004376a0 f   libspeex-i386-win32-vc14-release:ltp.obj
 0001:00036a70       _forced_pitch_unquant      00437a70 f   libspeex-i386-win32-vc14-release:ltp.obj
 0001:00036bb0       _inner_prod                00437bb0 f   libspeex-i386-win32-vc14-release:ltp.obj
 0001:00036c30       _open_loop_nbest_pitch     00437c30 f   libspeex-i386-win32-vc14-release:ltp.obj
 0001:00037f70       _pitch_search_3tap         00438f70 f   libspeex-i386-win32-vc14-release:ltp.obj
 0001:000381d0       _pitch_unquant_3tap        004391d0 f   libspeex-i386-win32-vc14-release:ltp.obj
 0001:00038810       _lsp_quant_high            00439810 f   libspeex-i386-win32-vc14-release:quant_lsp.obj
 0001:00038ff0       _lsp_quant_lbr             00439ff0 f   libspeex-i386-win32-vc14-release:quant_lsp.obj
 0001:000397f0       _lsp_quant_nb              0043a7f0 f   libspeex-i386-win32-vc14-release:quant_lsp.obj
 0001:0003a090       _lsp_unquant_high          0043b090 f   libspeex-i386-win32-vc14-release:quant_lsp.obj
 0001:0003a430       _lsp_unquant_lbr           0043b430 f   libspeex-i386-win32-vc14-release:quant_lsp.obj
 0001:0003a8c0       _lsp_unquant_nb            0043b8c0 f   libspeex-i386-win32-vc14-release:quant_lsp.obj
 0001:0003b330       _noise_codebook_quant      0043c330 f   libspeex-i386-win32-vc14-release:cb_search.obj
 0001:0003b4f0       _noise_codebook_unquant    0043c4f0 f   libspeex-i386-win32-vc14-release:cb_search.obj
 0001:0003b570       _split_cb_search_shape_sign 0043c570 f   libspeex-i386-win32-vc14-release:cb_search.obj
 0001:0003ceb0       _split_cb_shape_sign_unquant 0043deb0 f   libspeex-i386-win32-vc14-release:cb_search.obj
 0001:0003d040       _nb_decode                 0043e040 f   libspeex-i386-win32-vc14-release:nb_celp.obj
 0001:0003e070       _nb_decoder_ctl            0043f070 f   libspeex-i386-win32-vc14-release:nb_celp.obj
 0001:0003e4a0       _nb_decoder_destroy        0043f4a0 f   libspeex-i386-win32-vc14-release:nb_celp.obj
 0001:0003e4e0       _nb_decoder_init           0043f4e0 f   libspeex-i386-win32-vc14-release:nb_celp.obj
 0001:0003e690       _nb_encode                 0043f690 f   libspeex-i386-win32-vc14-release:nb_celp.obj
 0001:0003faa0       _nb_encoder_ctl            00440aa0 f   libspeex-i386-win32-vc14-release:nb_celp.obj
 0001:00040160       _nb_encoder_destroy        00441160 f   libspeex-i386-win32-vc14-release:nb_celp.obj
 0001:000401d0       _nb_encoder_init           004411d0 f   libspeex-i386-win32-vc14-release:nb_celp.obj
 0001:00040480       _vbr_analysis              00441480 f   libspeex-i386-win32-vc14-release:vbr.obj
 0001:00040c60       _vbr_init                  00441c60 f   libspeex-i386-win32-vc14-release:vbr.obj
 0001:00040d10       _sb_decode                 00441d10 f   libspeex-i386-win32-vc14-release:sb_celp.obj
 0001:000414d0       _sb_decoder_ctl            004424d0 f   libspeex-i386-win32-vc14-release:sb_celp.obj
 0001:00041a10       _sb_decoder_destroy        00442a10 f   libspeex-i386-win32-vc14-release:sb_celp.obj
 0001:00041a60       _sb_decoder_init           00442a60 f   libspeex-i386-win32-vc14-release:sb_celp.obj
 0001:00041ba0       _sb_encode                 00442ba0 f   libspeex-i386-win32-vc14-release:sb_celp.obj
 0001:00042900       _sb_encoder_ctl            00443900 f   libspeex-i386-win32-vc14-release:sb_celp.obj
 0001:00043210       _sb_encoder_destroy        00444210 f   libspeex-i386-win32-vc14-release:sb_celp.obj
 0001:00043270       _sb_encoder_init           00444270 f   libspeex-i386-win32-vc14-release:sb_celp.obj
 0001:000434a0       _spx_fft                   004444a0 f   libspeex-i386-win32-vc14-release:fftwrap.obj
 0001:00043560       _spx_fft_destroy           00444560 f   libspeex-i386-win32-vc14-release:fftwrap.obj
 0001:00043580       _spx_fft_init              00444580 f   libspeex-i386-win32-vc14-release:fftwrap.obj
 0001:000435b0       _spx_ifft                  004445b0 f   libspeex-i386-win32-vc14-release:fftwrap.obj
 0001:00043620       _filterbank_compute_bank32 00444620 f   libspeex-i386-win32-vc14-release:filterbank.obj
 0001:000436a0       _filterbank_compute_psd16  004446a0 f   libspeex-i386-win32-vc14-release:filterbank.obj
 0001:000436f0       _filterbank_destroy        004446f0 f   libspeex-i386-win32-vc14-release:filterbank.obj
 0001:00043720       _filterbank_new            00444720 f   libspeex-i386-win32-vc14-release:filterbank.obj
 0001:000439f0       _bw_lpc                    004449f0 f   libspeex-i386-win32-vc14-release:filters.obj
 0001:00043ab0       _compute_impulse_response  00444ab0 f   libspeex-i386-win32-vc14-release:filters.obj
 0001:00043e40       _compute_rms               00444e40 f   libspeex-i386-win32-vc14-release:filters.obj
 0001:00043e40       _compute_rms16             00444e40 f   libspeex-i386-win32-vc14-release:filters.obj
 0001:00043f00       _filter_mem16              00444f00 f   libspeex-i386-win32-vc14-release:filters.obj
 0001:000440f0       _fir_mem16                 004450f0 f   libspeex-i386-win32-vc14-release:filters.obj
 0001:000442f0       _highpass                  004452f0 f   libspeex-i386-win32-vc14-release:filters.obj
 0001:00044420       _iir_mem16                 00445420 f   libspeex-i386-win32-vc14-release:filters.obj
 0001:00044620       _interp_pitch              00445620 f   libspeex-i386-win32-vc14-release:filters.obj
 0001:000449b0       _multicomb                 004459b0 f   libspeex-i386-win32-vc14-release:filters.obj
 0001:00044e70       _qmf_decomp                00445e70 f   libspeex-i386-win32-vc14-release:filters.obj
 0001:00045190       _qmf_synth                 00446190 f   libspeex-i386-win32-vc14-release:filters.obj
 0001:00045630       _residue_percep_zero16     00446630 f   libspeex-i386-win32-vc14-release:filters.obj
 0001:000456d0       _sanitize_values32         004466d0 f   libspeex-i386-win32-vc14-release:filters.obj
 0001:00045730       _signal_div                00446730 f   libspeex-i386-win32-vc14-release:filters.obj
 0001:00045890       _signal_mul                00446890 f   libspeex-i386-win32-vc14-release:filters.obj
 0001:00045a00       _syn_percep_zero16         00446a00 f   libspeex-i386-win32-vc14-release:filters.obj
 0001:00045aa0       _scal_quant                00446aa0 f   libspeex-i386-win32-vc14-release:vq.obj
 0001:00045b10       _vq_nbest                  00446b10 f   libspeex-i386-win32-vc14-release:vq.obj
 0001:00045c60       _vq_nbest_sign             00446c60 f   libspeex-i386-win32-vc14-release:vq.obj
 0001:00045df0       _speex_default_user_handler 00446df0 f   libspeex-i386-win32-vc14-release:speex_callbacks.obj
 0001:00045e20       _speex_inband_handler      00446e20 f   libspeex-i386-win32-vc14-release:speex_callbacks.obj
 0001:00045ee0       __spx_autocorr             00446ee0 f   libspeex-i386-win32-vc14-release:lpc.obj
 0001:00045fe0       __spx_lpc                  00446fe0 f   libspeex-i386-win32-vc14-release:lpc.obj
 0001:00046190       _lpc_to_lsp                00447190 f   libspeex-i386-win32-vc14-release:lsp.obj
 0001:00046900       _lsp_enforce_margin        00447900 f   libspeex-i386-win32-vc14-release:lsp.obj
 0001:000469a0       _lsp_interpolate           004479a0 f   libspeex-i386-win32-vc14-release:lsp.obj
 0001:00046bf0       _lsp_to_lpc                00447bf0 f   libspeex-i386-win32-vc14-release:lsp.obj
 0001:0004a0c0       _spx_drft_backward         0044b0c0 f   libspeex-i386-win32-vc14-release:smallft.obj
 0001:0004a0f0       _spx_drft_clear            0044b0f0 f   libspeex-i386-win32-vc14-release:smallft.obj
 0001:0004a130       _spx_drft_forward          0044b130 f   libspeex-i386-win32-vc14-release:smallft.obj
 0001:0004a160       _spx_drft_init             0044b160 f   libspeex-i386-win32-vc14-release:smallft.obj
 0001:0004a1b0       _srtp_event_reporter       0044b1b0 f   libsrtp-i386-win32-vc14-release:srtp.obj
 0001:0004a250       ___local_stdio_scanf_options 0044b250 f i libsrtp-i386-win32-vc14-release:srtp.obj
 0001:0004a2e0       _srtp_add_stream           0044b2e0 f   libsrtp-i386-win32-vc14-release:srtp.obj
 0001:0004a590       _srtp_create               0044b590 f   libsrtp-i386-win32-vc14-release:srtp.obj
 0001:0004a610       _srtp_crypto_policy_set_aes_cm_256_hmac_sha1_32 0044b610 f   libsrtp-i386-win32-vc14-release:srtp.obj
 0001:0004a650       _srtp_crypto_policy_set_aes_cm_256_hmac_sha1_80 0044b650 f   libsrtp-i386-win32-vc14-release:srtp.obj
 0001:0004a690       _srtp_dealloc              0044b690 f   libsrtp-i386-win32-vc14-release:srtp.obj
 0001:0004a970       _srtp_get_session_keys     0044b970 f   libsrtp-i386-win32-vc14-release:srtp.obj
 0001:0004aa80       _srtp_init                 0044ba80 f   libsrtp-i386-win32-vc14-release:srtp.obj
 0001:0004aaa0       _srtp_inject_mki           0044baa0 f   libsrtp-i386-win32-vc14-release:srtp.obj
 0001:0004adf0       _srtp_protect              0044bdf0 f   libsrtp-i386-win32-vc14-release:srtp.obj
 0001:0004b120       _srtp_protect_mki          0044c120 f   libsrtp-i386-win32-vc14-release:srtp.obj
 0001:0004b6d0       _srtp_protect_rtcp         0044c6d0 f   libsrtp-i386-win32-vc14-release:srtp.obj
 0001:0004b900       _srtp_protect_rtcp_mki     0044c900 f   libsrtp-i386-win32-vc14-release:srtp.obj
 0001:0004bcb0       _srtp_shutdown             0044ccb0 f   libsrtp-i386-win32-vc14-release:srtp.obj
 0001:0004bcc0       _srtp_stream_alloc         0044ccc0 f   libsrtp-i386-win32-vc14-release:srtp.obj
 0001:0004bf50       _srtp_stream_clone         0044cf50 f   libsrtp-i386-win32-vc14-release:srtp.obj
 0001:0004c170       _srtp_stream_dealloc       0044d170 f   libsrtp-i386-win32-vc14-release:srtp.obj
 0001:0004c3f0       _srtp_stream_init          0044d3f0 f   libsrtp-i386-win32-vc14-release:srtp.obj
 0001:0004c570       _srtp_stream_init_keys     0044d570 f   libsrtp-i386-win32-vc14-release:srtp.obj
 0001:0004cd90       _srtp_unprotect            0044dd90 f   libsrtp-i386-win32-vc14-release:srtp.obj
 0001:0004d0b0       _srtp_unprotect_mki        0044e0b0 f   libsrtp-i386-win32-vc14-release:srtp.obj
 0001:0004d700       _srtp_unprotect_rtcp       0044e700 f   libsrtp-i386-win32-vc14-release:srtp.obj
 0001:0004d980       _srtp_unprotect_rtcp_mki   0044e980 f   libsrtp-i386-win32-vc14-release:srtp.obj
 0001:0004de70       _srtp_validate_policy_master_keys 0044ee70 f   libsrtp-i386-win32-vc14-release:srtp.obj
 0001:0004df20       _srtp_crypto_alloc         0044ef20 f   libsrtp-i386-win32-vc14-release:alloc.obj
 0001:0004df80       _srtp_crypto_free          0044ef80 f   libsrtp-i386-win32-vc14-release:alloc.obj
 0001:0004dfb0       _bitvector_alloc           0044efb0 f   libsrtp-i386-win32-vc14-release:datatypes.obj
 0001:0004e010       _bitvector_dealloc         0044f010 f   libsrtp-i386-win32-vc14-release:datatypes.obj
 0001:0004e040       _bitvector_left_shift      0044f040 f   libsrtp-i386-win32-vc14-release:datatypes.obj
 0001:0004e1a0       _bitvector_set_to_zero     0044f1a0 f   libsrtp-i386-win32-vc14-release:datatypes.obj
 0001:0004e1c0       _octet_string_is_eq        0044f1c0 f   libsrtp-i386-win32-vc14-release:datatypes.obj
 0001:0004e290       _octet_string_set_to_zero  0044f290 f   libsrtp-i386-win32-vc14-release:datatypes.obj
 0001:0004e2b0       _srtp_octet_string_hex_string 0044f2b0 f   libsrtp-i386-win32-vc14-release:datatypes.obj
 0001:0004e350       _v128_copy_octet_string    0044f350 f   libsrtp-i386-win32-vc14-release:datatypes.obj
 0001:0004e3d0       _v128_hex_string           0044f3d0 f   libsrtp-i386-win32-vc14-release:datatypes.obj
 0001:0004e460       _v128_left_shift           0044f460 f   libsrtp-i386-win32-vc14-release:datatypes.obj
 0001:0004e540       _srtp_err_report           0044f540 f   libsrtp-i386-win32-vc14-release:srtp_err.obj
 0001:0004e570       _srtp_rdbx_add_index       0044f570 f   libsrtp-i386-win32-vc14-release:rdbx.obj
 0001:0004e5c0       _srtp_rdbx_check           0044f5c0 f   libsrtp-i386-win32-vc14-release:rdbx.obj
 0001:0004e600       _srtp_rdbx_dealloc         0044f600 f   libsrtp-i386-win32-vc14-release:rdbx.obj
 0001:0004e620       _srtp_rdbx_estimate_index  0044f620 f   libsrtp-i386-win32-vc14-release:rdbx.obj
 0001:0004e6d0       _srtp_rdbx_get_packet_index 0044f6d0 f   libsrtp-i386-win32-vc14-release:rdbx.obj
 0001:0004e6e0       _srtp_cipher_get_key_length 0044f6e0 f   libsrtp-i386-win32-vc14-release:cipher.obj
 0001:0004e6e0       _srtp_auth_get_tag_length  0044f6e0 f   libsrtp-i386-win32-vc14-release:auth.obj
 0001:0004e6e0       _srtp_rdbx_get_window_size 0044f6e0 f   libsrtp-i386-win32-vc14-release:rdbx.obj
 0001:0004e6f0       _srtp_rdbx_init            0044f6f0 f   libsrtp-i386-win32-vc14-release:rdbx.obj
 0001:0004e730       _srtp_rdbx_set_roc         0044f730 f   libsrtp-i386-win32-vc14-release:rdbx.obj
 0001:0004e790       _srtp_rdbx_set_roc_seq     0044f790 f   libsrtp-i386-win32-vc14-release:rdbx.obj
 0001:0004e7f0       _srtp_rdb_add_index        0044f7f0 f   libsrtp-i386-win32-vc14-release:rdb.obj
 0001:0004e840       _srtp_rdb_check            0044f840 f   libsrtp-i386-win32-vc14-release:rdb.obj
 0001:0004e890       _srtp_rdb_increment        0044f890 f   libsrtp-i386-win32-vc14-release:rdb.obj
 0001:0004e8b0       _srtp_rdb_init             0044f8b0 f   libsrtp-i386-win32-vc14-release:rdb.obj
 0001:0004e8e0       _srtp_cipher_dealloc       0044f8e0 f   libsrtp-i386-win32-vc14-release:cipher.obj
 0001:0004e900       _srtp_cipher_decrypt       0044f900 f   libsrtp-i386-win32-vc14-release:cipher.obj
 0001:0004e930       _srtp_cipher_encrypt       0044f930 f   libsrtp-i386-win32-vc14-release:cipher.obj
 0001:0004e960       _srtp_cipher_get_tag       0044f960 f   libsrtp-i386-win32-vc14-release:cipher.obj
 0001:0004e9a0       _srtp_cipher_init          0044f9a0 f   libsrtp-i386-win32-vc14-release:cipher.obj
 0001:0004e9d0       _srtp_cipher_output        0044f9d0 f   libsrtp-i386-win32-vc14-release:cipher.obj
 0001:0004ea00       _srtp_cipher_set_aad       0044fa00 f   libsrtp-i386-win32-vc14-release:cipher.obj
 0001:0004ea40       _srtp_cipher_set_iv        0044fa40 f   libsrtp-i386-win32-vc14-release:cipher.obj
 0001:0004ea70       _srtp_cipher_type_self_test 0044fa70 f   libsrtp-i386-win32-vc14-release:cipher.obj
 0001:0004ea90       _srtp_cipher_type_test     0044fa90 f   libsrtp-i386-win32-vc14-release:cipher.obj
 0001:0004f870       _srtp_auth_get_key_length  00450870 f   libsrtp-i386-win32-vc14-release:auth.obj
 0001:0004f880       _srtp_auth_get_prefix_length 00450880 f   libsrtp-i386-win32-vc14-release:auth.obj
 0001:0004f890       _srtp_auth_type_self_test  00450890 f   libsrtp-i386-win32-vc14-release:auth.obj
 0001:0004f8b0       _srtp_auth_type_test       004508b0 f   libsrtp-i386-win32-vc14-release:auth.obj
 0001:0004fb30       _srtp_key_limit_clone      00450b30 f   libsrtp-i386-win32-vc14-release:key.obj
 0001:0004fb50       _srtp_key_limit_set        00450b50 f   libsrtp-i386-win32-vc14-release:key.obj
 0001:0004fb90       _srtp_key_limit_update     00450b90 f   libsrtp-i386-win32-vc14-release:key.obj
 0001:0004fbf0       _srtp_crypto_kernel_alloc_auth 00450bf0 f   libsrtp-i386-win32-vc14-release:crypto_kernel.obj
 0001:0004fc40       _srtp_crypto_kernel_alloc_cipher 00450c40 f   libsrtp-i386-win32-vc14-release:crypto_kernel.obj
 0001:0004fc90       _srtp_crypto_kernel_init   00450c90 f   libsrtp-i386-win32-vc14-release:crypto_kernel.obj
 0001:000500c0       _srtp_crypto_kernel_load_debug_module 004510c0 f   libsrtp-i386-win32-vc14-release:crypto_kernel.obj
 0001:00050140       _srtp_crypto_kernel_shutdown 00451140 f   libsrtp-i386-win32-vc14-release:crypto_kernel.obj
 0001:00050240       _srtp_ekt_alloc            00451240 f   libsrtp-i386-win32-vc14-release:ekt.obj
 0001:00050250       _srtp_ekt_octets_after_base_tag 00451250 f   libsrtp-i386-win32-vc14-release:ekt.obj
 0001:00050270       _srtp_ekt_write_data       00451270 f   libsrtp-i386-win32-vc14-release:ekt.obj
 0001:000503c0       _srtp_stream_init_from_ekt 004513c0 f   libsrtp-i386-win32-vc14-release:ekt.obj
 0001:00051880       _srtp_aes_decrypt          00452880 f   libsrtp-i386-win32-vc14-release:aes.obj
 0001:000519b0       _srtp_aes_encrypt          004529b0 f   libsrtp-i386-win32-vc14-release:aes.obj
 0001:00051ae0       _srtp_aes_expand_decryption_key 00452ae0 f   libsrtp-i386-win32-vc14-release:aes.obj
 0001:00051de0       _srtp_aes_expand_encryption_key 00452de0 f   libsrtp-i386-win32-vc14-release:aes.obj
 0001:00051f20       _srtp_sha1_core            00452f20 f   libsrtp-i386-win32-vc14-release:sha1.obj
 0001:00052470       _srtp_sha1_final           00453470 f   libsrtp-i386-win32-vc14-release:sha1.obj
 0001:00052ab0       _srtp_sha1_init            00453ab0 f   libsrtp-i386-win32-vc14-release:sha1.obj
 0001:00052af0       _srtp_sha1_update          00453af0 f   libsrtp-i386-win32-vc14-release:sha1.obj
 0001:00052bc5       ___WSAFDIsSet@8            00453bc5 f   ws2_32:WS2_32.dll
 0001:00052bcb       @__security_check_cookie@4 00453bcb f   MSVCRT:secchk.obj
 0001:00052be0       __aulldiv                  00453be0 f   MSVCRT:ulldiv.obj
 0001:00052c50       __ftoui3                   00453c50 f   MSVCRT:ftol3.obj
 0001:00052c5f       __ftoul3                   00453c5f f   MSVCRT:ftol3.obj
 0001:00052c6e       __ftol3                    00453c6e f   MSVCRT:ftol3.obj
 0001:00052c7b       __ftol3_NaN                00453c7b f   MSVCRT:ftol3.obj
 0001:00052c93       __ftol3_work               00453c93 f   MSVCRT:ftol3.obj
 0001:00052d19       __ftol3_common             00453d19 f   MSVCRT:ftol3.obj
 0001:00052ddb       __ftol3_arg_error          00453ddb f   MSVCRT:ftol3.obj
 0001:00052ded       __ftol3_except             00453ded f   MSVCRT:ftol3.obj
 0001:00052e31       __dtoui3                   00453e31 f   MSVCRT:ftol3.obj
 0001:00052e40       __dtoul3                   00453e40 f   MSVCRT:ftol3.obj
 0001:00052e4f       __dtol3                    00453e4f f   MSVCRT:ftol3.obj
 0001:00052e5c       __dtol3_NaN                00453e5c f   MSVCRT:ftol3.obj
 0001:00052e79       __dtol3_work               00453e79 f   MSVCRT:ftol3.obj
 0001:00052f60       __ultod3                   00453f60 f   MSVCRT:ftol3.obj
 0001:00052fa0       __ltod3                    00453fa0 f   MSVCRT:ftol3.obj
 0001:0005320f       _mainCRTStartup            0045420f f   MSVCRT:exe_main.obj
 0001:00053219       ___isa_available_init      00454219 f   MSVCRT:cpu_disp.obj
 0001:000533b0       ___raise_securityfailure   004543b0 f   MSVCRT:gs_report.obj
 0001:000533d8       ___report_gsfailure        004543d8 f   MSVCRT:gs_report.obj
 0001:000534d1       ___report_rangecheckfailure 004544d1 f   MSVCRT:gs_report.obj
 0001:000534dd       ___report_securityfailure  004544dd f   MSVCRT:gs_report.obj
 0001:000535b0       __alldiv                   004545b0 f   MSVCRT:lldiv.obj
 0001:00053660       __aullrem                  00454660 f   MSVCRT:ullrem.obj
 0001:000536e0       ___vdecl_cos2              004546e0 f   MSVCRT:svml_dcos2_dispatch.obj
 0001:000536f0       __allmul                   004546f0 f   MSVCRT:llmul.obj
 0001:00053730       __alloca_probe             00454730 f   MSVCRT:chkstk.obj
 0001:00053730       __chkstk                   00454730 f   MSVCRT:chkstk.obj
 0001:00053760       __ftol2_sse                00454760 f   MSVCRT:ftol2.obj
 0001:00053769       __ftol2_pentium4           00454769 f   MSVCRT:ftol2.obj
 0001:0005377c       __ftol2_sse_excpt          0045477c f   MSVCRT:ftol2.obj
 0001:000537a0       __ftol2                    004547a0 f   MSVCRT:ftol2.obj
 0001:00053820       __alloca_probe_16          00454820 f   MSVCRT:alloca16.obj
 0001:00053836       __alloca_probe_8           00454836     MSVCRT:alloca16.obj
 0001:00053890       ___scrt_acquire_startup_lock 00454890 f   MSVCRT:utility.obj
 0001:000538c2       ___scrt_initialize_crt     004548c2 f   MSVCRT:utility.obj
 0001:000538fb       ___scrt_initialize_onexit_tables 004548fb f   MSVCRT:utility.obj
 0001:000539a0       ___scrt_is_nonwritable_in_current_image 004549a0 f   MSVCRT:utility.obj
 0001:00053a34       ___scrt_release_startup_lock 00454a34 f   MSVCRT:utility.obj
 0001:00053a51       ___scrt_uninitialize_crt   00454a51 f   MSVCRT:utility.obj
 0001:00053a79       __onexit                   00454a79 f   MSVCRT:utility.obj
 0001:00053ab4       _atexit                    00454ab4 f   MSVCRT:utility.obj
 0001:00053b16       ___security_init_cookie    00454b16 f   MSVCRT:gs_support.obj
 0001:00053b61       __get_startup_argv_mode    00454b61 f   MSVCRT:argv_mode.obj
 0001:00053b65       __get_startup_file_mode    00454b65 f   MSVCRT:file_mode.obj
 0001:00053b6b       ?__scrt_initialize_type_info@@YAXXZ 00454b6b f   MSVCRT:tncleanup.obj
 0001:00053b77       ___acrt_uninitialize       00454b77 f   MSVCRT:ucrt_stubs.obj
 0001:00053b77       ___acrt_initialize         00454b77 f   MSVCRT:ucrt_stubs.obj
 0001:00053b77       ___scrt_stub_for_acrt_initialize 00454b77 f   MSVCRT:ucrt_stubs.obj
 0001:00053b77       ___vcrt_uninitialize       00454b77 f   MSVCRT:ucrt_stubs.obj
 0001:00053b77       ___vcrt_initialize         00454b77 f   MSVCRT:ucrt_stubs.obj
 0001:00053b77       ___scrt_stub_for_acrt_uninitialize 00454b77 f   MSVCRT:ucrt_stubs.obj
 0001:00053b77       __should_initialize_environment 00454b77 f   MSVCRT:env_mode.obj
 0001:00053b7a       __initialize_default_precision 00454b7a f   MSVCRT:default_precision.obj
 0001:00053b9b       ___scrt_initialize_default_local_stdio_options 00454b9b f   MSVCRT:default_local_stdio_options.obj
 0001:00053bb8       ___scrt_is_user_matherr_present 00454bb8 f   MSVCRT:matherr_detection.obj
 0001:00053bc4       ___scrt_get_dyn_tls_init_callback 00454bc4 f   MSVCRT:dyn_tls_init.obj
 0001:00053bca       ___scrt_get_dyn_tls_dtor_callback 00454bca f   MSVCRT:dyn_tls_dtor.obj
 0001:00053bd0       ___scrt_fastfail           00454bd0 f   MSVCRT:utility_desktop.obj
 0001:00053cea       ___scrt_initialize_mta     00454cea f   MSVCRT:utility_desktop.obj
 0001:00053cef       ___scrt_is_managed_app     00454cef f   MSVCRT:utility_desktop.obj
 0001:00053d32       ___scrt_set_unhandled_exception_filter 00454d32 f   MSVCRT:utility_desktop.obj
 0001:00053d3e       ___scrt_unhandled_exception_filter@4 00454d3e f   MSVCRT:utility_desktop.obj
 0001:00053d7f       __crt_debugger_hook        00454d7f f   MSVCRT:utility_desktop.obj
 0001:00053d87       __RTC_Initialize           00454d87 f   MSVCRT:initsect.obj
 0001:00053db3       __RTC_Terminate            00454db3 f   MSVCRT:initsect.obj
 0001:00053de0       __SEH_prolog4              00454de0 f   MSVCRT:sehprolg4.obj
 0001:00053e26       __SEH_epilog4              00454e26 f   MSVCRT:sehprolg4.obj
 0001:00053e3b       __except_handler4          00454e3b f   MSVCRT:chandler4gs.obj
 0001:00053e60       ___sse2_cos2               00454e60 f   MSVCRT:svml_dcos2_sse2.obj
 0001:00054000       ___scrt_is_ucrt_dll_in_use 00455000 f   MSVCRT:ucrt_detection.obj
 0001:00054010       ___common_sin_reduction_LA 00455010 f   MSVCRT:svml_dtrig.obj
 0001:00054360       ___common_cos_reduction_LA 00455360 f   MSVCRT:svml_dtrig.obj
 0001:00054650       ___common_pi04_reduction_LA 00455650 f   MSVCRT:svml_dtrig.obj
 0001:00054960       _IsProcessorFeaturePresent@4 00455960 f   kernel32:KERNEL32.dll
 0001:00054966       _memcpy                    00455966 f   vcruntime:VCRUNTIME140.dll
 0001:0005496c       _memset                    0045596c f   vcruntime:VCRUNTIME140.dll
 0001:00054972       _memmove                   00455972 f   vcruntime:VCRUNTIME140.dll
 0001:00054978       _strchr                    00455978 f   vcruntime:VCRUNTIME140.dll
 0001:0005497e       _longjmp                   0045597e f   vcruntime:VCRUNTIME140.dll
 0001:00054984       __except_handler4_common   00455984 f   vcruntime:VCRUNTIME140.dll
 0001:0005498a       __libm_sse2_cos_precise    0045598a f   ucrt:api-ms-win-crt-math-l1-1-0.dll
 0001:00054990       __CIfmod                   00455990 f   ucrt:api-ms-win-crt-math-l1-1-0.dll
 0001:00054996       _exit                      00455996 f   ucrt:api-ms-win-crt-runtime-l1-1-0.dll
 0001:0005499c       __libm_sse2_log10_precise  0045599c f   ucrt:api-ms-win-crt-math-l1-1-0.dll
 0001:000549a2       __libm_sse2_pow_precise    004559a2 f   ucrt:api-ms-win-crt-math-l1-1-0.dll
 0001:000549a8       __libm_sse2_sqrt_precise   004559a8 f   ucrt:api-ms-win-crt-math-l1-1-0.dll
 0001:000549ae       _floor                     004559ae f   ucrt:api-ms-win-crt-math-l1-1-0.dll
 0001:000549b4       __libm_sse2_exp_precise    004559b4 f   ucrt:api-ms-win-crt-math-l1-1-0.dll
 0001:000549ba       __libm_sse2_log_precise    004559ba f   ucrt:api-ms-win-crt-math-l1-1-0.dll
 0001:000549c0       __libm_sse2_atan_precise   004559c0 f   ucrt:api-ms-win-crt-math-l1-1-0.dll
 0001:000549c6       __libm_sse2_acos_precise   004559c6 f   ucrt:api-ms-win-crt-math-l1-1-0.dll
 0001:000549cc       __libm_sse2_sin_precise    004559cc f   ucrt:api-ms-win-crt-math-l1-1-0.dll
 0001:000549d2       __except1                  004559d2 f   ucrt:api-ms-win-crt-math-l1-1-0.dll
 0001:000549d8       __seh_filter_exe           004559d8 f   ucrt:api-ms-win-crt-runtime-l1-1-0.dll
 0001:000549de       __set_app_type             004559de f   ucrt:api-ms-win-crt-runtime-l1-1-0.dll
 0001:000549e4       ___setusermatherr          004559e4 f   ucrt:api-ms-win-crt-math-l1-1-0.dll
 0001:000549ea       __configure_narrow_argv    004559ea f   ucrt:api-ms-win-crt-runtime-l1-1-0.dll
 0001:000549f0       __initialize_narrow_environment 004559f0 f   ucrt:api-ms-win-crt-runtime-l1-1-0.dll
 0001:000549f6       __get_initial_narrow_environment 004559f6 f   ucrt:api-ms-win-crt-runtime-l1-1-0.dll
[...]
 0003:00000904       $SG24937                   0046d904     streamutil.obj
 0003:0000090c       $SG24939                   0046d90c     streamutil.obj
 0003:00000928       $SG24940                   0046d928     streamutil.obj
 0003:00000934       $SG24944                   0046d934     streamutil.obj
 0003:0000094c       $SG24945                   0046d94c     streamutil.obj
 0003:00000958       $SG25070                   0046d958     streamutil.obj
 0003:00000960       $SG25072                   0046d960     streamutil.obj
 0003:0000096c       $SG25074                   0046d96c     streamutil.obj
 0003:00000974       $SG25076                   0046d974     streamutil.obj
 0003:00000980       $SG25078                   0046d980     streamutil.obj
 0003:0000098c       $SG25080                   0046d98c     streamutil.obj
 0003:00000998       $SG25082                   0046d998     streamutil.obj
 0003:000009a4       $SG25084                   0046d9a4     streamutil.obj
 0003:000009b0       $SG25086                   0046d9b0     streamutil.obj
 0003:000009bc       $SG25088                   0046d9bc     streamutil.obj
 0003:000009c8       $SG25090                   0046d9c8     streamutil.obj
 0003:000009d4       $SG25092                   0046d9d4     streamutil.obj
 0003:000009e0       $SG25094                   0046d9e0     streamutil.obj
 0003:000009f4       $SG25096                   0046d9f4     streamutil.obj
 0003:00000a08       $SG25098                   0046da08     streamutil.obj
 0003:00000a10       $SG25100                   0046da10     streamutil.obj
 0003:00000a14       $SG25104                   0046da14     streamutil.obj
 0003:00000a34       $SG25106                   0046da34     streamutil.obj
 0003:00000a38       $SG25107                   0046da38     streamutil.obj
 0003:00000a3c       $SG25109                   0046da3c     streamutil.obj
 0003:00000a54       $SG25110                   0046da54     streamutil.obj
 0003:00000a60       $SG25113                   0046da60     streamutil.obj
 0003:00000a78       $SG25114                   0046da78     streamutil.obj
 0003:00000a84       $SG25123                   0046da84     streamutil.obj
 0003:00000a9c       $SG25128                   0046da9c     streamutil.obj
 0003:00000acc       $SG25131                   0046dacc     streamutil.obj
 0003:00000afc       $SG25134                   0046dafc     streamutil.obj
 0003:00000b10       $SG25138                   0046db10     streamutil.obj
 0003:00000b34       $SG25140                   0046db34     streamutil.obj
 0003:00000b6c       $SG25144                   0046db6c     streamutil.obj
 0003:00000ba4       $SG25146                   0046dba4     streamutil.obj
 0003:00000ba8       $SG25151                   0046dba8     streamutil.obj
 0003:00000bc8       $SG25157                   0046dbc8     streamutil.obj
 0003:00000bdc       $SG25158                   0046dbdc     streamutil.obj
 0003:00000be8       $SG25160                   0046dbe8     streamutil.obj
 0003:00000c08       $SG25161                   0046dc08     streamutil.obj
 0003:00000c14       $SG25163                   0046dc14     streamutil.obj
 0003:00000c30       $SG25164                   0046dc30     streamutil.obj
 0003:00000c3c       $SG25165                   0046dc3c     streamutil.obj
 0003:00000c58       $SG25169                   0046dc58     streamutil.obj
 0003:00000c6c       $SG25170                   0046dc6c     streamutil.obj
 0003:00000c78       $SG25172                   0046dc78     streamutil.obj
 0003:00000c98       $SG25173                   0046dc98     streamutil.obj
 0003:00000ca4       $SG25175                   0046dca4     streamutil.obj
 0003:00000cc0       $SG25176                   0046dcc0     streamutil.obj
 0003:00000ccc       $SG25177                   0046dccc     streamutil.obj
 0003:00000ce8       $SG25183                   0046dce8     streamutil.obj
 0003:00000d04       $SG25184                   0046dd04     streamutil.obj
 0003:00000d10       $SG25188                   0046dd10     streamutil.obj
 0003:00000d48       $SG25191                   0046dd48     streamutil.obj
 0003:00000d80       $SG25192                   0046dd80     streamutil.obj
 0003:00000dc4       $SG25194                   0046ddc4     streamutil.obj
 0003:00000dd0       $SG25195                   0046ddd0     streamutil.obj
 0003:00000df4       $SG25196                   0046ddf4     streamutil.obj
 0003:00000e04       $SG25198                   0046de04     streamutil.obj
 0003:00000e10       $SG25200                   0046de10     streamutil.obj
 0003:00000e3c       $SG25218                   0046de3c     streamutil.obj
 0003:00000e40       $SG25221                   0046de40     streamutil.obj
 0003:00000e48       $SG25222                   0046de48     streamutil.obj
 0003:00000e54       $SG25247                   0046de54     streamutil.obj
 0003:00000e68       $SG25248                   0046de68     streamutil.obj
 0003:00000e8c       $SG25249                   0046de8c     streamutil.obj
 0003:00000ec4       $SG25252                   0046dec4     streamutil.obj
 0003:00000ecc       $SG25253                   0046decc     streamutil.obj
 0003:00000eec       $SG25269                   0046deec     streamutil.obj
 0003:00000f20       $SG25258                   0046df20     streamutil.obj
 0003:0000104c       $SG25261                   0046e04c     streamutil.obj
 0003:00001054       $SG25262                   0046e054     streamutil.obj
 0003:00001078       $SG25267                   0046e078     streamutil.obj
 0003:000011a0       _l16_op                    0046e1a0     pjmedia-codec-i386-win32-vc14-release:l16.obj
 0003:000011c0       _l16_factory_op            0046e1c0     pjmedia-codec-i386-win32-vc14-release:l16.obj
 0003:000011d8       _gsm_op                    0046e1d8     pjmedia-codec-i386-win32-vc14-release:gsm.obj
 0003:000011f8       _gsm_factory_op            0046e1f8     pjmedia-codec-i386-win32-vc14-release:gsm.obj
 0003:00001210       _spx_op                    0046e210     pjmedia-codec-i386-win32-vc14-release:speex_codec.obj
 0003:00001230       _spx_factory_op            0046e230     pjmedia-codec-i386-win32-vc14-release:speex_codec.obj
 0003:00001248       _ilbc_op                   0046e248     pjmedia-codec-i386-win32-vc14-release:ilbc.obj
 0003:00001268       _STR_MODE                  0046e268     pjmedia-codec-i386-win32-vc14-release:ilbc.obj
 0003:00001270       _ilbc_factory_op           0046e270     pjmedia-codec-i386-win32-vc14-release:ilbc.obj
 0003:00001288       _g722_op                   0046e288     pjmedia-codec-i386-win32-vc14-release:g722.obj
 0003:000012a8       _g722_factory_op           0046e2a8     pjmedia-codec-i386-win32-vc14-release:g722.obj
 0003:000012c0       _stream_op                 0046e2c0     pjmedia-audiodev-i386-win32-vc14-release:wmme_dev.obj
 0003:000012d8       _factory_op                0046e2d8     pjmedia-audiodev-i386-win32-vc14-release:wmme_dev.obj
 0003:00001300       _crypto_suites             0046e300     pjmedia-i386-win32-vc14-release:transport_srtp.obj
 0003:000013dc       _transport_srtp_op         0046e3dc     pjmedia-i386-win32-vc14-release:transport_srtp.obj
 0003:00001410       ?liberr@?1??get_libsrtp_errstr@@9@9 0046e410     pjmedia-i386-win32-vc14-release:transport_srtp.obj
 0003:00001474       _sdes_op                   0046e474     pjmedia-i386-win32-vc14-release:transport_srtp.obj
 0003:000014a8       _transport_udp_op          0046e4a8     pjmedia-i386-win32-vc14-release:transport_udp.obj
 0003:000014dc       _g711_op                   0046e4dc     pjmedia-i386-win32-vc14-release:g711.obj
 0003:000014fc       _g711_factory_op           0046e4fc     pjmedia-i386-win32-vc14-release:g711.obj
 0003:00001514       _plc_wsola                 0046e514     pjmedia-i386-win32-vc14-release:plc_common.obj
 0003:00001520       _cap_infos                 0046e520     pjmedia-i386-win32-vc14-release:audiodev.obj
 0003:00001590       _echo_supp_op              0046e590     pjmedia-i386-win32-vc14-release:echo_common.obj
 0003:000015ac       _speex_aec_op              0046e5ac     pjmedia-i386-win32-vc14-release:echo_common.obj
 0003:000015e8       _thread_tls_id             0046e5e8     pjlib-i386-win32-vc14-release:os_core_win32.obj
 0003:000015ec       _pj_log_max_level          0046e5ec     pjlib-i386-win32-vc14-release:log.obj
 0003:000015f0       _thread_suspended_tls_id   0046e5f0     pjlib-i386-win32-vc14-release:log.obj
 0003:000015f4       _thread_indent_tls_id      0046e5f4     pjlib-i386-win32-vc14-release:log.obj
 0003:000015f8       _log_writer                0046e5f8     pjlib-i386-win32-vc14-release:log.obj
 0003:000015fc       _log_decor                 0046e5fc     pjlib-i386-win32-vc14-release:log.obj
 0003:00001600       _PJ_LOG_COLOR_0            0046e600     pjlib-i386-win32-vc14-release:log.obj
 0003:00001604       _PJ_LOG_COLOR_1            0046e604     pjlib-i386-win32-vc14-release:log.obj
 0003:00001608       _PJ_LOG_COLOR_2            0046e608     pjlib-i386-win32-vc14-release:log.obj
 0003:0000160c       _PJ_LOG_COLOR_3            0046e60c     pjlib-i386-win32-vc14-release:log.obj
 0003:00001610       _PJ_LOG_COLOR_4            0046e610     pjlib-i386-win32-vc14-release:log.obj
 0003:00001614       _PJ_LOG_COLOR_5            0046e614     pjlib-i386-win32-vc14-release:log.obj
 0003:00001618       _PJ_LOG_COLOR_6            0046e618     pjlib-i386-win32-vc14-release:log.obj
 0003:0000161c       _PJ_LOG_COLOR_77           0046e61c     pjlib-i386-win32-vc14-release:log.obj
 0003:00001620       ?ltexts@?2??pj_log@@9@9    0046e620     pjlib-i386-win32-vc14-release:log.obj
 0003:0000163c       ?wdays@?3??pj_log@@9@9     0046e63c     pjlib-i386-win32-vc14-release:log.obj
 0003:00001658       _pool_sizes                0046e658     pjlib-i386-win32-vc14-release:pool_caching.obj
 0003:000016a8       _mutex_lock_template       0046e6a8     pjlib-i386-win32-vc14-release:lock.obj
 0003:000016bc       _null_lock_template        0046e6bc     pjlib-i386-win32-vc14-release:lock.obj
 0003:000016d0       _sem_lock_template         0046e6d0     pjlib-i386-win32-vc14-release:lock.obj
 0003:000016e4       _thread_local_id           0046e6e4     pjlib-i386-win32-vc14-release:except.obj
 0003:000016e8       ?hex@?1??hex2digit@@9@9    0046e6e8     pjlib-i386-win32-vc14-release:guid_win32.obj
 0003:000016fc       _id                        0046e6fc     pjlib-i386-win32-vc14-release:config.obj
 0003:00001700       _tls                       0046e700     pjlib-i386-win32-vc14-release:pool_buf.obj
 0003:00003400       ?eps@?1??LSF_check@@9@9    00470400     libilbccodec-i386-win32-vc14-release:helpfun.obj
 0003:00003404       ?eps2@?1??LSF_check@@9@9   00470404     libilbccodec-i386-win32-vc14-release:helpfun.obj
 0003:00003408       ?maxlsf@?1??LSF_check@@9@9 00470408     libilbccodec-i386-win32-vc14-release:helpfun.obj
 0003:0000340c       ?minlsf@?1??LSF_check@@9@9 0047040c     libilbccodec-i386-win32-vc14-release:helpfun.obj
 0003:00003410       ?ntryh@?1??drfti1@@9@9     00470410     libspeex-i386-win32-vc14-release:smallft.obj
 0003:00003420       ?tpi@?1??drfti1@@9@9       00470420     libspeex-i386-win32-vc14-release:smallft.obj
 0003:00003424       ?hsqt2@?1??dradf4@@9@9     00470424     libspeex-i386-win32-vc14-release:smallft.obj
 0003:00003428       ?tpi@?1??dradfg@@9@9       00470428     libspeex-i386-win32-vc14-release:smallft.obj
 0003:0000342c       ?taur@?1??dradb3@@9@9      0047042c     libspeex-i386-win32-vc14-release:smallft.obj
 0003:00003430       ?taui@?1??dradb3@@9@9      00470430     libspeex-i386-win32-vc14-release:smallft.obj
 0003:00003434       ?sqrt2@?1??dradb4@@9@9     00470434     libspeex-i386-win32-vc14-release:smallft.obj
 0003:00003438       ?tpi@?1??dradbg@@9@9       00470438     libspeex-i386-win32-vc14-release:smallft.obj
 0003:00003444       _srtp_event_handler        00470444     libsrtp-i386-win32-vc14-release:srtp.obj
 0003:000038e0       $SG25193                   004708e0     streamutil.obj
 0003:000038e1       $SG25197                   004708e1     streamutil.obj
 0003:000038e2       $SG25254                   004708e2     streamutil.obj
 0003:000038e3       $SG25255                   004708e3     streamutil.obj
 0003:000038e4       $SG25256                   004708e4     streamutil.obj
 0003:000038e5       $SG25257                   004708e5     streamutil.obj
 0003:000038e6       $SG25263                   004708e6     streamutil.obj
 0003:000038e7       $SG25264                   004708e7     streamutil.obj
 0003:000038e8       $SG25265                   004708e8     streamutil.obj
 0003:000038e9       $SG25266                   004708e9     streamutil.obj
 0003:000038ea       $SG25268                   004708ea     streamutil.obj
 0003:000038ec       _l16_factory               004708ec     pjmedia-codec-i386-win32-vc14-release:l16.obj
 0003:00003908       _gsm_codec_factory         00470908     pjmedia-codec-i386-win32-vc14-release:gsm.obj
 0003:00003938       _spx_factory               00470938     pjmedia-codec-i386-win32-vc14-release:speex_codec.obj
 0003:000039e0       _ilbc_factory              004709e0     pjmedia-codec-i386-win32-vc14-release:ilbc.obj
 0003:000039fc       _g722_codec_factory        004709fc     pjmedia-codec-i386-win32-vc14-release:g722.obj
 0003:00003a30       ?name@?1??get_fmt_name@@9@9 00470a30     pjmedia-audiodev-i386-win32-vc14-release:wmme_dev.obj
 0003:00003a38       ?rec_cnt@?1??wmme_dev_thread@@9@9 00470a38     pjmedia-audiodev-i386-win32-vc14-release:wmme_dev.obj
 0003:00003a3c       ?play_cnt@?1??wmme_dev_thread@@9@9 00470a3c     pjmedia-audiodev-i386-win32-vc14-release:wmme_dev.obj
 0003:00003a40       _zero_frame                00470a40     pjmedia-i386-win32-vc14-release:stream.obj
 0003:000041c0       ?msg@?3??get_libsrtp_errstr@@9@9 004711c0     pjmedia-i386-win32-vc14-release:transport_srtp.obj
 0003:000041e0       _libsrtp_initialized       004711e0     pjmedia-i386-win32-vc14-release:transport_srtp.obj
 0003:000041e4       _g711_factory              004711e4     pjmedia-i386-win32-vc14-release:g711.obj
 0003:00004218       _aud_subsys                00471218     pjmedia-i386-win32-vc14-release:audiodev.obj
 0003:000046e8       _is_initialized            004716e8     pjmedia-i386-win32-vc14-release:sdp.obj
 0003:000046f0       _cis_buf                   004716f0     pjmedia-i386-win32-vc14-release:sdp.obj
 0003:00004af4       _cs_digit                  00471af4     pjmedia-i386-win32-vc14-release:sdp.obj
 0003:00004afc       _cs_token                  00471afc     pjmedia-i386-win32-vc14-release:sdp.obj
 0003:00004b08       _event_manager_instance    00471b08     pjmedia-i386-win32-vc14-release:event.obj
 0003:00004b10       ?ev_queue@?9??pjmedia_event_publish@@9@9 00471b10     pjmedia-i386-win32-vc14-release:event.obj
 0003:00004f24       ___getopt_initialized      00471f24     pjlib-util-i386-win32-vc14-release:getopt.obj
 0003:00004f28       _nextchar                  00471f28     pjlib-util-i386-win32-vc14-release:getopt.obj
 0003:00004f2c       _ordering                  00471f2c     pjlib-util-i386-win32-vc14-release:getopt.obj
 0003:00004f30       _posixly_correct           00471f30     pjlib-util-i386-win32-vc14-release:getopt.obj
 0003:00004f34       _first_nonopt              00471f34     pjlib-util-i386-win32-vc14-release:getopt.obj
 0003:00004f38       _last_nonopt               00471f38     pjlib-util-i386-win32-vc14-release:getopt.obj
 0003:00004f40       _initialized               00471f40     pjlib-i386-win32-vc14-release:os_core_win32.obj
 0003:00004f44       _atexit_count              00471f44     pjlib-i386-win32-vc14-release:os_core_win32.obj
 0003:00004f48       _main_thread               00471f48     pjlib-i386-win32-vc14-release:os_core_win32.obj
 0003:00005048       _critical_section_mutex    00472048     pjlib-i386-win32-vc14-release:os_core_win32.obj
 0003:00005080       _atexit_func               00472080     pjlib-i386-win32-vc14-release:os_core_win32.obj
 0003:00005100       ?buf@?1??pj_gethostname@@9@9 00472100     pjlib-i386-win32-vc14-release:sock_bsd.obj
 0003:00005180       ?hostname@?1??pj_gethostname@@9@9 00472180     pjlib-i386-win32-vc14-release:sock_bsd.obj
 0003:00005188       _err_msg_hnd_cnt           00472188     pjlib-i386-win32-vc14-release:errno.obj
 0003:00005190       _err_msg_hnd               00472190     pjlib-i386-win32-vc14-release:errno.obj
 0003:00005208       _g_last_thread             00472208     pjlib-i386-win32-vc14-release:log.obj
 0003:00005210       _base_time                 00472210     pjlib-i386-win32-vc14-release:os_time_win32.obj
 0003:00005218       _exception_id_names        00472218     pjlib-i386-win32-vc14-release:except.obj
 0003:00005258       ?unknown_name@?1??pj_exception_id_name@@9@9 00472258     pjlib-i386-win32-vc14-release:except.obj
 0003:00005278       _s_hDLL                    00472278     pjlib-i386-win32-vc14-release:ip_helper_win32.obj
 0003:0000527c       _s_pfnGetIpAddrTable       0047227c     pjlib-i386-win32-vc14-release:ip_helper_win32.obj
 0003:00005280       _s_pfnGetAdapterAddresses  00472280     pjlib-i386-win32-vc14-release:ip_helper_win32.obj
 0003:00005284       _s_pfnGetIpForwardTable    00472284     pjlib-i386-win32-vc14-release:ip_helper_win32.obj
 0003:00005288       _s_pfnGetIfEntry           00472288     pjlib-i386-win32-vc14-release:ip_helper_win32.obj
 0003:0000528c       _stack_based_factory       0047228c     pjlib-i386-win32-vc14-release:pool_buf.obj
 0003:000052b0       _is_initialized            004722b0     pjlib-i386-win32-vc14-release:pool_buf.obj
 0003:000052b4       _srtp_log_handler          004722b4     libsrtp-i386-win32-vc14-release:srtp.obj
 0003:000052b8       _srtp_log_handler_data     004722b8     libsrtp-i386-win32-vc14-release:srtp.obj
 0003:000052d0       _srtp_aes_icm_128_test_case_0_nonce 004722d0     libsrtp-i386-win32-vc14-release:aes_icm.obj
 0003:000052e0       _srtp_aes_icm_256_test_case_0_nonce 004722e0     libsrtp-i386-win32-vc14-release:aes_icm.obj
 0003:000052f8       _GS_ExceptionRecord        004722f8     MSVCRT:gs_report.obj
 0003:00005348       _GS_ContextRecord          00472348     MSVCRT:gs_report.obj
 0003:0000561c       ?is_initialized_as_dll@@3_NA 0047261c     MSVCRT:utility.obj
 0003:0000561d       ?module_local_atexit_table_initialized@@3_NA 0047261d     MSVCRT:utility.obj
 0003:00005620       ?module_local_atexit_table@@3U_onexit_table_t@@A 00472620     MSVCRT:utility.obj
 0003:0000562c       ?module_local_at_quick_exit_table@@3U_onexit_table_t@@A 0047262c     MSVCRT:utility.obj
 0004:00000000       _static_const_table        00473000     MSVCRT:svml_dcos2_sse2.obj
 0004:00000200       __e02PI                    00473200     MSVCRT:svml_dtrig.obj
 0004:000003a0       __e04PI                    004733a0     MSVCRT:svml_dtrig.obj
 0004:00000530       _2il0floatpacket_2         00473530     MSVCRT:svml_dtrig.obj
 0004:00000540       _2il0floatpacket_9         00473540     MSVCRT:svml_dtrig.obj
 0004:00000550       _2il0floatpacket_12        00473550     MSVCRT:svml_dtrig.obj
 0004:00000560       __dPI02                    00473560     MSVCRT:svml_dtrig.obj
 0004:00000570       __d02PI                    00473570     MSVCRT:svml_dtrig.obj
 0004:00000580       __DP4                      00473580     MSVCRT:svml_dtrig.obj
 0004:000005a0       __dPI04                    004735a0     MSVCRT:svml_dtrig.obj
 0004:000005b0       __d04PI                    004735b0     MSVCRT:svml_dtrig.obj
 0004:000005c0       __QP4                      004735c0     MSVCRT:svml_dtrig.obj
