 aviplay

 Timestamp is 62cfcfa2 (Thu Jul 14 16:11:14 2022)

 Preferred load address is 00400000

 Start         Length     Name                   Class
 0001:00000000 000af660H .text$mn                CODE
 0001:000af660 000011d2H .text$x                 CODE
 0002:00000000 00000104H .CRT$XCA                DATA
 0002:00000104 00000104H .CRT$XCAA               DATA
 0002:00000208 00000104H .CRT$XCZ                DATA
 0002:0000030c 00000104H .CRT$XIA                DATA
 0002:00000410 00000104H .CRT$XIAA               DATA
 0002:00000514 00000104H .CRT$XIAC               DATA
 0002:00000618 00000110H .CRT$XIC                DATA
 0002:00000728 00000104H .CRT$XIZ                DATA
 0002:0000082c 00000104H .CRT$XPA                DATA
 0002:00000930 0000010cH .CRT$XPX                DATA
 0002:00000a3c 00000104H .CRT$XPXA               DATA
 0002:00000b40 00000104H .CRT$XPZ                DATA
 0002:00000c44 00000104H .CRT$XTA                DATA
 0002:00000d48 00000108H .CRT$XTZ                DATA
 0002:00000e50 00022d44H .rdata                  DATA
 0002:00023b94 0000044cH .rdata$r                DATA
 0002:00023fe0 00000140H .rdata$sxdata           DATA
 0002:00024120 0000019cH .rdata$zzzdbg           DATA
 0002:000242bc 00000104H .rtc$IAA                DATA
 0002:000243c0 00000104H .rtc$IZZ                DATA
 0002:000244c4 00000104H .rtc$TAA                DATA
 0002:000245c8 00000108H .rtc$TZZ                DATA
 0002:000246d0 00000f19H .xdata$x                DATA
 0002:000255e9 00000000H .edata                  DATA
 0003:00000000 00009180H .data                   DATA
 0003:00009180 00000248H .data$r                 DATA
 0003:000093c8 00001b70H .bss                    DATA
 0004:00000000 00000304H .idata$5                DATA
 0004:00000304 0000003cH .idata$2                DATA
 0004:00000340 00000014H .idata$3                DATA
 0004:00000354 00000304H .idata$4                DATA
 0004:00000658 000009ccH .idata$6                DATA
 0005:00000000 00000104H .00cfg                  DATA

  Address         Publics by Value              Rva+Base       Lib:Object

 0000:00000000       ___guard_fids_table        00000000     <absolute>
 0000:00000000       ___dynamic_value_reloc_table 00000000     <absolute>
 0000:00000000       __except_list              00000000     <absolute>
 0000:00000000       ___guard_fids_count        00000000     <absolute>
 0000:00000000       ___volatile_metadata       00000000     <absolute>
 0000:00000000       ___guard_longjmp_count     00000000     <absolute>
 0000:00000000       ___guard_longjmp_table     00000000     <absolute>
 0000:00000000       ___hybrid_auxiliary_iat    00000000     <absolute>
 0000:00000000       ___hybrid_code_map         00000000     <absolute>
 0000:00000000       ___guard_iat_table         00000000     <absolute>
 0000:00000000       ___enclave_config          00000000     <absolute>
 0000:00000000       ___hybrid_code_map_count   00000000     <absolute>
 0000:00000000       ___guard_iat_count         00000000     <absolute>
 0000:0000000d       ___safe_se_handler_count   0000000d     <absolute>
 0000:00000100       ___guard_flags             00000100     <absolute>
 0000:00000000       ___ImageBase               00400000     <linker-defined>
 0001:00006d20       _get_snd_options           00407d20 f   aviplay.obj
 0001:00007080       _dump_pool_usage           00408080 f   aviplay.obj
 0001:00007120       _main                      00408120 f   aviplay.obj
 0001:00007240       _pj_getopt                 00408240 f   pjlib-util-i386-win32-vc14-debug:getopt.obj
 0001:00007260       _pj_getopt_long            00408260 f   pjlib-util-i386-win32-vc14-debug:getopt.obj
 0001:000082c0       _pj_pool_create            004092c0 f   pjlib-i386-win32-vc14-debug:pool.obj
 0001:000082f0       _pj_pool_release           004092f0 f   pjlib-i386-win32-vc14-debug:pool.obj
 0001:00008320       _pj_pool_safe_release      00409320 f   pjlib-i386-win32-vc14-debug:pool.obj
 0001:00008350       _pj_pool_getobjname        00409350 f   pjlib-i386-win32-vc14-debug:pool.obj
 0001:00008360       _pj_pool_reset             00409360 f   pjlib-i386-win32-vc14-debug:pool.obj
 0001:00008380       _pj_pool_get_capacity      00409380 f   pjlib-i386-win32-vc14-debug:pool.obj
 0001:00008390       _pj_pool_get_used_size     00409390 f   pjlib-i386-win32-vc14-debug:pool.obj
 0001:000083e0       _pj_pool_alloc             004093e0 f   pjlib-i386-win32-vc14-debug:pool.obj
 0001:00008420       _pj_pool_calloc            00409420 f   pjlib-i386-win32-vc14-debug:pool.obj
 0001:00008460       _pj_pool_alloc_from_block  00409460 f   pjlib-i386-win32-vc14-debug:pool.obj
 0001:000084b0       _pj_pool_allocate_find     004094b0 f   pjlib-i386-win32-vc14-debug:pool.obj
 0001:000085d0       _pj_NO_MEMORY_EXCEPTION    004095d0 f   pjlib-i386-win32-vc14-debug:pool.obj
 0001:000085e0       _pj_pool_create_int        004095e0 f   pjlib-i386-win32-vc14-debug:pool.obj
 0001:00008700       _pj_pool_init_int          00409700 f   pjlib-i386-win32-vc14-debug:pool.obj
 0001:000087a0       _pj_pool_destroy_int       004097a0 f   pjlib-i386-win32-vc14-debug:pool.obj
 0001:00008b60       ___local_stdio_printf_options 00409b60 f i pjlib-i386-win32-vc14-debug:pool.obj
 0001:00008b70       __snprintf                 00409b70 f i pjlib-i386-win32-vc14-debug:pool.obj
 0001:00008bc0       __vsnprintf                00409bc0 f i pjlib-i386-win32-vc14-debug:pool.obj
 0001:00008bf0       __vsnprintf_l              00409bf0 f i pjlib-i386-win32-vc14-debug:pool.obj
 0001:00008c80       _pj_log                    00409c80 f   pjlib-i386-win32-vc14-debug:log.obj
 0001:000094c0       _pj_log_set_log_func       0040a4c0 f   pjlib-i386-win32-vc14-debug:log.obj
 0001:000094d0       _pj_log_get_log_func       0040a4d0 f   pjlib-i386-win32-vc14-debug:log.obj
 0001:000094e0       _pj_log_set_level          0040a4e0 f   pjlib-i386-win32-vc14-debug:log.obj
 0001:000094f0       _pj_log_get_level          0040a4f0 f   pjlib-i386-win32-vc14-debug:log.obj
 0001:00009500       _pj_log_set_decor          0040a500 f   pjlib-i386-win32-vc14-debug:log.obj
 0001:00009510       _pj_log_get_decor          0040a510 f   pjlib-i386-win32-vc14-debug:log.obj
 0001:00009520       _pj_log_add_indent         0040a520 f   pjlib-i386-win32-vc14-debug:log.obj
 0001:00009540       _pj_log_push_indent        0040a540 f   pjlib-i386-win32-vc14-debug:log.obj
 0001:00009550       _pj_log_pop_indent         0040a550 f   pjlib-i386-win32-vc14-debug:log.obj
 0001:00009560       _pj_log_set_color          0040a560 f   pjlib-i386-win32-vc14-debug:log.obj
 0001:00009650       _pj_log_get_color          0040a650 f   pjlib-i386-win32-vc14-debug:log.obj
 0001:000096c0       _pj_log_init               0040a6c0 f   pjlib-i386-win32-vc14-debug:log.obj
 0001:00009740       _pj_log_1                  0040a740 f   pjlib-i386-win32-vc14-debug:log.obj
 0001:00009770       _pj_log_2                  0040a770 f   pjlib-i386-win32-vc14-debug:log.obj
 0001:000097a0       _pj_log_3                  0040a7a0 f   pjlib-i386-win32-vc14-debug:log.obj
 0001:000097d0       _pj_log_4                  0040a7d0 f   pjlib-i386-win32-vc14-debug:log.obj
 0001:00009800       _pj_log_5                  0040a800 f   pjlib-i386-win32-vc14-debug:log.obj
 0001:00009d90       _pj_list_insert_before     0040ad90 f   pjlib-i386-win32-vc14-debug:list.obj
 0001:00009db0       _pj_list_insert_nodes_before 0040adb0 f   pjlib-i386-win32-vc14-debug:list.obj
 0001:00009dd0       _pj_list_insert_after      0040add0 f   pjlib-i386-win32-vc14-debug:list.obj
 0001:00009e00       _pj_list_insert_nodes_after 0040ae00 f   pjlib-i386-win32-vc14-debug:list.obj
 0001:00009e40       _pj_list_merge_first       0040ae40 f   pjlib-i386-win32-vc14-debug:list.obj
 0001:00009e90       _pj_list_merge_last        0040ae90 f   pjlib-i386-win32-vc14-debug:list.obj
 0001:00009ee0       _pj_list_erase             0040aee0 f   pjlib-i386-win32-vc14-debug:list.obj
 0001:00009f10       _pj_list_find_node         0040af10 f   pjlib-i386-win32-vc14-debug:list.obj
 0001:00009f60       _pj_list_search            0040af60 f   pjlib-i386-win32-vc14-debug:list.obj
 0001:00009fc0       _pj_list_size              0040afc0 f   pjlib-i386-win32-vc14-debug:list.obj
 0001:0000a0f0       _pj_init                   0040b0f0 f   pjlib-i386-win32-vc14-debug:os_core_win32.obj
 0001:0000a2d0       _pj_shutdown               0040b2d0 f   pjlib-i386-win32-vc14-debug:os_core_win32.obj
 0001:0000a3f0       _pj_atexit                 0040b3f0 f   pjlib-i386-win32-vc14-debug:os_core_win32.obj
 0001:0000a430       _pj_getpid                 0040b430 f   pjlib-i386-win32-vc14-debug:os_core_win32.obj
 0001:0000a450       _pj_thread_create          0040b450 f   pjlib-i386-win32-vc14-debug:os_core_win32.obj
 0001:0000a610       _pj_thread_register        0040b610 f   pjlib-i386-win32-vc14-debug:os_core_win32.obj
 0001:0000a730       _pj_thread_is_registered   0040b730 f   pjlib-i386-win32-vc14-debug:os_core_win32.obj
 0001:0000a760       _pj_thread_get_prio        0040b760 f   pjlib-i386-win32-vc14-debug:os_core_win32.obj
 0001:0000a780       _pj_thread_set_prio        0040b780 f   pjlib-i386-win32-vc14-debug:os_core_win32.obj
 0001:0000a850       _pj_thread_get_prio_min    0040b850 f   pjlib-i386-win32-vc14-debug:os_core_win32.obj
 0001:0000a860       _pj_thread_get_prio_max    0040b860 f   pjlib-i386-win32-vc14-debug:os_core_win32.obj
 0001:0000a870       _pj_thread_get_os_handle   0040b870 f   pjlib-i386-win32-vc14-debug:os_core_win32.obj
 0001:0000a8b0       _pj_thread_get_name        0040b8b0 f   pjlib-i386-win32-vc14-debug:os_core_win32.obj
 0001:0000a910       _pj_thread_resume          0040b910 f   pjlib-i386-win32-vc14-debug:os_core_win32.obj
 0001:0000a9c0       _pj_thread_this            0040b9c0 f   pjlib-i386-win32-vc14-debug:os_core_win32.obj
 0001:0000aa10       _pj_thread_join            0040ba10 f   pjlib-i386-win32-vc14-debug:os_core_win32.obj
 0001:0000aaf0       _pj_thread_destroy         0040baf0 f   pjlib-i386-win32-vc14-debug:os_core_win32.obj
 0001:0000aba0       _pj_thread_sleep           0040bba0 f   pjlib-i386-win32-vc14-debug:os_core_win32.obj
 0001:0000abd0       _pj_thread_check_stack     0040bbd0 f   pjlib-i386-win32-vc14-debug:os_core_win32.obj
 0001:0000ac90       _pj_thread_get_stack_max_usage 0040bc90 f   pjlib-i386-win32-vc14-debug:os_core_win32.obj
 0001:0000aca0       _pj_thread_get_stack_info  0040bca0 f   pjlib-i386-win32-vc14-debug:os_core_win32.obj
 0001:0000ace0       _pj_thread_local_alloc     0040bce0 f   pjlib-i386-win32-vc14-debug:os_core_win32.obj
 0001:0000ad70       _pj_thread_local_free      0040bd70 f   pjlib-i386-win32-vc14-debug:os_core_win32.obj
 0001:0000ada0       _pj_thread_local_set       0040bda0 f   pjlib-i386-win32-vc14-debug:os_core_win32.obj
 0001:0000ae10       _pj_thread_local_get       0040be10 f   pjlib-i386-win32-vc14-debug:os_core_win32.obj
 0001:0000ae20       _pj_atomic_create          0040be20 f   pjlib-i386-win32-vc14-debug:os_core_win32.obj
 0001:0000ae60       _pj_atomic_destroy         0040be60 f   pjlib-i386-win32-vc14-debug:os_core_win32.obj
 0001:0000aea0       _pj_atomic_set             0040bea0 f   pjlib-i386-win32-vc14-debug:os_core_win32.obj
 0001:0000aef0       _pj_atomic_get             0040bef0 f   pjlib-i386-win32-vc14-debug:os_core_win32.obj
 0001:0000af40       _pj_atomic_inc             0040bf40 f   pjlib-i386-win32-vc14-debug:os_core_win32.obj
 0001:0000af80       _pj_atomic_inc_and_get     0040bf80 f   pjlib-i386-win32-vc14-debug:os_core_win32.obj
 0001:0000afb0       _pj_atomic_dec             0040bfb0 f   pjlib-i386-win32-vc14-debug:os_core_win32.obj
 0001:0000aff0       _pj_atomic_dec_and_get     0040bff0 f   pjlib-i386-win32-vc14-debug:os_core_win32.obj
 0001:0000b020       _pj_atomic_add             0040c020 f   pjlib-i386-win32-vc14-debug:os_core_win32.obj
 0001:0000b060       _pj_atomic_add_and_get     0040c060 f   pjlib-i386-win32-vc14-debug:os_core_win32.obj
 0001:0000b080       _pj_mutex_create           0040c080 f   pjlib-i386-win32-vc14-debug:os_core_win32.obj
 0001:0000b110       _pj_mutex_create_simple    0040c110 f   pjlib-i386-win32-vc14-debug:os_core_win32.obj
 0001:0000b130       _pj_mutex_create_recursive 0040c130 f   pjlib-i386-win32-vc14-debug:os_core_win32.obj
 0001:0000b150       _pj_mutex_lock             0040c150 f   pjlib-i386-win32-vc14-debug:os_core_win32.obj
 0001:0000b1e0       _pj_mutex_unlock           0040c1e0 f   pjlib-i386-win32-vc14-debug:os_core_win32.obj
 0001:0000b290       _pj_mutex_trylock          0040c290 f   pjlib-i386-win32-vc14-debug:os_core_win32.obj
 0001:0000b340       _pj_mutex_destroy          0040c340 f   pjlib-i386-win32-vc14-debug:os_core_win32.obj
 0001:0000b3a0       _pj_mutex_is_locked        0040c3a0 f   pjlib-i386-win32-vc14-debug:os_core_win32.obj
 0001:0000b3d0       _pj_rwmutex_create         0040c3d0 f   pjlib-i386-win32-vc14-debug:os_core_win32.obj
 0001:0000b4a0       _pj_rwmutex_lock_read      0040c4a0 f   pjlib-i386-win32-vc14-debug:os_core_win32.obj
 0001:0000b570       _pj_rwmutex_lock_write     0040c570 f   pjlib-i386-win32-vc14-debug:os_core_win32.obj
 0001:0000b5b0       _pj_rwmutex_unlock_read    0040c5b0 f   pjlib-i386-win32-vc14-debug:os_core_win32.obj
 0001:0000b680       _pj_rwmutex_unlock_write   0040c680 f   pjlib-i386-win32-vc14-debug:os_core_win32.obj
 0001:0000b6f0       _pj_rwmutex_destroy        0040c6f0 f   pjlib-i386-win32-vc14-debug:os_core_win32.obj
 0001:0000b750       _pj_enter_critical_section 0040c750 f   pjlib-i386-win32-vc14-debug:os_core_win32.obj
 0001:0000b770       _pj_leave_critical_section 0040c770 f   pjlib-i386-win32-vc14-debug:os_core_win32.obj
 0001:0000b790       _pj_sem_create             0040c790 f   pjlib-i386-win32-vc14-debug:os_core_win32.obj
 0001:0000b8d0       _pj_sem_wait               0040c8d0 f   pjlib-i386-win32-vc14-debug:os_core_win32.obj
 0001:0000b930       _pj_sem_trywait            0040c930 f   pjlib-i386-win32-vc14-debug:os_core_win32.obj
 0001:0000b990       _pj_sem_post               0040c990 f   pjlib-i386-win32-vc14-debug:os_core_win32.obj
 0001:0000ba40       _pj_sem_destroy            0040ca40 f   pjlib-i386-win32-vc14-debug:os_core_win32.obj
 0001:0000baf0       _pj_event_create           0040caf0 f   pjlib-i386-win32-vc14-debug:os_core_win32.obj
 0001:0000bc70       _pj_event_wait             0040cc70 f   pjlib-i386-win32-vc14-debug:os_core_win32.obj
 0001:0000bcc0       _pj_event_trywait          0040ccc0 f   pjlib-i386-win32-vc14-debug:os_core_win32.obj
 0001:0000bd10       _pj_event_set              0040cd10 f   pjlib-i386-win32-vc14-debug:os_core_win32.obj
 0001:0000bdc0       _pj_event_pulse            0040cdc0 f   pjlib-i386-win32-vc14-debug:os_core_win32.obj
 0001:0000be70       _pj_event_reset            0040ce70 f   pjlib-i386-win32-vc14-debug:os_core_win32.obj
 0001:0000bf20       _pj_event_destroy          0040cf20 f   pjlib-i386-win32-vc14-debug:os_core_win32.obj
 0001:0000bfd0       _pj_term_set_color         0040cfd0 f   pjlib-i386-win32-vc14-debug:os_core_win32.obj
 0001:0000c070       _pj_term_get_color         0040d070 f   pjlib-i386-win32-vc14-debug:os_core_win32.obj
 0001:0000c0c0       _pj_run_app                0040d0c0 f   pjlib-i386-win32-vc14-debug:os_core_win32.obj
 0001:0000c0e0       _pj_thread_init            0040d0e0 f   pjlib-i386-win32-vc14-debug:os_core_win32.obj
 0001:0000ce30       _pj_log_write              0040de30 f   pjlib-i386-win32-vc14-debug:log_writer_stdout.obj
 0001:0000cef0       __vfprintf_l               0040def0 f i pjlib-i386-win32-vc14-debug:log_writer_stdout.obj
 0001:0000cf30       _printf                    0040df30 f i pjlib-i386-win32-vc14-debug:log_writer_stdout.obj
 0001:0000cf80       _pj_str                    0040df80 f   pjlib-i386-win32-vc14-debug:string.obj
 0001:0000cfc0       _pj_strassign              0040dfc0 f   pjlib-i386-win32-vc14-debug:string.obj
 0001:0000cfe0       _pj_strcpy                 0040dfe0 f   pjlib-i386-win32-vc14-debug:string.obj
 0001:0000d020       _pj_strcpy2                0040e020 f   pjlib-i386-win32-vc14-debug:string.obj
 0001:0000d080       _pj_strncpy                0040e080 f   pjlib-i386-win32-vc14-debug:string.obj
 0001:0000d0e0       _pj_strncpy_with_null      0040e0e0 f   pjlib-i386-win32-vc14-debug:string.obj
 0001:0000d160       _pj_strdup                 0040e160 f   pjlib-i386-win32-vc14-debug:string.obj
 0001:0000d1c0       _pj_strdup_with_null       0040e1c0 f   pjlib-i386-win32-vc14-debug:string.obj
 0001:0000d230       _pj_strdup2                0040e230 f   pjlib-i386-win32-vc14-debug:string.obj
 0001:0000d2b0       _pj_strdup2_with_null      0040e2b0 f   pjlib-i386-win32-vc14-debug:string.obj
 0001:0000d330       _pj_strdup3                0040e330 f   pjlib-i386-win32-vc14-debug:string.obj
 0001:0000d360       _pj_strcmp                 0040e360 f   pjlib-i386-win32-vc14-debug:string.obj
 0001:0000d440       _pj_strcmp2                0040e440 f   pjlib-i386-win32-vc14-debug:string.obj
 0001:0000d490       _pj_strncmp                0040e490 f   pjlib-i386-win32-vc14-debug:string.obj
 0001:0000d4f0       _pj_strncmp2               0040e4f0 f   pjlib-i386-win32-vc14-debug:string.obj
 0001:0000d540       _pj_stricmp                0040e540 f   pjlib-i386-win32-vc14-debug:string.obj
 0001:0000d620       _pj_stricmp2               0040e620 f   pjlib-i386-win32-vc14-debug:string.obj
 0001:0000d670       _pj_strnicmp               0040e670 f   pjlib-i386-win32-vc14-debug:string.obj
 0001:0000d6d0       _pj_strnicmp2              0040e6d0 f   pjlib-i386-win32-vc14-debug:string.obj
 0001:0000d720       _pj_strcat                 0040e720 f   pjlib-i386-win32-vc14-debug:string.obj
 0001:0000d770       _pj_strcat2                0040e770 f   pjlib-i386-win32-vc14-debug:string.obj
 0001:0000d7d0       _pj_strspn                 0040e7d0 f   pjlib-i386-win32-vc14-debug:string.obj
 0001:0000d860       _pj_strspn2                0040e860 f   pjlib-i386-win32-vc14-debug:string.obj
 0001:0000d8e0       _pj_strcspn                0040e8e0 f   pjlib-i386-win32-vc14-debug:string.obj
 0001:0000d950       _pj_strcspn2               0040e950 f   pjlib-i386-win32-vc14-debug:string.obj
 0001:0000d9c0       _pj_strtok                 0040e9c0 f   pjlib-i386-win32-vc14-debug:string.obj
 0001:0000da70       _pj_strtok2                0040ea70 f   pjlib-i386-win32-vc14-debug:string.obj
 0001:0000db20       _pj_strstr                 0040eb20 f   pjlib-i386-win32-vc14-debug:string.obj
 0001:0000db90       _pj_stristr                0040eb90 f   pjlib-i386-win32-vc14-debug:string.obj
 0001:0000dc00       _pj_strltrim               0040ec00 f   pjlib-i386-win32-vc14-debug:string.obj
 0001:0000dc70       _pj_strrtrim               0040ec70 f   pjlib-i386-win32-vc14-debug:string.obj
 0001:0000dce0       _pj_strtrim                0040ece0 f   pjlib-i386-win32-vc14-debug:string.obj
 0001:0000dd00       _pj_create_random_string   0040ed00 f   pjlib-i386-win32-vc14-debug:string.obj
 0001:0000de00       _pj_strtol                 0040ee00 f   pjlib-i386-win32-vc14-debug:string.obj
 0001:0000dec0       _pj_strtol2                0040eec0 f   pjlib-i386-win32-vc14-debug:string.obj
 0001:0000e060       _pj_strtoul                0040f060 f   pjlib-i386-win32-vc14-debug:string.obj
 0001:0000e0e0       _pj_strtoul2               0040f0e0 f   pjlib-i386-win32-vc14-debug:string.obj
 0001:0000e210       _pj_strtoul3               0040f210 f   pjlib-i386-win32-vc14-debug:string.obj
 0001:0000e470       _pj_strtof                 0040f470 f   pjlib-i386-win32-vc14-debug:string.obj
 0001:0000e5e0       _pj_utoa                   0040f5e0 f   pjlib-i386-win32-vc14-debug:string.obj
 0001:0000e600       _pj_utoa_pad               0040f600 f   pjlib-i386-win32-vc14-debug:string.obj
 0001:0000ee30       _pj_gettimeofday           0040fe30 f   pjlib-i386-win32-vc14-debug:os_time_win32.obj
 0001:0000eee0       _pj_time_decode            0040fee0 f   pjlib-i386-win32-vc14-debug:os_time_win32.obj
 0001:0000efb0       _pj_time_encode            0040ffb0 f   pjlib-i386-win32-vc14-debug:os_time_win32.obj
 0001:0000f210       _pj_get_timestamp          00410210 f   pjlib-i386-win32-vc14-debug:os_timestamp_win32.obj
 0001:0000f280       _pj_get_timestamp_freq     00410280 f   pjlib-i386-win32-vc14-debug:os_timestamp_win32.obj
 0001:0000f320       _pj_GUID_STRING_LENGTH     00410320 f   pjlib-i386-win32-vc14-debug:guid_win32.obj
 0001:0000f330       _pj_generate_unique_string 00410330 f   pjlib-i386-win32-vc14-debug:guid_win32.obj
 0001:0000f4c0       _pj_strerror               004104c0 f   pjlib-i386-win32-vc14-debug:errno.obj
 0001:0000f650       _pj_perror                 00410650 f   pjlib-i386-win32-vc14-debug:errno.obj
 0001:0000f690       _pj_register_strerror      00410690 f   pjlib-i386-win32-vc14-debug:errno.obj
 0001:0000f840       _pj_errno_clear_handlers   00410840 f   pjlib-i386-win32-vc14-debug:errno.obj
 0001:0000f860       _pj_perror_1               00410860 f   pjlib-i386-win32-vc14-debug:errno.obj
 0001:0000f890       _pj_perror_2               00410890 f   pjlib-i386-win32-vc14-debug:errno.obj
 0001:0000f8c0       _pj_perror_3               004108c0 f   pjlib-i386-win32-vc14-debug:errno.obj
 0001:0000f8f0       _pj_perror_4               004108f0 f   pjlib-i386-win32-vc14-debug:errno.obj
 0001:0000f920       _pj_perror_5               00410920 f   pjlib-i386-win32-vc14-debug:errno.obj
 0001:0000fcb0       _pj_exception_id_alloc     00410cb0 f   pjlib-i386-win32-vc14-debug:except.obj
 0001:0000fd10       _pj_exception_id_free      00410d10 f   pjlib-i386-win32-vc14-debug:except.obj
 0001:0000fd70       _pj_exception_id_name      00410d70 f   pjlib-i386-win32-vc14-debug:except.obj
 0001:0000fdf0       _pj_throw_exception_       00410df0 f   pjlib-i386-win32-vc14-debug:except.obj
 0001:0000fe70       _pj_push_exception_handler_ 00410e70 f   pjlib-i386-win32-vc14-debug:except.obj
 0001:0000fef0       _pj_pop_exception_handler_ 00410ef0 f   pjlib-i386-win32-vc14-debug:except.obj
 0001:00010040       _pj_get_version            00411040 f   pjlib-i386-win32-vc14-debug:config.obj
 0001:00010050       _pj_dump_config            00411050 f   pjlib-i386-win32-vc14-debug:config.obj
 0001:00010670       _pj_srand                  00411670 f   pjlib-i386-win32-vc14-debug:rand.obj
 0001:00010690       _pj_rand                   00411690 f   pjlib-i386-win32-vc14-debug:rand.obj
 0001:000106f0       _pj_ntohs                  004116f0 f   pjlib-i386-win32-vc14-debug:sock_bsd.obj
 0001:00010700       _pj_htons                  00411700 f   pjlib-i386-win32-vc14-debug:sock_bsd.obj
 0001:00010710       _pj_ntohl                  00411710 f   pjlib-i386-win32-vc14-debug:sock_bsd.obj
 0001:00010720       _pj_htonl                  00411720 f   pjlib-i386-win32-vc14-debug:sock_bsd.obj
 0001:00010730       _pj_inet_ntoa              00411730 f   pjlib-i386-win32-vc14-debug:sock_bsd.obj
 0001:00010760       _pj_inet_aton              00411760 f   pjlib-i386-win32-vc14-debug:sock_bsd.obj
 0001:00010840       _pj_inet_pton              00411840 f   pjlib-i386-win32-vc14-debug:sock_bsd.obj
 0001:00010a20       _pj_inet_ntop              00411a20 f   pjlib-i386-win32-vc14-debug:sock_bsd.obj
 0001:00010be0       _pj_gethostname            00411be0 f   pjlib-i386-win32-vc14-debug:sock_bsd.obj
 0001:00010c60       _pj_sock_socket            00411c60 f   pjlib-i386-win32-vc14-debug:sock_bsd.obj
 0001:00010d70       _pj_sock_close             00411d70 f   pjlib-i386-win32-vc14-debug:sock_bsd.obj
 0001:00010df0       _pj_sock_bind              00411df0 f   pjlib-i386-win32-vc14-debug:sock_bsd.obj
 0001:00010ea0       _pj_sock_bind_in           00411ea0 f   pjlib-i386-win32-vc14-debug:sock_bsd.obj
 0001:00010f20       _pj_sock_listen            00411f20 f   pjlib-i386-win32-vc14-debug:sock_bsd.obj
 0001:00010fa0       _pj_sock_accept            00411fa0 f   pjlib-i386-win32-vc14-debug:sock_bsd.obj
 0001:00011050       _pj_sock_connect           00412050 f   pjlib-i386-win32-vc14-debug:sock_bsd.obj
 0001:000110d0       _pj_sock_getpeername       004120d0 f   pjlib-i386-win32-vc14-debug:sock_bsd.obj
 0001:00011150       _pj_sock_getsockname       00412150 f   pjlib-i386-win32-vc14-debug:sock_bsd.obj
 0001:000111d0       _pj_sock_getsockopt        004121d0 f   pjlib-i386-win32-vc14-debug:sock_bsd.obj
 0001:00011290       _pj_sock_setsockopt        00412290 f   pjlib-i386-win32-vc14-debug:sock_bsd.obj
 0001:00011340       _pj_sock_setsockopt_params 00412340 f   pjlib-i386-win32-vc14-debug:sock_bsd.obj
 0001:00011450       _pj_sock_recv              00412450 f   pjlib-i386-win32-vc14-debug:sock_bsd.obj
 0001:00011510       _pj_sock_recvfrom          00412510 f   pjlib-i386-win32-vc14-debug:sock_bsd.obj
 0001:000115e0       _pj_sock_send              004125e0 f   pjlib-i386-win32-vc14-debug:sock_bsd.obj
 0001:000116a0       _pj_sock_sendto            004126a0 f   pjlib-i386-win32-vc14-debug:sock_bsd.obj
 0001:00011760       _pj_sock_shutdown          00412760 f   pjlib-i386-win32-vc14-debug:sock_bsd.obj
 0001:00011c70       _pj_get_os_error           00412c70 f   pjlib-i386-win32-vc14-debug:os_error_win32.obj
 0001:00011ca0       _pj_set_os_error           00412ca0 f   pjlib-i386-win32-vc14-debug:os_error_win32.obj
 0001:00011cd0       _pj_get_netos_error        00412cd0 f   pjlib-i386-win32-vc14-debug:os_error_win32.obj
 0001:00011d00       _pj_set_netos_error        00412d00 f   pjlib-i386-win32-vc14-debug:os_error_win32.obj
 0001:00011d50       _platform_strerror         00412d50 f   pjlib-i386-win32-vc14-debug:os_error_win32.obj
 0001:00011f70       _pj_ioqueue_name           00412f70 f   pjlib-i386-win32-vc14-debug:ioqueue_select.obj
 0001:00011f80       _pj_ioqueue_create         00412f80 f   pjlib-i386-win32-vc14-debug:ioqueue_select.obj
 0001:00012200       _pj_ioqueue_destroy        00413200 f   pjlib-i386-win32-vc14-debug:ioqueue_select.obj
 0001:00012300       _pj_ioqueue_set_lock       00413300 f   pjlib-i386-win32-vc14-debug:ioqueue_select.obj
 0001:00012370       _pj_ioqueue_set_default_concurrency 00413370 f   pjlib-i386-win32-vc14-debug:ioqueue_select.obj
 0001:000123b0       _pj_ioqueue_register_sock  004133b0 f   pjlib-i386-win32-vc14-debug:ioqueue_select.obj
 0001:000123e0       _pj_ioqueue_register_sock2 004133e0 f   pjlib-i386-win32-vc14-debug:ioqueue_select.obj
 0001:00012600       _pj_ioqueue_unregister     00413600 f   pjlib-i386-win32-vc14-debug:ioqueue_select.obj
 0001:000127d0       _pj_ioqueue_get_user_data  004137d0 f   pjlib-i386-win32-vc14-debug:ioqueue_select.obj
 0001:00012810       _pj_ioqueue_set_user_data  00413810 f   pjlib-i386-win32-vc14-debug:ioqueue_select.obj
 0001:00012860       _pj_ioqueue_set_concurrency 00413860 f   pjlib-i386-win32-vc14-debug:ioqueue_select.obj
 0001:000128e0       _pj_ioqueue_lock_key       004138e0 f   pjlib-i386-win32-vc14-debug:ioqueue_select.obj
 0001:00012910       _pj_ioqueue_trylock_key    00413910 f   pjlib-i386-win32-vc14-debug:ioqueue_select.obj
 0001:00012940       _pj_ioqueue_unlock_key     00413940 f   pjlib-i386-win32-vc14-debug:ioqueue_select.obj
 0001:00012970       _pj_ioqueue_op_key_init    00413970 f   pjlib-i386-win32-vc14-debug:ioqueue_select.obj
 0001:00012990       _pj_ioqueue_is_pending     00413990 f   pjlib-i386-win32-vc14-debug:ioqueue_select.obj
 0001:000129c0       _pj_ioqueue_post_completion 004139c0 f   pjlib-i386-win32-vc14-debug:ioqueue_select.obj
 0001:00012b20       _pj_ioqueue_accept         00413b20 f   pjlib-i386-win32-vc14-debug:ioqueue_select.obj
 0001:00012cd0       _pj_ioqueue_connect        00413cd0 f   pjlib-i386-win32-vc14-debug:ioqueue_select.obj
 0001:00012e00       _pj_ioqueue_poll           00413e00 f   pjlib-i386-win32-vc14-debug:ioqueue_select.obj
 0001:000133b0       _pj_ioqueue_recv           004143b0 f   pjlib-i386-win32-vc14-debug:ioqueue_select.obj
 0001:00013540       _pj_ioqueue_recvfrom       00414540 f   pjlib-i386-win32-vc14-debug:ioqueue_select.obj
 0001:000136f0       _pj_ioqueue_send           004146f0 f   pjlib-i386-win32-vc14-debug:ioqueue_select.obj
 0001:000138c0       _pj_ioqueue_sendto         004148c0 f   pjlib-i386-win32-vc14-debug:ioqueue_select.obj
 0001:00013f10       _ioqueue_dispatch_write_event 00414f10 f   pjlib-i386-win32-vc14-debug:ioqueue_select.obj
 0001:000142d0       _ioqueue_dispatch_read_event 004152d0 f   pjlib-i386-win32-vc14-debug:ioqueue_select.obj
 0001:00014600       _ioqueue_dispatch_exception_event 00415600 f   pjlib-i386-win32-vc14-debug:ioqueue_select.obj
 0001:00015470       _pj_time_val_normalize     00416470 f   pjlib-i386-win32-vc14-debug:types.obj
 0001:00015590       _pj_gettickcount           00416590 f   pjlib-i386-win32-vc14-debug:os_timestamp_common.obj
 0001:000155e0       _pj_elapsed_time           004165e0 f   pjlib-i386-win32-vc14-debug:os_timestamp_common.obj
 0001:00015690       _pj_elapsed_msec           00416690 f   pjlib-i386-win32-vc14-debug:os_timestamp_common.obj
 0001:000156c0       _pj_elapsed_msec64         004166c0 f   pjlib-i386-win32-vc14-debug:os_timestamp_common.obj
 0001:000156f0       _pj_elapsed_usec           004166f0 f   pjlib-i386-win32-vc14-debug:os_timestamp_common.obj
 0001:00015720       _pj_elapsed_nanosec        00416720 f   pjlib-i386-win32-vc14-debug:os_timestamp_common.obj
 0001:000157b0       _pj_elapsed_cycle          004167b0 f   pjlib-i386-win32-vc14-debug:os_timestamp_common.obj
 0001:00015a10       _pj_lock_create_simple_mutex 00416a10 f   pjlib-i386-win32-vc14-debug:lock.obj
 0001:00015a30       _pj_lock_create_recursive_mutex 00416a30 f   pjlib-i386-win32-vc14-debug:lock.obj
 0001:00015a50       _pj_lock_create_null_mutex 00416a50 f   pjlib-i386-win32-vc14-debug:lock.obj
 0001:00015a90       _pj_lock_create_semaphore  00416a90 f   pjlib-i386-win32-vc14-debug:lock.obj
 0001:00015b50       _pj_lock_acquire           00416b50 f   pjlib-i386-win32-vc14-debug:lock.obj
 0001:00015ba0       _pj_lock_tryacquire        00416ba0 f   pjlib-i386-win32-vc14-debug:lock.obj
 0001:00015bf0       _pj_lock_release           00416bf0 f   pjlib-i386-win32-vc14-debug:lock.obj
 0001:00015c40       _pj_lock_destroy           00416c40 f   pjlib-i386-win32-vc14-debug:lock.obj
 0001:00015c90       _pj_grp_lock_config_default 00416c90 f   pjlib-i386-win32-vc14-debug:lock.obj
 0001:00015cb0       _pj_grp_lock_create        00416cb0 f   pjlib-i386-win32-vc14-debug:lock.obj
 0001:00015e30       _pj_grp_lock_create_w_handler 00416e30 f   pjlib-i386-win32-vc14-debug:lock.obj
 0001:00015e80       _pj_grp_lock_destroy       00416e80 f   pjlib-i386-win32-vc14-debug:lock.obj
 0001:00015ea0       _pj_grp_lock_replace       00416ea0 f   pjlib-i386-win32-vc14-debug:lock.obj
 0001:00015f30       _pj_grp_lock_acquire       00416f30 f   pjlib-i386-win32-vc14-debug:lock.obj
 0001:00015f50       _pj_grp_lock_tryacquire    00416f50 f   pjlib-i386-win32-vc14-debug:lock.obj
 0001:00015f70       _pj_grp_lock_release       00416f70 f   pjlib-i386-win32-vc14-debug:lock.obj
 0001:00015f90       _pj_grp_lock_add_handler   00416f90 f   pjlib-i386-win32-vc14-debug:lock.obj
 0001:00015fb0       _pj_grp_lock_del_handler   00416fb0 f   pjlib-i386-win32-vc14-debug:lock.obj
 0001:00016020       _pj_grp_lock_add_ref       00417020 f   pjlib-i386-win32-vc14-debug:lock.obj
 0001:00016040       _pj_grp_lock_dec_ref       00417040 f   pjlib-i386-win32-vc14-debug:lock.obj
 0001:00016060       _pj_grp_lock_get_ref       00417060 f   pjlib-i386-win32-vc14-debug:lock.obj
 0001:00016080       _pj_grp_lock_dump          00417080 f   pjlib-i386-win32-vc14-debug:lock.obj
 0001:000160c0       _pj_grp_lock_chain_lock    004170c0 f   pjlib-i386-win32-vc14-debug:lock.obj
 0001:00016180       _pj_grp_lock_unchain_lock  00417180 f   pjlib-i386-win32-vc14-debug:lock.obj
 0001:00016b80       _PJ_FD_ZERO                00417b80 f   pjlib-i386-win32-vc14-debug:sock_select.obj
 0001:00016bc0       _PJ_FD_COUNT               00417bc0 f   pjlib-i386-win32-vc14-debug:sock_select.obj
 0001:00016be0       _PJ_FD_SET                 00417be0 f   pjlib-i386-win32-vc14-debug:sock_select.obj
 0001:00016cd0       _PJ_FD_CLR                 00417cd0 f   pjlib-i386-win32-vc14-debug:sock_select.obj
 0001:00016dd0       _PJ_FD_ISSET               00417dd0 f   pjlib-i386-win32-vc14-debug:sock_select.obj
 0001:00016e10       _pj_sock_select            00417e10 f   pjlib-i386-win32-vc14-debug:sock_select.obj
 0001:00016fab       _CoCreateGuid@4            00417fab f   ole32:ole32.dll
 0001:00016fb1       _WSAStartup@8              00417fb1 f   ws2_32:WS2_32.dll
 0001:00016fb7       _WSACleanup@0              00417fb7 f   ws2_32:WS2_32.dll
 0001:00016fbd       _WSAGetLastError@0         00417fbd f   ws2_32:WS2_32.dll
 0001:00016fc3       _accept@12                 00417fc3 f   ws2_32:WS2_32.dll
 0001:00016fc9       _bind@12                   00417fc9 f   ws2_32:WS2_32.dll
 0001:00016fcf       _closesocket@4             00417fcf f   ws2_32:WS2_32.dll
 0001:00016fd5       _connect@12                00417fd5 f   ws2_32:WS2_32.dll
 0001:00016fdb       _getpeername@12            00417fdb f   ws2_32:WS2_32.dll
 0001:00016fe1       _getsockname@12            00417fe1 f   ws2_32:WS2_32.dll
 0001:00016fe7       _getsockopt@20             00417fe7 f   ws2_32:WS2_32.dll
 0001:00016fed       _htonl@4                   00417fed f   ws2_32:WS2_32.dll
 0001:00016ff3       _htons@4                   00417ff3 f   ws2_32:WS2_32.dll
 0001:00016ff9       _inet_addr@4               00417ff9 f   ws2_32:WS2_32.dll
 0001:00016fff       _inet_ntoa@4               00417fff f   ws2_32:WS2_32.dll
 0001:00017005       _listen@8                  00418005 f   ws2_32:WS2_32.dll
 0001:0001700b       _ntohl@4                   0041800b f   ws2_32:WS2_32.dll
 0001:00017011       _ntohs@4                   00418011 f   ws2_32:WS2_32.dll
 0001:00017017       _recv@16                   00418017 f   ws2_32:WS2_32.dll
 0001:0001701d       _recvfrom@24               0041801d f   ws2_32:WS2_32.dll
 0001:00017023       _send@16                   00418023 f   ws2_32:WS2_32.dll
 0001:00017029       _sendto@24                 00418029 f   ws2_32:WS2_32.dll
 0001:0001702f       _setsockopt@20             0041802f f   ws2_32:WS2_32.dll
 0001:00017035       _shutdown@8                00418035 f   ws2_32:WS2_32.dll
 0001:0001703b       _gethostname@8             0041803b f   ws2_32:WS2_32.dll
 0001:00017041       _WSAIoctl@36               00418041 f   ws2_32:WS2_32.dll
 0001:00017047       _WSASocketA@24             00418047 f   ws2_32:WS2_32.dll
 0001:0001704d       _WSAAddressToStringA@20    0041804d f   ws2_32:WS2_32.dll
 0001:00017053       _WSAStringToAddressA@20    00418053 f   ws2_32:WS2_32.dll
 0001:00017059       _WSASetLastError@4         00418059 f   ws2_32:WS2_32.dll
 0001:0001705f       _ioctlsocket@12            0041805f f   ws2_32:WS2_32.dll
 0001:00017065       ___WSAFDIsSet@8            00418065 f   ws2_32:WS2_32.dll
 0001:0001706b       _select@20                 0041806b f   ws2_32:WS2_32.dll
 0001:00017080       @__security_check_cookie@4 00418080 f   LIBCMTD:secchk.obj
 0001:00017470       ?configure_argv@__scrt_narrow_argv_policy@@SAHXZ 00418470 f i LIBCMTD:exe_main.obj
 0001:00017490       ?initialize_environment@__scrt_narrow_environment_policy@@SAHXZ 00418490 f i LIBCMTD:exe_main.obj
 0001:000174d0       ?set_app_type@__scrt_main_policy@@SAXXZ 004184d0 f i LIBCMTD:exe_main.obj
 0001:000174f0       ?set_commode@__scrt_file_policy@@SAXXZ 004184f0 f i LIBCMTD:exe_main.obj
 0001:00017510       ?set_fmode@__scrt_file_policy@@SAXXZ 00418510 f i LIBCMTD:exe_main.obj
 0001:00017530       _mainCRTStartup            00418530 f   LIBCMTD:exe_main.obj
 0001:00017540       ___raise_securityfailure   00418540 f   LIBCMTD:gs_report.obj
 0001:00017580       ___report_gsfailure        00418580 f   LIBCMTD:gs_report.obj
 0001:000176d0       ___report_rangecheckfailure 004186d0 f   LIBCMTD:gs_report.obj
 0001:000176e0       ___report_securityfailure  004186e0 f   LIBCMTD:gs_report.obj
 0001:000177f0       ___report_securityfailureEx 004187f0 f   LIBCMTD:gs_report.obj
 0001:00017960       __chkstk                   00418960 f   LIBCMTD:chkstk.obj
 0001:00017960       __alloca_probe             00418960 f   LIBCMTD:chkstk.obj
 0001:000179a0       __alldiv                   004189a0 f   LIBCMTD:lldiv.obj
 0001:00017a80       __allmul                   00418a80 f   LIBCMTD:llmul.obj
 0001:00017ad0       __ftoui3                   00418ad0 f   LIBCMTD:ftol3.obj
 0001:00017adf       __ftoul3                   00418adf f   LIBCMTD:ftol3.obj
 0001:00017aee       __ftol3                    00418aee f   LIBCMTD:ftol3.obj
 0001:00017afb       __ftol3_NaN                00418afb f   LIBCMTD:ftol3.obj
 0001:00017b13       __ftol3_work               00418b13 f   LIBCMTD:ftol3.obj
 0001:00017b99       __ftol3_common             00418b99 f   LIBCMTD:ftol3.obj
 0001:00017c5b       __ftol3_arg_error          00418c5b f   LIBCMTD:ftol3.obj
 0001:00017c6d       __ftol3_except             00418c6d f   LIBCMTD:ftol3.obj
 0001:00017cb1       __dtoui3                   00418cb1 f   LIBCMTD:ftol3.obj
 0001:00017cc0       __dtoul3                   00418cc0 f   LIBCMTD:ftol3.obj
 0001:00017ccf       __dtol3                    00418ccf f   LIBCMTD:ftol3.obj
 0001:00017cdc       __dtol3_NaN                00418cdc f   LIBCMTD:ftol3.obj
 0001:00017cf9       __dtol3_work               00418cf9 f   LIBCMTD:ftol3.obj
 0001:00017de0       __ultod3                   00418de0 f   LIBCMTD:ftol3.obj
 0001:00017e20       __ltod3                    00418e20 f   LIBCMTD:ftol3.obj
 0001:00017f30       ??$__crt_fast_decode_pointer@PAP6AXXZ@@YAPAP6AXXZQAP6AXXZ@Z 00418f30 f i LIBCMTD:utility.obj
 0001:00017f60       ??$__crt_fast_encode_pointer@PAP6AXXZ@@YAPAP6AXXZQAP6AXXZ@Z 00418f60 f i LIBCMTD:utility.obj
 0001:00017fa0       ?__crt_rotate_pointer_value@@YAIIH@Z 00418fa0 f i LIBCMTD:utility.obj
 0001:000180f0       _NtCurrentTeb              004190f0 f i LIBCMTD:utility.obj
 0001:00018100       ___scrt_acquire_startup_lock 00419100 f   LIBCMTD:utility.obj
 0001:00018160       ___scrt_dllmain_after_initialize_c 00419160 f   LIBCMTD:utility.obj
 0001:000181a0       ___scrt_dllmain_before_initialize_c 004191a0 f   LIBCMTD:utility.obj
 0001:000181d0       ___scrt_dllmain_crt_thread_attach 004191d0 f   LIBCMTD:utility.obj
 0001:00018210       ___scrt_dllmain_crt_thread_detach 00419210 f   LIBCMTD:utility.obj
 0001:00018230       ___scrt_dllmain_exception_filter 00419230 f   LIBCMTD:utility.obj
 0001:00018290       ___scrt_dllmain_uninitialize_c 00419290 f   LIBCMTD:utility.obj
 0001:000182d0       ___scrt_dllmain_uninitialize_critical 004192d0 f   LIBCMTD:utility.obj
 0001:000182f0       ___scrt_initialize_crt     004192f0 f   LIBCMTD:utility.obj
 0001:00018350       ___scrt_initialize_onexit_tables 00419350 f   LIBCMTD:utility.obj
 0001:00018470       ___scrt_is_nonwritable_in_current_image 00419470 f   LIBCMTD:utility.obj
 0001:000185f0       ___scrt_release_startup_lock 004195f0 f   LIBCMTD:utility.obj
 0001:00018620       ___scrt_uninitialize_crt   00419620 f   LIBCMTD:utility.obj
 0001:00018670       __onexit                   00419670 f   LIBCMTD:utility.obj
 0001:00018700       _at_quick_exit             00419700 f   LIBCMTD:utility.obj
 0001:00018760       _atexit                    00419760 f   LIBCMTD:utility.obj
 0001:00018830       ___security_init_cookie    00419830 f   LIBCMTD:gs_support.obj
 0001:000188d0       __matherr                  004198d0 f   LIBCMTD:matherr.obj
 0001:000188e0       __get_startup_argv_mode    004198e0 f   LIBCMTD:argv_mode.obj
 0001:000188f0       __get_startup_commit_mode  004198f0 f   LIBCMTD:commit_mode.obj
 0001:00018900       __get_startup_file_mode    00419900 f   LIBCMTD:file_mode.obj
 0001:00018910       __get_startup_new_mode     00419910 f   LIBCMTD:new_mode.obj
 0001:00018920       __get_startup_thread_locale_mode 00419920 f   LIBCMTD:thread_locale.obj
 0001:00018930       ?__scrt_initialize_type_info@@YAXXZ 00419930 f   LIBCMTD:tncleanup.obj
 0001:00018950       ?__scrt_uninitialize_type_info@@YAXXZ 00419950 f   LIBCMTD:tncleanup.obj
 0001:00018970       __should_initialize_environment 00419970 f   LIBCMTD:env_mode.obj
 0001:00018980       __initialize_default_precision 00419980 f   LIBCMTD:default_precision.obj
 0001:000189b0       __initialize_invalid_parameter_handler 004199b0 f   LIBCMTD:invalid_parameter_handler.obj
 0001:000189c0       __initialize_denormal_control 004199c0 f   LIBCMTD:denormal_control.obj
 0001:000189d0       ___local_stdio_scanf_options 004199d0 f i LIBCMTD:default_local_stdio_options.obj
 0001:000189e0       ___scrt_initialize_default_local_stdio_options 004199e0 f   LIBCMTD:default_local_stdio_options.obj
 0001:00018a30       ___scrt_is_user_matherr_present 00419a30 f   LIBCMTD:matherr_detection.obj
 0001:00018a60       ___scrt_get_dyn_tls_init_callback 00419a60 f   LIBCMTD:dyn_tls_init.obj
 0001:00018a70       ___scrt_get_dyn_tls_dtor_callback 00419a70 f   LIBCMTD:dyn_tls_dtor.obj
 0001:00018a80       ___scrt_fastfail           00419a80 f   LIBCMTD:utility_desktop.obj
 0001:00018c10       ___scrt_get_show_window_mode 00419c10 f   LIBCMTD:utility_desktop.obj
 0001:00018c60       ___scrt_initialize_mta     00419c60 f   LIBCMTD:utility_desktop.obj
 0001:00018c70       ___scrt_initialize_winrt   00419c70 f   LIBCMTD:utility_desktop.obj
 0001:00018c80       ___scrt_is_managed_app     00419c80 f   LIBCMTD:utility_desktop.obj
 0001:00018d30       ___scrt_set_unhandled_exception_filter 00419d30 f   LIBCMTD:utility_desktop.obj
 0001:00018d50       ___scrt_exe_initialize_mta 00419d50 f   LIBCMTD:utility_desktop.obj
 0001:00018d50       ___scrt_stub_for_initialize_mta 00419d50 f   LIBCMTD:utility_desktop.obj
 0001:00018d60       ___scrt_unhandled_exception_filter@4 00419d60 f   LIBCMTD:utility_desktop.obj
 0001:00018de0       __crt_debugger_hook        00419de0 f   LIBCMTD:utility_desktop.obj
 0001:00018e00       __RTC_Initialize           00419e00 f   LIBCMTD:initsect.obj
 0001:00018e40       __RTC_Terminate            00419e40 f   LIBCMTD:initsect.obj
 0001:00018e80       @_guard_check_icall_nop@4  00419e80 f i LIBCMTD:guard_support.obj
 0001:00018e90       _ReadNoFence               00419e90 f i LIBCMTD:guard_support.obj
 0001:00018eb0       _ReadPointerNoFence        00419eb0 f i LIBCMTD:guard_support.obj
 0001:00018ed0       __guard_icall_checks_enforced 00419ed0 f i LIBCMTD:guard_support.obj
 0001:00018f10       ___isa_available_init      00419f10 f   LIBCMTD:cpu_disp.obj
 0001:000192a0       ___scrt_is_ucrt_dll_in_use 0041a2a0 f   LIBCMTD:ucrt_detection.obj
 0001:000192cd       _GetStdHandle@4            0041a2cd f   kernel32:KERNEL32.dll
 0001:000192d3       _CloseHandle@4             0041a2d3 f   kernel32:KERNEL32.dll
 0001:000192d9       _GetLastError@0            0041a2d9 f   kernel32:KERNEL32.dll
 0001:000192df       _InitializeCriticalSection@4 0041a2df f   kernel32:KERNEL32.dll
 0001:000192e5       _EnterCriticalSection@4    0041a2e5 f   kernel32:KERNEL32.dll
 0001:000192eb       _LeaveCriticalSection@4    0041a2eb f   kernel32:KERNEL32.dll
 0001:000192f1       _TryEnterCriticalSection@4 0041a2f1 f   kernel32:KERNEL32.dll
 0001:000192f7       _DeleteCriticalSection@4   0041a2f7 f   kernel32:KERNEL32.dll
 0001:000192fd       _SetEvent@4                0041a2fd f   kernel32:KERNEL32.dll
 0001:00019303       _ResetEvent@4              0041a303 f   kernel32:KERNEL32.dll
 0001:00019309       _ReleaseSemaphore@12       0041a309 f   kernel32:KERNEL32.dll
 0001:0001930f       _WaitForSingleObject@8     0041a30f f   kernel32:KERNEL32.dll
 0001:00019315       _CreateEventA@16           0041a315 f   kernel32:KERNEL32.dll
 0001:0001931b       _Sleep@4                   0041a31b f   kernel32:KERNEL32.dll
 0001:00019321       _GetCurrentProcessId@0     0041a321 f   kernel32:KERNEL32.dll
 0001:00019327       _CreateThread@24           0041a327 f   kernel32:KERNEL32.dll
 0001:0001932d       _GetCurrentThread@0        0041a32d f   kernel32:KERNEL32.dll
 0001:00019333       _GetCurrentThreadId@0      0041a333 f   kernel32:KERNEL32.dll
 0001:00019339       _SetThreadPriority@8       0041a339 f   kernel32:KERNEL32.dll
 0001:0001933f       _GetThreadPriority@4       0041a33f f   kernel32:KERNEL32.dll
 0001:00019345       _ResumeThread@4            0041a345 f   kernel32:KERNEL32.dll
 0001:0001934b       _TlsAlloc@0                0041a34b f   kernel32:KERNEL32.dll
 0001:00019351       _TlsGetValue@4             0041a351 f   kernel32:KERNEL32.dll
 0001:00019357       _TlsSetValue@8             0041a357 f   kernel32:KERNEL32.dll
 0001:0001935d       _TlsFree@4                 0041a35d f   kernel32:KERNEL32.dll
 0001:00019363       _PulseEvent@4              0041a363 f   kernel32:KERNEL32.dll
 0001:00019369       _CreateSemaphoreA@16       0041a369 f   kernel32:KERNEL32.dll
 0001:0001936f       _GetConsoleScreenBufferInfo@8 0041a36f f   kernel32:KERNEL32.dll
 0001:00019375       _SetConsoleTextAttribute@8 0041a375 f   kernel32:KERNEL32.dll
 0001:0001937b       _GetLocalTime@4            0041a37b f   kernel32:KERNEL32.dll
 0001:00019381       _FileTimeToSystemTime@8    0041a381 f   kernel32:KERNEL32.dll
 0001:00019387       _SystemTimeToFileTime@8    0041a387 f   kernel32:KERNEL32.dll
 0001:0001938d       _QueryPerformanceCounter@4 0041a38d f   kernel32:KERNEL32.dll
 0001:00019393       _QueryPerformanceFrequency@4 0041a393 f   kernel32:KERNEL32.dll
 0001:00019399       _SetLastError@4            0041a399 f   kernel32:KERNEL32.dll
 0001:0001939f       _FormatMessageA@28         0041a39f f   kernel32:KERNEL32.dll
 0001:000193a5       _UnhandledExceptionFilter@4 0041a3a5 f   kernel32:KERNEL32.dll
 0001:000193ab       _SetUnhandledExceptionFilter@4 0041a3ab f   kernel32:KERNEL32.dll
 0001:000193b1       _GetCurrentProcess@0       0041a3b1 f   kernel32:KERNEL32.dll
 0001:000193b7       _TerminateProcess@8        0041a3b7 f   kernel32:KERNEL32.dll
 0001:000193bd       _IsProcessorFeaturePresent@4 0041a3bd f   kernel32:KERNEL32.dll
 0001:000193c3       _GetSystemTimeAsFileTime@4 0041a3c3 f   kernel32:KERNEL32.dll
 0001:000193c9       _InitializeSListHead@4     0041a3c9 f   kernel32:KERNEL32.dll
 0001:000193cf       _IsDebuggerPresent@0       0041a3cf f   kernel32:KERNEL32.dll
 0001:000193d5       _GetStartupInfoW@4         0041a3d5 f   kernel32:KERNEL32.dll
 0001:000193db       _GetModuleHandleW@4        0041a3db f   kernel32:KERNEL32.dll
 0001:000193f0       _memset                    0041a3f0 f   libvcruntimed:memset.obj
 0001:000195a0       _strchr                    0041a5a0 f   libvcruntimed:strchr.obj
 0001:0001960e       ___from_strstr_to_strchr   0041a60e     libvcruntimed:strchr.obj
 0001:00019720       _memchr                    0041a720 f   libvcruntimed:memchr.obj
 0001:00019a10       _memcmp                    0041aa10 f   libvcruntimed:memcmp.obj
 0001:0001a510       _memcpy                    0041b510 f   libvcruntimed:memcpy.obj
 0001:0001abf0       _longjmp                   0041bbf0 f   libvcruntimed:longjmpc.obj
 0001:0001aca0       __except_handler4          0041bca0 f   libvcruntimed:chandler4.obj
 0001:0001aef0       ___vcrt_initialize         0041bef0 f   libvcruntimed:initialization.obj
 0001:0001af40       ___vcrt_thread_attach      0041bf40 f   libvcruntimed:initialization.obj
 0001:0001af60       ___vcrt_thread_detach      0041bf60 f   libvcruntimed:initialization.obj
 0001:0001af80       ___vcrt_uninitialize       0041bf80 f   libvcruntimed:initialization.obj
 0001:0001afb0       ___vcrt_uninitialize_critical 0041bfb0 f   libvcruntimed:initialization.obj
 0001:0001b010       ??$?RD@__crt_internal_free_policy@@QBEXQBD@Z 0041c010 f i libvcruntimed:std_type_info.obj
 0001:0001b040       ??$?RX@__crt_internal_free_policy@@QBEXQBX@Z 0041c040 f i libvcruntimed:std_type_info.obj
 0001:0001b070       ??$__crt_interlocked_compare_exchange_pointer@$$CBDPAD$$T@@YAPBDPDSBDQAD$$T@Z 0041c070 f i libvcruntimed:std_type_info.obj
 0001:0001b090       ??$__crt_interlocked_read_pointer@$$CBD@@YAPBDPDSBD@Z 0041c090 f i libvcruntimed:std_type_info.obj
 0001:0001b0b0       ??0?$__crt_unique_heap_ptr@DU__crt_internal_free_policy@@@@QAE@QAD@Z 0041c0b0 f i libvcruntimed:std_type_info.obj
 0001:0001b0d0       ??0?$__crt_unique_heap_ptr@XU__crt_internal_free_policy@@@@QAE@QAX@Z 0041c0d0 f i libvcruntimed:std_type_info.obj
 0001:0001b0f0       ??1?$__crt_unique_heap_ptr@DU__crt_internal_free_policy@@@@QAE@XZ 0041c0f0 f i libvcruntimed:std_type_info.obj
 0001:0001b110       ??1?$__crt_unique_heap_ptr@XU__crt_internal_free_policy@@@@QAE@XZ 0041c110 f i libvcruntimed:std_type_info.obj
 0001:0001b170       ??B?$__crt_unique_heap_ptr@DU__crt_internal_free_policy@@@@QBE_NXZ 0041c170 f i libvcruntimed:std_type_info.obj
 0001:0001b190       ??B?$__crt_unique_heap_ptr@XU__crt_internal_free_policy@@@@QBE_NXZ 0041c190 f i libvcruntimed:std_type_info.obj
 0001:0001b210       ?__crt_interlocked_read_32@@YAHPDH@Z 0041c210 f i libvcruntimed:std_type_info.obj
 0001:0001b230       ?detach@?$__crt_unique_heap_ptr@XU__crt_internal_free_policy@@@@QAEPAXXZ 0041c230 f i libvcruntimed:std_type_info.obj
 0001:0001b260       ?get@?$__crt_unique_heap_ptr@DU__crt_internal_free_policy@@@@QBEPADXZ 0041c260 f i libvcruntimed:std_type_info.obj
 0001:0001b280       ?get@?$__crt_unique_heap_ptr@XU__crt_internal_free_policy@@@@QBEPAXXZ 0041c280 f i libvcruntimed:std_type_info.obj
 0001:0001b2a0       ?is_valid@?$__crt_unique_heap_ptr@DU__crt_internal_free_policy@@@@QBE_NXZ 0041c2a0 f i libvcruntimed:std_type_info.obj
 0001:0001b2e0       ?is_valid@?$__crt_unique_heap_ptr@XU__crt_internal_free_policy@@@@QBE_NXZ 0041c2e0 f i libvcruntimed:std_type_info.obj
 0001:0001b320       ?release@?$__crt_unique_heap_ptr@DU__crt_internal_free_policy@@@@QAEXXZ 0041c320 f i libvcruntimed:std_type_info.obj
 0001:0001b350       ?release@?$__crt_unique_heap_ptr@XU__crt_internal_free_policy@@@@QAEXXZ 0041c350 f i libvcruntimed:std_type_info.obj
 0001:0001b380       ___std_type_info_compare   0041c380 f   libvcruntimed:std_type_info.obj
 0001:0001b3b0       ___std_type_info_destroy_list 0041c3b0 f   libvcruntimed:std_type_info.obj
 0001:0001b400       ___std_type_info_hash      0041c400 f   libvcruntimed:std_type_info.obj
 0001:0001b470       ___std_type_info_name      0041c470 f   libvcruntimed:std_type_info.obj
 0001:0001b6d0       ___longjmp_internal        0041c6d0 f   libvcruntimed:longjmp.obj
 0001:0001b7c0       ___except_validate_context_record 0041c7c0 f   libvcruntimed:jbcxrval.obj
 0001:0001b820       ___except_validate_jump_buffer 0041c820 f   libvcruntimed:jbcxrval.obj
 0001:0001b840       ___except_validate_jump_buffer_common 0041c840 f i libvcruntimed:jbcxrval.obj
 0001:0001b8b0       __local_unwind4            0041c8b0 f   libvcruntimed:exsup4.obj
 0001:0001b988       __seh_longjmp_unwind4@4    0041c988 f   libvcruntimed:exsup4.obj
 0001:0001b9b0       @_EH4_CallFilterFunc@8     0041c9b0 f   libvcruntimed:exsup4.obj
 0001:0001b9c8       @_EH4_TransferToHandler@8  0041c9c8 f   libvcruntimed:exsup4.obj
 0001:0001b9e4       @_EH4_GlobalUnwind2@8      0041c9e4 f   libvcruntimed:exsup4.obj
 0001:0001ba00       @_EH4_LocalUnwind@16       0041ca00 f   libvcruntimed:exsup4.obj
 0001:0001ba70       ??$?RU__vcrt_ptd@@@__crt_internal_free_policy@@QBEXQBU__vcrt_ptd@@@Z 0041ca70 f i libvcruntimed:per_thread_data.obj
 0001:0001baa0       ??0?$__crt_unique_heap_ptr@U__vcrt_ptd@@U__crt_internal_free_policy@@@@QAE@QAU__vcrt_ptd@@@Z 0041caa0 f i libvcruntimed:per_thread_data.obj
 0001:0001bae0       ??1?$__crt_unique_heap_ptr@U__vcrt_ptd@@U__crt_internal_free_policy@@@@QAE@XZ 0041cae0 f i libvcruntimed:per_thread_data.obj
 0001:0001bb20       ??B?$__crt_unique_heap_ptr@U__vcrt_ptd@@U__crt_internal_free_policy@@@@QBE_NXZ 0041cb20 f i libvcruntimed:per_thread_data.obj
 0001:0001bb40       ?detach@?$__crt_unique_heap_ptr@U__vcrt_ptd@@U__crt_internal_free_policy@@@@QAEPAU__vcrt_ptd@@XZ 0041cb40 f i libvcruntimed:per_thread_data.obj
 0001:0001bb70       ?get@?$__crt_unique_heap_ptr@U__vcrt_ptd@@U__crt_internal_free_policy@@@@QBEPAU__vcrt_ptd@@XZ 0041cb70 f i libvcruntimed:per_thread_data.obj
 0001:0001bb90       ?is_valid@?$__crt_unique_heap_ptr@U__vcrt_ptd@@U__crt_internal_free_policy@@@@QBE_NXZ 0041cb90 f i libvcruntimed:per_thread_data.obj
 0001:0001bbd0       ?release@?$__crt_unique_heap_ptr@U__vcrt_ptd@@U__crt_internal_free_policy@@@@QAEXXZ 0041cbd0 f i libvcruntimed:per_thread_data.obj
 0001:0001bc30       ___vcrt_freefls@4          0041cc30 f   libvcruntimed:per_thread_data.obj
 0001:0001bc60       ___vcrt_freeptd            0041cc60 f   libvcruntimed:per_thread_data.obj
 0001:0001bcd0       ___vcrt_getptd             0041ccd0 f   libvcruntimed:per_thread_data.obj
 0001:0001bd00       ___vcrt_getptd_noexit      0041cd00 f   libvcruntimed:per_thread_data.obj
 0001:0001beb0       ___vcrt_getptd_noinit      0041ceb0 f   libvcruntimed:per_thread_data.obj
 0001:0001bf20       ___vcrt_initialize_ptd     0041cf20 f   libvcruntimed:per_thread_data.obj
 0001:0001bf80       ___vcrt_uninitialize_ptd   0041cf80 f   libvcruntimed:per_thread_data.obj
 0001:0001bfc0       ___vcrt_initialize_locks   0041cfc0 f   libvcruntimed:locks.obj
 0001:0001c030       ___vcrt_lock               0041d030 f   libvcruntimed:locks.obj
 0001:0001c050       ___vcrt_uninitialize_locks 0041d050 f   libvcruntimed:locks.obj
 0001:0001c0b0       ___vcrt_unlock             0041d0b0 f   libvcruntimed:locks.obj
 0001:0001c0d0       ??$?BX@__crt_fast_encoded_nullptr_t@@QBEPAXXZ 0041d0d0 f i libvcruntimed:winapi_downlevel.obj
 0001:0001c0f0       ??$__crt_fast_decode_pointer@PAX@@YAPAXQAX@Z 0041d0f0 f i libvcruntimed:winapi_downlevel.obj
 0001:0001c120       ??$__crt_fast_encode_pointer@PAX@@YAPAXQAX@Z 0041d120 f i libvcruntimed:winapi_downlevel.obj
 0001:0001c160       ??$__crt_interlocked_exchange_pointer@UHINSTANCE__@@PAU1@@@YAPAUHINSTANCE__@@PDSAU0@QAU0@@Z 0041d160 f i libvcruntimed:winapi_downlevel.obj
 0001:0001c170       ??$__crt_interlocked_exchange_pointer@UHINSTANCE__@@PAX@@YAPAUHINSTANCE__@@PDSAU0@QAX@Z 0041d170 f i libvcruntimed:winapi_downlevel.obj
 0001:0001c180       ??$__crt_interlocked_exchange_pointer@XPAX@@YAPAXPDSAXQAX@Z 0041d180 f i libvcruntimed:winapi_downlevel.obj
 0001:0001c190       ??$__crt_interlocked_read_pointer@UHINSTANCE__@@@@YAPAUHINSTANCE__@@PDSAU0@@Z 0041d190 f i libvcruntimed:winapi_downlevel.obj
 0001:0001c1b0       ??$__crt_interlocked_read_pointer@X@@YAPAXPDSAX@Z 0041d1b0 f i libvcruntimed:winapi_downlevel.obj
 0001:0001c1d0       ?__crt_fast_encode_pointer@@YA?AU__crt_fast_encoded_nullptr_t@@$$T@Z 0041d1d0 f i libvcruntimed:winapi_downlevel.obj
 0001:0001c6d0       ___vcrt_FlsAlloc           0041d6d0 f   libvcruntimed:winapi_downlevel.obj
 0001:0001c720       ___vcrt_FlsFree            0041d720 f   libvcruntimed:winapi_downlevel.obj
 0001:0001c770       ___vcrt_FlsGetValue        0041d770 f   libvcruntimed:winapi_downlevel.obj
 0001:0001c7c0       ___vcrt_FlsSetValue        0041d7c0 f   libvcruntimed:winapi_downlevel.obj
 0001:0001c820       ___vcrt_InitializeCriticalSectionEx 0041d820 f   libvcruntimed:winapi_downlevel.obj
 0001:0001c880       ___vcrt_initialize_winapi_thunks 0041d880 f   libvcruntimed:winapi_downlevel.obj
 0001:0001c900       ___vcrt_uninitialize_winapi_thunks 0041d900 f   libvcruntimed:winapi_downlevel.obj
 0001:0001c990       ??$?B$$A6AXXZ@__crt_fast_encoded_nullptr_t@@QBEP6AXXZXZ 0041d990 f i libvcruntimed:purevirt_data.obj
 0001:0001c9b0       ??$__crt_fast_encode_pointer@P6AXXZ@@YAP6AXXZQ6AXXZ@Z 0041d9b0 f i libvcruntimed:purevirt_data.obj
 0001:0001c9f0       ___vcrt_initialize_pure_virtual_call_handler 0041d9f0 f   libvcruntimed:purevirt_data.obj
 0001:0001ca20       ??0Block@_HeapManager@@QAE@XZ 0041da20 f i libvcruntimed:undname.obj
 0001:0001ca40       ??0DName@@QAE@AAPBDD@Z     0041da40 f   libvcruntimed:undname.obj
 0001:0001ccf0       ??0DName@@QAE@ABV0@@Z      0041dcf0 f i libvcruntimed:undname.obj
 0001:0001cd20       ??0DName@@QAE@D@Z          0041dd20 f   libvcruntimed:undname.obj
 0001:0001cd70       ??0DName@@QAE@PAV0@@Z      0041dd70 f   libvcruntimed:undname.obj
 0001:0001ce50       ??0DName@@QAE@PBD@Z        0041de50 f   libvcruntimed:undname.obj
 0001:0001cec0       ??0DName@@QAE@W4DNameStatus@@@Z 0041dec0 f   libvcruntimed:undname.obj
 0001:0001cf80       ??0DName@@QAE@XZ           0041df80 f i libvcruntimed:undname.obj
 0001:0001cfb0       ??0DName@@QAE@_J@Z         0041dfb0 f   libvcruntimed:undname.obj
 0001:0001d0d0       ??0DName@@QAE@_K@Z         0041e0d0 f   libvcruntimed:undname.obj
 0001:0001d1a0       ??0DNameNode@@IAE@XZ       0041e1a0 f i libvcruntimed:undname.obj
 0001:0001d1c0       ??0Replicator@@QAE@XZ      0041e1c0 f i libvcruntimed:undname.obj
 0001:0001d210       ??0UnDecorator@@QAE@PBDP6APADJ@ZK@Z 0041e210 f i libvcruntimed:undname.obj
 0001:0001d2b0       ??0charNode@@QAE@D@Z       0041e2b0 f i libvcruntimed:undname.obj
 0001:0001d2f0       ??0pDNameNode@@QAE@PAVDName@@@Z 0041e2f0 f   libvcruntimed:undname.obj
 0001:0001d370       ??0pairNode@@QAE@PBVDNameNode@@0@Z 0041e370 f i libvcruntimed:undname.obj
 0001:0001d3c0       ??0pcharNode@@QAE@PBDH@Z   0041e3c0 f   libvcruntimed:undname.obj
 0001:0001d4a0       ??2@YAPAXIAAV_HeapManager@@H@Z 0041e4a0 f i libvcruntimed:undname.obj
 0001:0001d4c0       ??4DName@@QAEAAV0@ABV0@@Z  0041e4c0 f   libvcruntimed:undname.obj
 0001:0001d4f0       ??4DName@@QAEAAV0@D@Z      0041e4f0 f i libvcruntimed:undname.obj
 0001:0001d540       ??4DName@@QAEAAV0@PAV0@@Z  0041e540 f   libvcruntimed:undname.obj
 0001:0001d600       ??4DName@@QAEAAV0@PBD@Z    0041e600 f   libvcruntimed:undname.obj
 0001:0001d650       ??4DName@@QAEAAV0@W4DNameStatus@@@Z 0041e650 f   libvcruntimed:undname.obj
 0001:0001d6f0       ??AReplicator@@QBE?AVDName@@H@Z 0041e6f0 f   libvcruntimed:undname.obj
 0001:0001d770       ??H@YA?AVDName@@DABV0@@Z   0041e770 f i libvcruntimed:undname.obj
 0001:0001d7b0       ??H@YA?AVDName@@PBDABV0@@Z 0041e7b0 f i libvcruntimed:undname.obj
 0001:0001d7f0       ??H@YA?AVDName@@W4DNameStatus@@ABV0@@Z 0041e7f0 f i libvcruntimed:undname.obj
 0001:0001d830       ??HDName@@QBE?AV0@ABV0@@Z  0041e830 f   libvcruntimed:undname.obj
 0001:0001d880       ??HDName@@QBE?AV0@D@Z      0041e880 f   libvcruntimed:undname.obj
 0001:0001d8d0       ??HDName@@QBE?AV0@PAV0@@Z  0041e8d0 f   libvcruntimed:undname.obj
 0001:0001d920       ??HDName@@QBE?AV0@PBD@Z    0041e920 f   libvcruntimed:undname.obj
 0001:0001d970       ??HDName@@QBE?AV0@W4DNameStatus@@@Z 0041e970 f   libvcruntimed:undname.obj
 0001:0001d9c0       ??YDName@@QAEAAV0@ABV0@@Z  0041e9c0 f   libvcruntimed:undname.obj
 0001:0001da50       ??YDName@@QAEAAV0@D@Z      0041ea50 f   libvcruntimed:undname.obj
 0001:0001daf0       ??YDName@@QAEAAV0@PAV0@@Z  0041eaf0 f   libvcruntimed:undname.obj
 0001:0001dbe0       ??YDName@@QAEAAV0@PBD@Z    0041ebe0 f   libvcruntimed:undname.obj
 0001:0001dca0       ??YDName@@QAEAAV0@W4DNameStatus@@@Z 0041eca0 f   libvcruntimed:undname.obj
 0001:0001dd20       ??YReplicator@@QAEAAV0@ABVDName@@@Z 0041ed20 f   libvcruntimed:undname.obj
 0001:0001ddd0       ??_5DName@@QAEAAV0@ABV0@@Z 0041edd0 f   libvcruntimed:undname.obj
 0001:0001de40       ?Constructor@_HeapManager@@QAEXP6APAXI@ZP6AXPAX@Z@Z 0041ee40 f i libvcruntimed:undname.obj
 0001:0001de90       ?Destructor@_HeapManager@@QAEXXZ 0041ee90 f i libvcruntimed:undname.obj
 0001:0001df10       ?UScore@UnDecorator@@SAPBDW4Tokens@@@Z 0041ef10 f   libvcruntimed:undname.obj
 0001:0001df50       ?append@DName@@AAEXPBVDNameNode@@@Z 0041ef50 f   libvcruntimed:undname.obj
 0001:0001e000       ?composeDeclaration@UnDecorator@@CA?AVDName@@ABV2@@Z 0041f000 f i libvcruntimed:undname.obj
 0001:000206f0       ?dbGetString@DName@@QBEPADXZ 004216f0 f   libvcruntimed:undname.obj
 0001:00020720       ?doAccessSpecifiers@UnDecorator@@SAHXZ 00421720 f i libvcruntimed:undname.obj
 0001:00020750       ?doAllocationLanguage@UnDecorator@@SAHXZ 00421750 f i libvcruntimed:undname.obj
 0001:00020780       ?doAllocationModel@UnDecorator@@SAHXZ 00421780 f i libvcruntimed:undname.obj
 0001:000207b0       ?doEcsu@UnDecorator@@SAHXZ 004217b0 f i libvcruntimed:undname.obj
 0001:000207e0       ?doEllipsis@UnDecorator@@SAHXZ 004217e0 f i libvcruntimed:undname.obj
 0001:00020810       ?doFunctionReturns@UnDecorator@@SAHXZ 00421810 f i libvcruntimed:undname.obj
 0001:00020840       ?doMSKeywords@UnDecorator@@SAHXZ 00421840 f i libvcruntimed:undname.obj
 0001:00020870       ?doMemberTypes@UnDecorator@@SAHXZ 00421870 f i libvcruntimed:undname.obj
 0001:000208a0       ?doNameOnly@UnDecorator@@SAHXZ 004218a0 f i libvcruntimed:undname.obj
 0001:000208c0       ?doNoIdentCharCheck@UnDecorator@@SAHXZ 004218c0 f i libvcruntimed:undname.obj
 0001:000208e0       ?doPchar@DName@@AAEXPBDH@Z 004218e0 f   libvcruntimed:undname.obj
 0001:00020a70       ?doPtr64@UnDecorator@@SAHXZ 00421a70 f i libvcruntimed:undname.obj
 0001:00020aa0       ?doRestrictionSpec@UnDecorator@@SAHXZ 00421aa0 f i libvcruntimed:undname.obj
 0001:00020ad0       ?doThisTypes@UnDecorator@@SAHXZ 00421ad0 f i libvcruntimed:undname.obj
 0001:00020b10       ?doThrowTypes@UnDecorator@@SAHXZ 00421b10 f i libvcruntimed:undname.obj
 0001:00020b40       ?doTypeOnly@UnDecorator@@SAHXZ 00421b40 f i libvcruntimed:undname.obj
 0001:00020b60       ?doUnderScore@UnDecorator@@SAHXZ 00421b60 f i libvcruntimed:undname.obj
 0001:00020b90       ?getArgumentList@UnDecorator@@CA?AVDName@@XZ 00421b90 f   libvcruntimed:undname.obj
 0001:00020d30       ?getArgumentTypes@UnDecorator@@CA?AVDName@@XZ 00421d30 f   libvcruntimed:undname.obj
 0001:00020ed0       ?getArrayType@UnDecorator@@CA?AVDName@@ABV2@@Z 00421ed0 f i libvcruntimed:undname.obj
 0001:000211f0       ?getBasedType@UnDecorator@@CA?AVDName@@XZ 004221f0 f   libvcruntimed:undname.obj
 0001:000212f0       ?getBasicDataType@UnDecorator@@CA?AVDName@@ABV2@@Z 004222f0 f   libvcruntimed:undname.obj
 0001:00021a90       ?getCHPEName@UnDecorator@@QAEPADPADH@Z 00422a90 f i libvcruntimed:undname.obj
 0001:00021c50       ?getCallIndex@UnDecorator@@CA?AVDName@@XZ 00422c50 f i libvcruntimed:undname.obj
 0001:00021c70       ?getCallingConvention@UnDecorator@@CA?AVDName@@XZ 00422c70 f   libvcruntimed:undname.obj
 0001:00021f10       ?getDataIndirectType@UnDecorator@@CA?AVDName@@ABV2@PBD0H@Z 00422f10 f   libvcruntimed:undname.obj
 0001:00022a50       ?getDataIndirectType@UnDecorator@@CA?AVDName@@XZ 00423a50 f i libvcruntimed:undname.obj
 0001:00022aa0       ?getDataType@UnDecorator@@CA?AVDName@@PAV2@@Z 00423aa0 f   libvcruntimed:undname.obj
 0001:00022c10       ?getDecoratedName@UnDecorator@@CA?AVDName@@XZ 00423c10 f   libvcruntimed:undname.obj
 0001:00023140       ?getDimension@UnDecorator@@CA?AVDName@@_N@Z 00424140 f   libvcruntimed:undname.obj
 0001:000234a0       ?getDispatchTarget@UnDecorator@@CA?AVDName@@XZ 004244a0 f   libvcruntimed:undname.obj
 0001:00023570       ?getDisplacement@UnDecorator@@CA?AVDName@@XZ 00424570 f i libvcruntimed:undname.obj
 0001:00023590       ?getECSUDataType@UnDecorator@@CA?AVDName@@XZ 00424590 f   libvcruntimed:undname.obj
 0001:000237e0       ?getECSUName@UnDecorator@@CA?AVDName@@XZ 004247e0 f i libvcruntimed:undname.obj
 0001:00023800       ?getEnumType@UnDecorator@@CA?AVDName@@XZ 00424800 f i libvcruntimed:undname.obj
 0001:000239a0       ?getExtendedDataIndirectType@UnDecorator@@CA?AVDName@@AAPBDAA_NH@Z 004249a0 f   libvcruntimed:undname.obj
 0001:00023c90       ?getExternalDataType@UnDecorator@@CA?AVDName@@ABV2@@Z 00424c90 f i libvcruntimed:undname.obj
 0001:00023d60       ?getFunctionIndirectType@UnDecorator@@CA?AVDName@@ABV2@@Z 00424d60 f   libvcruntimed:undname.obj
 0001:00024400       ?getGuardNumber@UnDecorator@@CA?AVDName@@XZ 00425400 f i libvcruntimed:undname.obj
 0001:00024420       ?getLastChar@DName@@QBEDXZ 00425420 f i libvcruntimed:undname.obj
 0001:00024470       ?getLastChar@DNameStatusNode@@UBEDXZ 00425470 f i libvcruntimed:undname.obj
 0001:000244b0       ?getLastChar@charNode@@UBEDXZ 004254b0 f i libvcruntimed:undname.obj
 0001:000244d0       ?getLastChar@pDNameNode@@UBEDXZ 004254d0 f i libvcruntimed:undname.obj
 0001:00024510       ?getLastChar@pairNode@@UBEDXZ 00425510 f i libvcruntimed:undname.obj
 0001:00024590       ?getLastChar@pcharNode@@UBEDXZ 00425590 f i libvcruntimed:undname.obj
 0001:000245d0       ?getLexicalFrame@UnDecorator@@CA?AVDName@@XZ 004255d0 f i libvcruntimed:undname.obj
 0001:00024620       ?getMemory@_HeapManager@@QAEPAXIH@Z 00425620 f   libvcruntimed:undname.obj
 0001:00024790       ?getNoexcept@UnDecorator@@CA?AVDName@@XZ 00425790 f   libvcruntimed:undname.obj
 0001:00024810       ?getNumberOfDimensions@UnDecorator@@CAHXZ 00425810 f   libvcruntimed:undname.obj
 0001:00024950       ?getOperatorName@UnDecorator@@CA?AVDName@@_NPA_N@Z 00425950 f i libvcruntimed:undname.obj
 0001:00025700       ?getPointerType@UnDecorator@@CA?AVDName@@ABV2@0@Z 00426700 f i libvcruntimed:undname.obj
 0001:00025740       ?getPointerTypeArray@UnDecorator@@CA?AVDName@@ABV2@0@Z 00426740 f i libvcruntimed:undname.obj
 0001:00025780       ?getPrimaryDataType@UnDecorator@@CA?AVDName@@ABV2@@Z 00426780 f   libvcruntimed:undname.obj
 0001:00025c70       ?getPtrRefDataType@UnDecorator@@CA?AVDName@@ABV2@H@Z 00426c70 f   libvcruntimed:undname.obj
 0001:00025f30       ?getPtrRefType@UnDecorator@@CA?AVDName@@ABV2@0PBD@Z 00426f30 f   libvcruntimed:undname.obj
 0001:00026100       ?getReferenceType@UnDecorator@@CA?AVDName@@ABV2@0PBD@Z 00427100 f i libvcruntimed:undname.obj
 0001:00026130       ?getRestrictionSpec@UnDecorator@@CA?AVDName@@XZ 00427130 f   libvcruntimed:undname.obj
 0001:00026300       ?getReturnType@UnDecorator@@CA?AVDName@@PAV2@@Z 00427300 f   libvcruntimed:undname.obj
 0001:00026360       ?getScope@UnDecorator@@CA?AVDName@@XZ 00427360 f   libvcruntimed:undname.obj
 0001:00026a60       ?getScopedName@UnDecorator@@CA?AVDName@@XZ 00427a60 f   libvcruntimed:undname.obj
 0001:00026bf0       ?getSignedDimension@UnDecorator@@CA?AVDName@@XZ 00427bf0 f   libvcruntimed:undname.obj
 0001:00026c90       ?getStorageConvention@UnDecorator@@CA?AVDName@@XZ 00427c90 f i libvcruntimed:undname.obj
 0001:00026cb0       ?getString@DName@@QBEPADPAD0@Z 00427cb0 f i libvcruntimed:undname.obj
 0001:00026d20       ?getString@DName@@QBEPADPADH@Z 00427d20 f i libvcruntimed:undname.obj
 0001:00026dd0       ?getString@DNameStatusNode@@UBEPADPAD0@Z 00427dd0 f i libvcruntimed:undname.obj
 0001:00026e10       ?getString@charNode@@UBEPADPAD0@Z 00427e10 f i libvcruntimed:undname.obj
 0001:00026e50       ?getString@pDNameNode@@UBEPADPAD0@Z 00427e50 f i libvcruntimed:undname.obj
 0001:00026ea0       ?getString@pairNode@@UBEPADPAD0@Z 00427ea0 f i libvcruntimed:undname.obj
 0001:00026f50       ?getString@pcharNode@@UBEPADPAD0@Z 00427f50 f i libvcruntimed:undname.obj
 0001:00026f90       ?getStringEncoding@UnDecorator@@CA?AVDName@@PBDH@Z 00427f90 f   libvcruntimed:undname.obj
 0001:000270e0       ?getStringHelper@@YAPADPADPBD1H@Z 004280e0 f i libvcruntimed:undname.obj
 0001:00027130       ?getSymbolName@UnDecorator@@CA?AVDName@@XZ 00428130 f i libvcruntimed:undname.obj
 0001:000271e0       ?getTemplateArgumentList@UnDecorator@@CA?AVDName@@XZ 004281e0 f   libvcruntimed:undname.obj
 0001:00027700       ?getTemplateConstant@UnDecorator@@CA?AVDName@@XZ 00428700 f   libvcruntimed:undname.obj
 0001:00027eb0       ?getTemplateName@UnDecorator@@CA?AVDName@@_N@Z 00428eb0 f   libvcruntimed:undname.obj
 0001:00028100       ?getThisType@UnDecorator@@CA?AVDName@@XZ 00429100 f i libvcruntimed:undname.obj
 0001:00028150       ?getThrowTypes@UnDecorator@@CA?AVDName@@XZ 00429150 f   libvcruntimed:undname.obj
 0001:000281a0       ?getTypeEncoding@UnDecorator@@CAHXZ 004291a0 f i libvcruntimed:undname.obj
 0001:00028ed0       ?getUndecoratedName@UnDecorator@@QAEPADPADH@Z 00429ed0 f i libvcruntimed:undname.obj
 0001:00029070       ?getVCallThunkType@UnDecorator@@CA?AVDName@@XZ 0042a070 f i libvcruntimed:undname.obj
 0001:000290f0       ?getVbTableType@UnDecorator@@CA?AVDName@@ABV2@@Z 0042a0f0 f i libvcruntimed:undname.obj
 0001:00029110       ?getVdispMapType@UnDecorator@@CA?AVDName@@ABV2@@Z 0042a110 f i libvcruntimed:undname.obj
 0001:000291a0       ?getVfTableType@UnDecorator@@CA?AVDName@@ABV2@@Z 0042a1a0 f i libvcruntimed:undname.obj
 0001:00029400       ?getZName@UnDecorator@@CA?AVDName@@_N0@Z 0042a400 f   libvcruntimed:undname.obj
 0001:000297c0       ?haveTemplateParameters@UnDecorator@@SAHXZ 0042a7c0 f i libvcruntimed:undname.obj
 0001:000297e0       ?isArray@DName@@QBEHXZ     0042a7e0 f i libvcruntimed:undname.obj
 0001:00029800       ?isComArray@DName@@QBEHXZ  0042a800 f i libvcruntimed:undname.obj
 0001:00029820       ?isEmpty@DName@@QBEHXZ     0042a820 f i libvcruntimed:undname.obj
 0001:00029860       ?isFull@Replicator@@QBEHXZ 0042a860 f i libvcruntimed:undname.obj
 0001:000298a0       ?isNoTE@DName@@QBEHXZ      0042a8a0 f i libvcruntimed:undname.obj
 0001:000298c0       ?isPinPtr@DName@@QBEHXZ    0042a8c0 f i libvcruntimed:undname.obj
 0001:000298e0       ?isPtrRef@DName@@QBEHXZ    0042a8e0 f i libvcruntimed:undname.obj
 0001:00029900       ?isUDC@DName@@QBEHXZ       0042a900 f i libvcruntimed:undname.obj
 0001:00029950       ?isUDTThunk@DName@@QBEHXZ  0042a950 f i libvcruntimed:undname.obj
 0001:000299a0       ?isVCallThunk@DName@@QBEHXZ 0042a9a0 f i libvcruntimed:undname.obj
 0001:000299c0       ?isValid@DName@@QBEHXZ     0042a9c0 f i libvcruntimed:undname.obj
 0001:00029a00       ?length@DName@@QBEHXZ      0042aa00 f i libvcruntimed:undname.obj
 0001:00029a50       ?length@DNameStatusNode@@UBEHXZ 0042aa50 f i libvcruntimed:undname.obj
 0001:00029a70       ?length@charNode@@UBEHXZ   0042aa70 f i libvcruntimed:undname.obj
 0001:00029a90       ?length@pDNameNode@@UBEHXZ 0042aa90 f i libvcruntimed:undname.obj
 0001:00029ad0       ?length@pairNode@@UBEHXZ   0042aad0 f i libvcruntimed:undname.obj
 0001:00029b60       ?length@pcharNode@@UBEHXZ  0042ab60 f i libvcruntimed:undname.obj
 0001:00029b80       ?make@DNameStatusNode@@SAPBV1@W4DNameStatus@@@Z 0042ab80 f i libvcruntimed:undname.obj
 0001:00029bc0       ?parseDecoratedName@UnDecorator@@CA?AVDName@@XZ 0042abc0 f   libvcruntimed:undname.obj
 0001:00029db0       ?setIsArray@DName@@QAEXXZ  0042adb0 f i libvcruntimed:undname.obj
 0001:00029de0       ?setIsComArray@DName@@QAEXXZ 0042ade0 f i libvcruntimed:undname.obj
 0001:00029e10       ?setIsNoTE@DName@@QAEXXZ   0042ae10 f i libvcruntimed:undname.obj
 0001:00029e40       ?setIsPinPtr@DName@@QAEXXZ 0042ae40 f i libvcruntimed:undname.obj
 0001:00029e70       ?setIsUDC@DName@@QAEXXZ    0042ae70 f i libvcruntimed:undname.obj
 0001:00029eb0       ?setIsVCallThunk@DName@@QAEXXZ 0042aeb0 f i libvcruntimed:undname.obj
 0001:00029ee0       ?setPtrRef@DName@@QAEAAV1@XZ 0042aee0 f i libvcruntimed:undname.obj
 0001:00029f10       ?status@DName@@QBE?AW4DNameStatus@@XZ 0042af10 f i libvcruntimed:undname.obj
 0001:0002a030       ___unDName                 0042b030 f   libvcruntimed:undname.obj
 0001:0002a070       ___unDNameEx               0042b070 f   libvcruntimed:undname.obj
 0001:0002a170       __vsprintf_s_l             0042b170 f i libvcruntimed:undname.obj
 0001:0002a1d0       _sprintf_s                 0042b1d0 f i libvcruntimed:undname.obj
 0001:0002a220       _unDNameGenerateCHPE       0042b220 f   libvcruntimed:undname.obj
 0001:0002a2a0       __global_unwind2           0042b2a0 f   libvcruntimed:exsup.obj
 0001:0002a306       __local_unwind2            0042b306 f   libvcruntimed:exsup.obj
 0001:0002a38a       __abnormal_termination     0042b38a f   libvcruntimed:exsup.obj
 0001:0002a3b0       __NLG_Notify1              0042b3b0 f   libvcruntimed:exsup.obj
 0001:0002a3bc       __NLG_Notify               0042b3bc f   libvcruntimed:exsup.obj
 0001:0002a3d3       __NLG_Dispatch2            0042b3d3     libvcruntimed:exsup.obj
 0001:0002a3d3       __NLG_Dispatch             0042b3d3     libvcruntimed:exsup.obj
 0001:0002a3db       __NLG_Call                 0042b3db f   libvcruntimed:exsup.obj
 0001:0002a3dd       __NLG_Return2              0042b3dd     libvcruntimed:exsup.obj
 0001:0002a430       __rt_probe_read4@4         0042b430 f   libvcruntimed:sehsupp.obj
 0001:0002a500       ??$__crt_fast_decode_pointer@P6AXXZ@@YAP6AXXZQ6AXXZ@Z 0042b500 f i libvcruntimed:purevirt.obj
 0001:0002a530       ??$__crt_interlocked_exchange_pointer@$$A6AXXZP6AXXZ@@YAP6AXXZPDS6AXXZQ6AXXZ@Z 0042b530 f i libvcruntimed:purevirt.obj
 0001:0002a540       ??$__crt_interlocked_read_pointer@$$A6AXXZ@@YAP6AXXZPDS6AXXZ@Z 0042b540 f i libvcruntimed:purevirt.obj
 0001:0002a560       __get_purecall_handler     0042b560 f   libvcruntimed:purevirt.obj
 0001:0002a590       __purecall                 0042b590 f   libvcruntimed:purevirt.obj
 0001:0002a5d0       __set_purecall_handler     0042b5d0 f   libvcruntimed:purevirt.obj
 0001:0002a610       ??$?0AAViterator@TryBlockMap@__FrameHandler3@@AAV012@$0A@@?$pair@Viterator@TryBlockMap@__FrameHandler3@@V123@@std@@QAE@AAViterator@TryBlockMap@__FrameHandler3@@0@Z 0042b610 f i libvcruntimed:trnsctrl.obj
 0001:0002a670       ??$forward@AAViterator@TryBlockMap@__FrameHandler3@@@std@@YAAAViterator@TryBlockMap@__FrameHandler3@@AAV123@@Z 0042b670 f i libvcruntimed:trnsctrl.obj
 0001:0002a680       ??0iterator@TryBlockMap@__FrameHandler3@@QAE@AAV12@I@Z 0042b680 f i libvcruntimed:trnsctrl.obj
 0001:0002a6b0       ?GetRangeOfTrysToCheck@__FrameHandler3@@SA?AU?$pair@Viterator@TryBlockMap@__FrameHandler3@@V123@@std@@AAVTryBlockMap@1@HH@Z 0042b6b0 f   libvcruntimed:trnsctrl.obj
 0001:0002a7e0       ?_CallCatchBlock2@@YAPAXPAUEHRegistrationNode@@PBU_s_FuncInfo@@PAXHK@Z 0042b7e0 f   libvcruntimed:trnsctrl.obj
 0001:0002a870       ?_CallSETranslator@@YAHPAUEHExceptionRecord@@PAUEHRegistrationNode@@PAX2PBU_s_FuncInfo@@H1@Z 0042b870 f   libvcruntimed:trnsctrl.obj
 0001:0002a9a0       ?_JumpToContinuation@@YGXPAXPAUEHRegistrationNode@@@Z 0042b9a0 f   libvcruntimed:trnsctrl.obj
 0001:0002a9e0       ?_UnwindNestedFrames@@YGXPAUEHRegistrationNode@@PAUEHExceptionRecord@@@Z 0042b9e0 f   libvcruntimed:trnsctrl.obj
 0001:0002aa50       ?getFuncInfo@TryBlockMap@__FrameHandler3@@QAEPBU_s_FuncInfo@@XZ 0042ba50 f i libvcruntimed:trnsctrl.obj
 0001:0002aa70       __CatchGuardHandler        0042ba70 f   libvcruntimed:trnsctrl.obj
 0001:0002aad0       __CreateFrameInfo          0042bad0 f   libvcruntimed:trnsctrl.obj
 0001:0002ab10       __FindAndUnlinkFrame       0042bb10 f   libvcruntimed:trnsctrl.obj
 0001:0002aba0       __TranslatorGuardHandler   0042bba0 f   libvcruntimed:trnsctrl.obj
 0001:0002ac80       ___CxxFrameHandler         0042bc80 f   libvcruntimed:trnsctrl.obj
 0001:0002acd0       ___CxxFrameHandler2        0042bcd0 f   libvcruntimed:trnsctrl.obj
 0001:0002ad20       ___CxxFrameHandler3        0042bd20 f   libvcruntimed:trnsctrl.obj
 0001:0002ad70       ___CxxLongjmpUnwind@4      0042bd70 f   libvcruntimed:trnsctrl.obj
 0001:0002bc60       ??$TypeMatchHelper@V__FrameHandler3@@@@YAHPBU_s_HandlerType@@PBU_s_CatchableType@@PBU_s_ThrowInfo@@@Z 0042cc60 f i libvcruntimed:frame.obj
 0001:0002bd70       ??$__InternalCxxFrameHandler@V__FrameHandler3@@@@YA?AW4_EXCEPTION_DISPOSITION@@PAUEHExceptionRecord@@PAUEHRegistrationNode@@PAU_CONTEXT@@PAXPBU_s_FuncInfo@@H1E@Z 0042cd70 f i libvcruntimed:frame.obj
 0001:0002bfc0       ??0HandlerMap@__FrameHandler3@@QAE@PBU_s_TryBlockMapEntry@@PAX@Z 0042cfc0 f i libvcruntimed:frame.obj
 0001:0002bff0       ??0TryBlockMap@__FrameHandler3@@QAE@PBU_s_FuncInfo@@PAX@Z 0042cff0 f i libvcruntimed:frame.obj
 0001:0002c020       ??0bad_exception@std@@QAE@ABV01@@Z 0042d020 f i libvcruntimed:frame.obj
 0001:0002c050       ??0bad_exception@std@@QAE@XZ 0042d050 f i libvcruntimed:frame.obj
 0001:0002c080       ??0exception@std@@QAE@ABV01@@Z 0042d080 f i libvcruntimed:frame.obj
 0001:0002c0d0       ??0exception@std@@QAE@QBDH@Z 0042d0d0 f i libvcruntimed:frame.obj
 0001:0002c110       ??0iterator@HandlerMap@__FrameHandler3@@QAE@AAV12@I@Z 0042d110 f i libvcruntimed:frame.obj
 0001:0002c140       ??1bad_exception@std@@UAE@XZ 0042d140 f i libvcruntimed:frame.obj
 0001:0002c160       ??1exception@std@@UAE@XZ   0042d160 f i libvcruntimed:frame.obj
 0001:0002c190       ??8iterator@HandlerMap@__FrameHandler3@@QBE_NABV012@@Z 0042d190 f i libvcruntimed:frame.obj
 0001:0002c1d0       ??8type_info@@QBE_NABV0@@Z 0042d1d0 f i libvcruntimed:frame.obj
 0001:0002c220       ??9iterator@HandlerMap@__FrameHandler3@@QBE_NABV012@@Z 0042d220 f i libvcruntimed:frame.obj
 0001:0002c270       ??Diterator@HandlerMap@__FrameHandler3@@QAEPBU_s_HandlerType@@XZ 0042d270 f i libvcruntimed:frame.obj
 0001:0002c2a0       ??Diterator@TryBlockMap@__FrameHandler3@@QAEPBU_s_TryBlockMapEntry@@XZ 0042d2a0 f i libvcruntimed:frame.obj
 0001:0002c2d0       ??Eiterator@HandlerMap@__FrameHandler3@@QAEAAV012@XZ 0042d2d0 f i libvcruntimed:frame.obj
 0001:0002c300       ??Eiterator@TryBlockMap@__FrameHandler3@@QAEAAV012@XZ 0042d300 f i libvcruntimed:frame.obj
 0001:0002c330       ??Miterator@TryBlockMap@__FrameHandler3@@QBE_NABV012@@Z 0042d330 f i libvcruntimed:frame.obj
 0001:0002c370       ??_Ebad_exception@std@@UAEPAXI@Z 0042d370 f i libvcruntimed:frame.obj
 0001:0002c370       ??_Gbad_exception@std@@UAEPAXI@Z 0042d370 f i libvcruntimed:frame.obj
 0001:0002c3b0       ??_Eexception@std@@UAEPAXI@Z 0042d3b0 f i libvcruntimed:frame.obj
 0001:0002c3b0       ??_Gexception@std@@UAEPAXI@Z 0042d3b0 f i libvcruntimed:frame.obj
 0001:0002c3f0       ?BuildCatchObject@__FrameHandler3@@SAXPAUEHExceptionRecord@@PAXPBU_s_HandlerType@@PBU_s_CatchableType@@@Z 0042d3f0 f   libvcruntimed:frame.obj
 0001:0002c420       ?BuildCatchObjectHelper@__FrameHandler3@@SAHPAUEHExceptionRecord@@PAXPBU_s_HandlerType@@PBU_s_CatchableType@@@Z 0042d420 f   libvcruntimed:frame.obj
 0001:0002c8a0       ?FrameUnwindToEmptyState@__FrameHandler3@@SAXPAUEHRegistrationNode@@PAXPBU_s_FuncInfo@@@Z 0042d8a0 f   libvcruntimed:frame.obj
 0001:0002c8d0       ?FrameUnwindToState@__FrameHandler3@@SAXPAUEHRegistrationNode@@PAXPBU_s_FuncInfo@@H@Z 0042d8d0 f   libvcruntimed:frame.obj
 0001:0002cab0       ?GetMaxState@__FrameHandler3@@SAHPAXPBU_s_FuncInfo@@@Z 0042dab0 f i libvcruntimed:frame.obj
 0001:0002cc10       ?TypeMatch@__FrameHandler3@@SAHPBU_s_HandlerType@@PBU_s_CatchableType@@PBU_s_ThrowInfo@@@Z 0042dc10 f   libvcruntimed:frame.obj
 0001:0002cc30       ?_CallMemberFunction1@@YGXQAX00@Z 0042dc30 f i libvcruntimed:frame.obj
 0001:0002cc50       ?_CallMemberFunction2@@YGXQAX00H@Z 0042dc50 f i libvcruntimed:frame.obj
 0001:0002cc80       ?_ValidateExecute@@YA_NP6GHXZ@Z 0042dc80 f i libvcruntimed:frame.obj
 0001:0002cca0       ?_ValidateRead@@YA_NPBXI@Z 0042dca0 f i libvcruntimed:frame.obj
 0001:0002ccc0       ?_ValidateWrite@@YA_NPAXI@Z 0042dcc0 f i libvcruntimed:frame.obj
 0001:0002cce0       ?begin@HandlerMap@__FrameHandler3@@QAE?AViterator@12@XZ 0042dce0 f i libvcruntimed:frame.obj
 0001:0002cd10       ?end@HandlerMap@__FrameHandler3@@QAE?AViterator@12@XZ 0042dd10 f i libvcruntimed:frame.obj
[...]
 0003:00006880       $SG58430                   004de880     pjlib-i386-win32-vc14-debug:ioqueue_select.obj
 0003:000068f4       $SG58966                   004de8f4     pjlib-i386-win32-vc14-debug:ioqueue_select.obj
 0003:00006920       $SG58431                   004de920     pjlib-i386-win32-vc14-debug:ioqueue_select.obj
 0003:00006964       $SG58970                   004de964     pjlib-i386-win32-vc14-debug:ioqueue_select.obj
 0003:00006990       $SG58484                   004de990     pjlib-i386-win32-vc14-debug:ioqueue_select.obj
 0003:00006a04       $SG58971                   004dea04     pjlib-i386-win32-vc14-debug:ioqueue_select.obj
 0003:00006a10       $SG58485                   004dea10     pjlib-i386-win32-vc14-debug:ioqueue_select.obj
 0003:00006a54       $SG58994                   004dea54     pjlib-i386-win32-vc14-debug:ioqueue_select.obj
 0003:00006a58       $SG58523                   004dea58     pjlib-i386-win32-vc14-debug:ioqueue_select.obj
 0003:00006acc       $SG59014                   004deacc     pjlib-i386-win32-vc14-debug:ioqueue_select.obj
 0003:00006ad0       $SG58524                   004dead0     pjlib-i386-win32-vc14-debug:ioqueue_select.obj
 0003:00006b14       $SG59096                   004deb14     pjlib-i386-win32-vc14-debug:ioqueue_select.obj
 0003:00006b38       $SG58561                   004deb38     pjlib-i386-win32-vc14-debug:ioqueue_select.obj
 0003:00006bb0       $SG58562                   004debb0     pjlib-i386-win32-vc14-debug:ioqueue_select.obj
 0003:00006bf0       $SG58615                   004debf0     pjlib-i386-win32-vc14-debug:ioqueue_select.obj
 0003:00006c68       $SG58616                   004dec68     pjlib-i386-win32-vc14-debug:ioqueue_select.obj
 0003:00006ca8       $SG58624                   004deca8     pjlib-i386-win32-vc14-debug:ioqueue_select.obj
 0003:00006d20       $SG58625                   004ded20     pjlib-i386-win32-vc14-debug:ioqueue_select.obj
 0003:00006d70       $SG58651                   004ded70     pjlib-i386-win32-vc14-debug:ioqueue_select.obj
 0003:00006de8       $SG58676                   004dede8     pjlib-i386-win32-vc14-debug:ioqueue_select.obj
 0003:00006e5c       $SG58677                   004dee5c     pjlib-i386-win32-vc14-debug:ioqueue_select.obj
 0003:00006e90       $SG58738                   004dee90     pjlib-i386-win32-vc14-debug:ioqueue_select.obj
 0003:00006f04       $SG58739                   004def04     pjlib-i386-win32-vc14-debug:ioqueue_select.obj
 0003:00006f38       $SG58756                   004def38     pjlib-i386-win32-vc14-debug:ioqueue_select.obj
 0003:00006fac       $SG58757                   004defac     pjlib-i386-win32-vc14-debug:ioqueue_select.obj
 0003:00006fb8       $SG58759                   004defb8     pjlib-i386-win32-vc14-debug:ioqueue_select.obj
 0003:0000702c       $SG58760                   004df02c     pjlib-i386-win32-vc14-debug:ioqueue_select.obj
 0003:00007044       $SG58781                   004df044     pjlib-i386-win32-vc14-debug:ioqueue_select.obj
 0003:00007050       $SG58835                   004df050     pjlib-i386-win32-vc14-debug:ioqueue_select.obj
 0003:000070c0       $SG58836                   004df0c0     pjlib-i386-win32-vc14-debug:ioqueue_select.obj
 0003:00007160       $SG58840                   004df160     pjlib-i386-win32-vc14-debug:ioqueue_select.obj
 0003:00007168       $SG58844                   004df168     pjlib-i386-win32-vc14-debug:ioqueue_select.obj
 0003:00007188       $SG58845                   004df188     pjlib-i386-win32-vc14-debug:ioqueue_select.obj
 0003:00007190       $SG58862                   004df190     pjlib-i386-win32-vc14-debug:ioqueue_select.obj
 0003:000071fc       $SG58863                   004df1fc     pjlib-i386-win32-vc14-debug:ioqueue_select.obj
 0003:00007210       $SG58900                   004df210     pjlib-i386-win32-vc14-debug:ioqueue_select.obj
 0003:00007280       $SG58901                   004df280     pjlib-i386-win32-vc14-debug:ioqueue_select.obj
 0003:000072e0       $SG58904                   004df2e0     pjlib-i386-win32-vc14-debug:ioqueue_select.obj
 0003:00007338       $SG58905                   004df338     pjlib-i386-win32-vc14-debug:ioqueue_select.obj
 0003:00007340       $SG58907                   004df340     pjlib-i386-win32-vc14-debug:ioqueue_select.obj
 0003:000073b0       $SG58908                   004df3b0     pjlib-i386-win32-vc14-debug:ioqueue_select.obj
 0003:000073f8       $SG58939                   004df3f8     pjlib-i386-win32-vc14-debug:ioqueue_select.obj
 0003:00007468       $SG58961                   004df468     pjlib-i386-win32-vc14-debug:ioqueue_select.obj
 0003:000074d4       $SG58962                   004df4d4     pjlib-i386-win32-vc14-debug:ioqueue_select.obj
 0003:000074e0       $SG58967                   004df4e0     pjlib-i386-win32-vc14-debug:ioqueue_select.obj
 0003:00007550       $SG58968                   004df550     pjlib-i386-win32-vc14-debug:ioqueue_select.obj
 0003:000075a8       $SG58993                   004df5a8     pjlib-i386-win32-vc14-debug:ioqueue_select.obj
 0003:00007618       $SG59013                   004df618     pjlib-i386-win32-vc14-debug:ioqueue_select.obj
 0003:00007688       $SG59025                   004df688     pjlib-i386-win32-vc14-debug:ioqueue_select.obj
 0003:000076f4       $SG59026                   004df6f4     pjlib-i386-win32-vc14-debug:ioqueue_select.obj
 0003:00007718       $SG59072                   004df718     pjlib-i386-win32-vc14-debug:ioqueue_select.obj
 0003:00007784       $SG59073                   004df784     pjlib-i386-win32-vc14-debug:ioqueue_select.obj
 0003:00007794       $SG59094                   004df794     pjlib-i386-win32-vc14-debug:ioqueue_select.obj
 0003:000077a8       $SG59095                   004df7a8     pjlib-i386-win32-vc14-debug:ioqueue_select.obj
 0003:00007c2c       $SG6324                    004dfc2c     pjlib-i386-win32-vc14-debug:types.obj
 0003:00007c68       _mutex_lock_template       004dfc68     pjlib-i386-win32-vc14-debug:lock.obj
 0003:00007c7c       $SG13188                   004dfc7c     pjlib-i386-win32-vc14-debug:lock.obj
 0003:00007c98       $SG13187                   004dfc98     pjlib-i386-win32-vc14-debug:lock.obj
 0003:00007cf0       _null_lock_template        004dfcf0     pjlib-i386-win32-vc14-debug:lock.obj
 0003:00007d08       $SG13227                   004dfd08     pjlib-i386-win32-vc14-debug:lock.obj
 0003:00007d60       $SG13228                   004dfd60     pjlib-i386-win32-vc14-debug:lock.obj
 0003:00007d6c       _sem_lock_template         004dfd6c     pjlib-i386-win32-vc14-debug:lock.obj
 0003:00007d80       $SG13259                   004dfd80     pjlib-i386-win32-vc14-debug:lock.obj
 0003:00007dd8       $SG13260                   004dfdd8     pjlib-i386-win32-vc14-debug:lock.obj
 0003:00007df8       $SG13274                   004dfdf8     pjlib-i386-win32-vc14-debug:lock.obj
 0003:00007e50       $SG13275                   004dfe50     pjlib-i386-win32-vc14-debug:lock.obj
 0003:00007e78       $SG13287                   004dfe78     pjlib-i386-win32-vc14-debug:lock.obj
 0003:00007ed0       $SG13288                   004dfed0     pjlib-i386-win32-vc14-debug:lock.obj
 0003:00007ef8       $SG13300                   004dfef8     pjlib-i386-win32-vc14-debug:lock.obj
 0003:00007f50       $SG13301                   004dff50     pjlib-i386-win32-vc14-debug:lock.obj
 0003:00007f78       $SG13313                   004dff78     pjlib-i386-win32-vc14-debug:lock.obj
 0003:00007fd0       $SG13314                   004dffd0     pjlib-i386-win32-vc14-debug:lock.obj
 0003:00007ff8       $SG13347                   004dfff8     pjlib-i386-win32-vc14-debug:lock.obj
 0003:00008050       $SG13348                   004e0050     pjlib-i386-win32-vc14-debug:lock.obj
 0003:00008098       $SG13358                   004e0098     pjlib-i386-win32-vc14-debug:lock.obj
 0003:000080f0       $SG13359                   004e00f0     pjlib-i386-win32-vc14-debug:lock.obj
 0003:00008138       $SG13360                   004e0138     pjlib-i386-win32-vc14-debug:lock.obj
 0003:00008190       $SG13361                   004e0190     pjlib-i386-win32-vc14-debug:lock.obj
 0003:000081c0       $SG13374                   004e01c0     pjlib-i386-win32-vc14-debug:lock.obj
 0003:00008218       $SG13375                   004e0218     pjlib-i386-win32-vc14-debug:lock.obj
 0003:00008260       $SG13390                   004e0260     pjlib-i386-win32-vc14-debug:lock.obj
 0003:000082b8       $SG13391                   004e02b8     pjlib-i386-win32-vc14-debug:lock.obj
 0003:00008300       $SG13468                   004e0300     pjlib-i386-win32-vc14-debug:lock.obj
 0003:00008358       $SG13469                   004e0358     pjlib-i386-win32-vc14-debug:lock.obj
 0003:00008380       $SG13470                   004e0380     pjlib-i386-win32-vc14-debug:lock.obj
 0003:00008388       $SG13549                   004e0388     pjlib-i386-win32-vc14-debug:lock.obj
 0003:000083e0       $SG13550                   004e03e0     pjlib-i386-win32-vc14-debug:lock.obj
 0003:000083f0       $SG13599                   004e03f0     pjlib-i386-win32-vc14-debug:lock.obj
 0003:0000840c       $SG13600                   004e040c     pjlib-i386-win32-vc14-debug:lock.obj
 0003:0000859c       $SG51702                   004e059c     pjlib-i386-win32-vc14-debug:sock_select.obj
 0003:000085d0       $SG51732                   004e05d0     pjlib-i386-win32-vc14-debug:sock_select.obj
 0003:00008604       $SG51768                   004e0604     pjlib-i386-win32-vc14-debug:sock_select.obj
 0003:00008638       $SG51790                   004e0638     pjlib-i386-win32-vc14-debug:sock_select.obj
 0003:0000866c       $SG51826                   004e066c     pjlib-i386-win32-vc14-debug:sock_select.obj
 0003:00008700       ?__vcrt_flsindex@@3KA      004e0700     libvcruntimed:per_thread_data.obj
 0003:00008800       __ctype_loc_style          004e0800     libucrtd:wsetlocale.obj
 0003:00008804       ?__acrt_current_request_number@@3JA 004e0804     libucrtd:debug_heap.obj
 0003:00008814       ?errno_no_memory@@3HA      004e0814     libucrtd:errno.obj
 0003:00008818       ?doserrno_no_memory@@3KA   004e0818     libucrtd:errno.obj
 0003:0000885c       ?__acrt_flsindex@@3KA      004e085c     libucrtd:per_thread_data.obj
 0003:00008950       ?__acrt_debug_fill_threshold@@3IA 004e0950     libucrtd:debug_fill_threshold.obj
 0003:00008bf0       __mbctypes                 004e0bf0     libucrtd:mbctype.obj
 0003:00008d28       __mbcasemaps               004e0d28     libucrtd:mbctype.obj
 0003:00008e5c       ?__rgctypeflag@@3PADA      004e0e5c     libucrtd:mbctype.obj
 0003:00008e60       ?__rgcode_page_info@@3PAUcode_page_info@@A 004e0e60     libucrtd:mbctype.obj
 0003:00008ff8       ?__DAZ_ENABLED@?1??__set_fpsr_sse2@@9@9 004e0ff8     libucrtd:fpctrl.obj
 0003:00009030       ?__dcrt_lowio_console_output_handle@@3PAXA 004e1030     libucrtd:initcon.obj
 0003:000093cc       ___getopt_initialized      004e13cc     pjlib-util-i386-win32-vc14-debug:getopt.obj
 0003:000093d0       _nextchar                  004e13d0     pjlib-util-i386-win32-vc14-debug:getopt.obj
 0003:000093d4       _ordering                  004e13d4     pjlib-util-i386-win32-vc14-debug:getopt.obj
 0003:000093d8       _posixly_correct           004e13d8     pjlib-util-i386-win32-vc14-debug:getopt.obj
 0003:000093dc       _first_nonopt              004e13dc     pjlib-util-i386-win32-vc14-debug:getopt.obj
 0003:000093e0       _last_nonopt               004e13e0     pjlib-util-i386-win32-vc14-debug:getopt.obj
 0003:000093e4       $SG12317                   004e13e4     pjlib-util-i386-win32-vc14-debug:getopt.obj
 0003:000093ec       _g_last_thread             004e13ec     pjlib-i386-win32-vc14-debug:log.obj
 0003:000093f0       _initialized               004e13f0     pjlib-i386-win32-vc14-debug:os_core_win32.obj
 0003:000093f4       _atexit_count              004e13f4     pjlib-i386-win32-vc14-debug:os_core_win32.obj
 0003:000093f8       _main_thread               004e13f8     pjlib-i386-win32-vc14-debug:os_core_win32.obj
 0003:000094f8       _critical_section_mutex    004e14f8     pjlib-i386-win32-vc14-debug:os_core_win32.obj
 0003:00009538       _atexit_func               004e1538     pjlib-i386-win32-vc14-debug:os_core_win32.obj
 0003:000095b8       $SG57110                   004e15b8     pjlib-i386-win32-vc14-debug:os_core_win32.obj
 0003:00009618       _base_time                 004e1618     pjlib-i386-win32-vc14-debug:os_time_win32.obj
 0003:00009628       _err_msg_hnd_cnt           004e1628     pjlib-i386-win32-vc14-debug:errno.obj
 0003:00009630       _err_msg_hnd               004e1630     pjlib-i386-win32-vc14-debug:errno.obj
 0003:000096c8       _exception_id_names        004e16c8     pjlib-i386-win32-vc14-debug:except.obj
 0003:00009708       ?unknown_name@?1??pj_exception_id_name@@9@9 004e1708     pjlib-i386-win32-vc14-debug:except.obj
 0003:00009740       ?buf@?1??pj_gethostname@@9@9 004e1740     pjlib-i386-win32-vc14-debug:sock_bsd.obj
 0003:000097c0       ?hostname@?1??pj_gethostname@@9@9 004e17c0     pjlib-i386-win32-vc14-debug:sock_bsd.obj
 0003:000097e8       _GS_ExceptionRecord        004e17e8     LIBCMTD:gs_report.obj
 0003:00009838       _GS_ContextRecord          004e1838     LIBCMTD:gs_report.obj
 0003:00009bac       ?is_initialized_as_dll@@3_NA 004e1bac     LIBCMTD:utility.obj
 0003:00009bad       ?module_local_atexit_table_initialized@@3_NA 004e1bad     LIBCMTD:utility.obj
 0003:00009bb0       ?module_local_atexit_table@@3U_onexit_table_t@@A 004e1bb0     LIBCMTD:utility.obj
 0003:00009bbc       ?module_local_at_quick_exit_table@@3U_onexit_table_t@@A 004e1bbc     LIBCMTD:utility.obj
 0003:00009c0c       ?__vcrt_startup_thread_ptd@@3U__vcrt_ptd@@A 004e1c0c     libvcruntimed:per_thread_data.obj
 0003:00009c3c       ___vcrt_lock_table         004e1c3c     libvcruntimed:locks.obj
 0003:00009c54       ___vcrt_locks_initialized  004e1c54     libvcruntimed:locks.obj
 0003:00009c60       ?module_handles@@3PAPAUHINSTANCE__@@A 004e1c60     libvcruntimed:winapi_downlevel.obj
 0003:00009c6c       ?encoded_function_pointers@@3PAPAXA 004e1c6c     libvcruntimed:winapi_downlevel.obj
 0003:00009cb4       ?heap@@3V_HeapManager@@A   004e1cb4     libvcruntimed:undname.obj
 0003:00009cd8       ?buf@?1??dbGetString@DName@@QBEPADXZ@4PADA 004e1cd8     libvcruntimed:undname.obj
 0003:00009d4c       ?__acrt_app_type@@3W4_crt_app_type@@A 004e1d4c     libucrtd:report_runtime_error.obj
 0003:00009d50       ?outmsg@?9??__acrt_report_runtime_error@@9@4PA_WA 004e1d50     libucrtd:report_runtime_error.obj
 0003:0000a4b4       ?user_matherr@@3V?$dual_state_global@P6AHPAU_exception@@@Z@__crt_state_management@@A 004e24b4     libucrtd:matherr.obj
 0003:0000a4b8       ?program_name@?1???$common_configure_argv@D@@YAHW4_crt_argv_mode@@@Z@4PADA 004e24b8     libucrtd:argv_parsing.obj
 0003:0000a5f8       ?program_name@?1???$common_configure_argv@_W@@YAHW4_crt_argv_mode@@@Z@4PA_WA 004e25f8     libucrtd:argv_parsing.obj
 0003:0000a880       ?c_termination_complete@@3JA 004e2880     libucrtd:exit.obj
 0003:0000a884       ?thread_local_exit_callback_func@@3P6GXPAXK0@ZA 004e2884     libucrtd:exit.obj
 0003:0000a8ac       ?__acrt_global_new_mode@@3V?$dual_state_global@J@__crt_state_management@@A 004e28ac     libucrtd:new_mode.obj
 0003:0000a8d4       ?__acrt_first_block@@3PAU_CrtMemBlockHeader@@A 004e28d4     libucrtd:debug_heap.obj
 0003:0000a8d8       ?__acrt_last_block@@3PAU_CrtMemBlockHeader@@A 004e28d8     libucrtd:debug_heap.obj
 0003:0000a8dc       ?__acrt_total_allocations@@3IA 004e28dc     libucrtd:debug_heap.obj
 0003:0000a8e0       ?__acrt_current_allocations@@3IA 004e28e0     libucrtd:debug_heap.obj
 0003:0000a8e4       ?__acrt_max_allocations@@3IA 004e28e4     libucrtd:debug_heap.obj
 0003:0000a8e8       ?__acrt_check_frequency@@3IA 004e28e8     libucrtd:debug_heap.obj
 0003:0000a8ec       ?__acrt_check_counter@@3IA 004e28ec     libucrtd:debug_heap.obj
 0003:0000a8f4       ?heap_validation_pending@@3_NA 004e28f4     libucrtd:debug_heap.obj
 0003:0000a8f8       ?__acrt_invalid_parameter_handler@@3V?$dual_state_global@P6AXPB_W00II@Z@__crt_state_management@@A 004e28f8     libucrtd:invalid_parameter.obj
 0003:0000ab78       ___acrt_error_mode         004e2b78     libucrtd:set_error_mode.obj
 0003:0000ab7c       ?console_ctrl_handler_installed@@3_NA 004e2b7c     libucrtd:signal.obj
 0003:0000ab80       ?ctrlc_action@@3V?$dual_state_global@P6AXH@Z@__crt_state_management@@A 004e2b80     libucrtd:signal.obj
 0003:0000ab84       ?ctrlbreak_action@@3V?$dual_state_global@P6AXH@Z@__crt_state_management@@A 004e2b84     libucrtd:signal.obj
 0003:0000ab88       ?abort_action@@3V?$dual_state_global@P6AXH@Z@__crt_state_management@@A 004e2b88     libucrtd:signal.obj
 0003:0000ab8c       ?term_action@@3V?$dual_state_global@P6AXH@Z@__crt_state_management@@A 004e2b8c     libucrtd:signal.obj
 0003:0000ab94       ?internal_state@?1??_mbtowc_l@@9@4U_Mbstatet@@A 004e2b94     libucrtd:mbtowc.obj
 0003:0000aba0       ?enable_percent_n@@3IA     004e2ba0     libucrtd:printf_count_output.obj
 0003:0000aba8       ?module_handles@@3PAPAUHINSTANCE__@@A 004e2ba8     libucrtd:winapi_thunks.obj
 0003:0000abf8       ?encoded_function_pointers@@3PAPAXA 004e2bf8     libucrtd:winapi_thunks.obj
 0003:0000acac       ?static_enum_proc@?1??enum_system_locales_ex_nolock@@YAHQ6GHPA_WKJ@Z@Z@4P6GH0KJ@ZA 004e2cac     libucrtd:winapi_thunks.obj
 0003:0000acbc       ?fSystemSet@@3HA           004e2cbc     libucrtd:mbctype.obj
 0003:0000acc3       ?initialized@?1??__acrt_initialize_multibyte@@9@4_NA 004e2cc3     libucrtd:mbctype.obj
 0003:0000acc8       ?__acrt_lock_table@@3PAU_RTL_CRITICAL_SECTION@@A 004e2cc8     libucrtd:locks.obj
 0003:0000ae18       ?__acrt_locks_initialized@@3IA 004e2e18     libucrtd:locks.obj
 0003:0000ae60       ?state_cache@?1???$get_cached_win_policy@Ubegin_thread_init_policy_properties@?1??__acrt_get_begin_thread_init_policy@@YA?AW4begin_thread_init_policy@@XZ@@@YA?AW4begin_thread_init_policy@@W4AppPolicyThreadInitializationType@@@Z@4JA 004e2e60     libucrtd:win_policies.obj
 0003:0000ae64       ?state_cache@?1???$get_cached_win_policy@Udeveloper_information_policy_properties@?1??__acrt_get_developer_information_policy@@YA?AW4developer_information_policy@@XZ@@@YA?AW4developer_information_policy@@W4AppPolicyShowDeveloperDiagnostic@@@Z@4JA 004e2e64     libucrtd:win_policies.obj
 0003:0000ae68       ?state_cache@?1???$get_cached_win_policy@Uwindowing_model_policy_properties@?1??__acrt_get_windowing_model_policy@@YA?AW4windowing_model_policy@@XZ@@@YA?AW4windowing_model_policy@@W4AppPolicyWindowingModel@@@Z@4JA 004e2e68     libucrtd:win_policies.obj
 0003:0000ae7c       ?__acrt_new_handler@@3V?$dual_state_global@P6AHI@Z@__crt_state_management@@A 004e2e7c     libucrtd:new_handler.obj
 0003:0000ae90       ?mbst@?1??mbrlen@@9@4U_Mbstatet@@A 004e2e90     libucrtd:mbrtowc.obj
 0003:0000ae9c       ?mbst@?1??mbrtowc@@9@4U_Mbstatet@@A 004e2e9c     libucrtd:mbrtowc.obj
 0003:0000aea8       ?mbst@?1??_mbsrtowcs_helper@@YAIPA_WPAPBDIPAU_Mbstatet@@@Z@4U2@A 004e2ea8     libucrtd:mbrtowc.obj
 0003:0000aeb8       ?internal_pst@?1??__mbrtoc32_utf8@__crt_mbstring@@YAIPA_UPBDIPAU_Mbstatet@@@Z@4U3@A 004e2eb8     libucrtd:mbrtoc32.obj
 0003:0000aec4       __pmatherr_set             004e2ec4     libucrtd:libm_error.obj
 0003:0000aec8       ?internal_pst@?1??__c16rtomb_utf8@__crt_mbstring@@YAIPAD_SPAU_Mbstatet@@@Z@4U3@A 004e2ec8     libucrtd:c16rtomb.obj
 0004:00000668       .idata$6                   004e3668     ole32:ole32.dll
 0004:000006b8       .idata$6                   004e36b8     ws2_32:WS2_32.dll
 0004:00000a60       .idata$6                   004e3a60     kernel32:KERNEL32.dll
